Warmed cache: train T=30
Warmed cache: test T=30
Warmed cache: train T=50
Warmed cache: test T=50
Warmed cache: train T=100
Warmed cache: test T=100
Warmed cache: train T=200
Warmed cache: test T=200
All caches warmed.

Config 1/60: sf=8(512ch) mode=mean C=0.0005 inp=0.0549 dens=0.0462 dt=0.144 g=0.0339+/-0.0299 e=0.0381+/-0.0258 rho=1.131 th_lif=0.1022 th_rf=0.0014
  -> Test: 66.67+/-0.83%  Train: 80.71%  Gap: 14.0%  r_hrf=0.4917 r_lif=0.7841

Config 2/60: sf=4(2048ch) mode=final C=0.1 inp=0.0170 dens=0.0819 dt=0.317 g=0.0038+/-0.1319 e=0.0557+/-0.0609 rho=1.235 th_lif=0.7867 th_rf=0.0043
  -> Test: 61.44+/-1.61%  Train: 100.00%  Gap: 38.6%  r_hrf=0.4951 r_lif=0.3502

Config 3/60: sf=4(2048ch) mode=mean C=0.01 inp=0.1200 dens=0.0814 dt=0.109 g=0.0034+/-0.1246 e=0.0041+/-0.0736 rho=1.086 th_lif=0.1124 th_rf=0.0141
  -> Test: 23.41+/-1.41%  Train: 33.83%  Gap: 10.4%  r_hrf=0.5064 r_lif=0.9976

Config 4/60: sf=8(512ch) mode=mean C=0.01 inp=0.0401 dens=0.0454 dt=0.396 g=0.0086+/-0.1154 e=0.0159+/-0.0052 rho=1.577 th_lif=0.7853 th_rf=0.0041 [osc=7.35 outside [1,6]!]
  -> Test: 62.12+/-2.52%  Train: 100.00%  Gap: 37.9%  r_hrf=0.4982 r_lif=0.4234

Config 5/60: sf=4(2048ch) mode=mean C=0.03 inp=0.0231 dens=0.0174 dt=0.103 g=0.0068+/-0.0729 e=0.0164+/-0.0432 rho=1.077 th_lif=0.4394 th_rf=0.0195
  -> Test: 69.47+/-2.37%  Train: 100.00%  Gap: 30.5%  r_hrf=0.4809 r_lif=0.1431

Config 6/60: sf=8(512ch) mode=final C=0.0005 inp=0.0287 dens=0.0586 dt=0.292 g=0.0123+/-0.0718 e=0.0039+/-0.0792 rho=1.378 th_lif=0.2417 th_rf=0.0245 [osc=6.49 outside [1,6]!]
  -> Test: 57.42+/-1.01%  Train: 89.27%  Gap: 31.8%  r_hrf=0.5037 r_lif=0.5840

Config 7/60: sf=4(2048ch) mode=final C=0.01 inp=0.1135 dens=0.0868 dt=0.122 g=0.0485+/-0.1352 e=0.0227+/-0.0651 rho=1.105 th_lif=0.2085 th_rf=0.0178
  -> Test: 33.48+/-1.03%  Train: 49.40%  Gap: 15.9%  r_hrf=0.4991 r_lif=0.9925

Config 8/60: sf=8(512ch) mode=final C=0.1 inp=0.1279 dens=0.0239 dt=0.149 g=0.0134+/-0.1238 e=0.1061+/-0.0348 rho=1.066 th_lif=0.1177 th_rf=0.0288
  -> Test: 72.73+/-1.59%  Train: 100.00%  Gap: 27.3%  r_hrf=0.4963 r_lif=0.8896

Config 9/60: sf=4(2048ch) mode=final C=0.01 inp=0.0172 dens=0.0823 dt=0.317 g=0.0622+/-0.0660 e=0.0081+/-0.0406 rho=1.083 th_lif=0.3274 th_rf=0.0074 [osc=15.80 outside [1,6]!]
  -> Test: 51.14+/-2.10%  Train: 100.00%  Gap: 48.9%  r_hrf=0.5014 r_lif=0.6399

Config 10/60: sf=8(512ch) mode=mean C=0.0005 inp=0.0620 dens=0.0891 dt=0.341 g=0.0417+/-0.0697 e=0.0066+/-0.0169 rho=1.182 th_lif=0.7954 th_rf=0.0039 [osc=13.92 outside [1,6]!]
  -> Test: 68.41+/-1.67%  Train: 78.25%  Gap: 9.8%  r_hrf=0.4991 r_lif=0.6512

Config 11/60: sf=4(2048ch) mode=final C=0.01 inp=0.1568 dens=0.0204 dt=0.305 g=0.0473+/-0.0602 e=0.0390+/-0.0106 rho=1.161 th_lif=0.1950 th_rf=0.0178 [osc=13.25 outside [1,6]!]
  -> Test: 49.62+/-2.96%  Train: 80.48%  Gap: 30.9%  r_hrf=0.4960 r_lif=0.9824

Config 12/60: sf=4(2048ch) mode=final C=0.1 inp=0.0212 dens=0.0935 dt=0.178 g=0.0223+/-0.1289 e=0.0282+/-0.0047 rho=1.326 th_lif=0.2380 th_rf=0.0073
  -> Test: 60.61+/-3.28%  Train: 100.00%  Gap: 39.4%  r_hrf=0.4992 r_lif=0.6457

Config 13/60: sf=8(512ch) mode=final C=0.0005 inp=0.0107 dens=0.0116 dt=0.118 g=0.0215+/-0.0175 e=0.0102+/-0.0465 rho=1.047 th_lif=0.0653 th_rf=0.0382
  -> Test: 38.94+/-4.42%  Train: 86.41%  Gap: 47.5%  r_hrf=0.4971 r_lif=0.3997

Config 14/60: sf=4(2048ch) mode=mean C=0.003 inp=0.0321 dens=0.0308 dt=0.276 g=0.0217+/-0.0451 e=0.0061+/-0.0051 rho=1.532 th_lif=0.5419 th_rf=0.0296 [osc=8.14 outside [1,6]!]
  -> Test: 67.73+/-1.83%  Train: 99.20%  Gap: 31.5%  r_hrf=0.4962 r_lif=0.4805

Config 15/60: sf=4(2048ch) mode=final C=0.1 inp=0.0883 dens=0.0958 dt=0.178 g=0.0050+/-0.0265 e=0.0076+/-0.0284 rho=1.334 th_lif=0.1483 th_rf=0.0343
  -> Test: 39.55+/-2.67%  Train: 57.08%  Gap: 17.5%  r_hrf=0.5034 r_lif=0.9916

Config 16/60: sf=4(2048ch) mode=final C=0.001 inp=0.0447 dens=0.0149 dt=0.338 g=0.0072+/-0.1469 e=0.0071+/-0.0158 rho=0.965 th_lif=0.6021 th_rf=0.0059
  -> Test: 69.92+/-0.62%  Train: 96.84%  Gap: 26.9%  r_hrf=0.5075 r_lif=0.4959

Config 17/60: sf=8(512ch) mode=final C=0.03 inp=0.1161 dens=0.0259 dt=0.204 g=0.0034+/-0.0919 e=0.0295+/-0.0557 rho=1.365 th_lif=0.2836 th_rf=0.0023
  -> Test: 72.88+/-1.83%  Train: 100.00%  Gap: 27.1%  r_hrf=0.4974 r_lif=0.7708

Config 18/60: sf=4(2048ch) mode=mean C=0.001 inp=0.0800 dens=0.0153 dt=0.254 g=0.0689+/-0.0375 e=0.0426+/-0.0380 rho=1.073 th_lif=0.2978 th_rf=0.0036 [osc=13.36 outside [1,6]!]
  -> Test: 65.91+/-0.68%  Train: 84.62%  Gap: 18.7%  r_hrf=0.4988 r_lif=0.8197

Config 19/60: sf=4(2048ch) mode=mean C=0.1 inp=0.0208 dens=0.0242 dt=0.183 g=0.0039+/-0.1296 e=0.0113+/-0.0622 rho=1.312 th_lif=0.0802 th_rf=0.0019
  -> Test: 57.35+/-1.83%  Train: 100.00%  Gap: 42.7%  r_hrf=0.4969 r_lif=0.6381

Config 20/60: sf=4(2048ch) mode=final C=0.003 inp=0.1162 dens=0.0161 dt=0.218 g=0.0051+/-0.1286 e=0.0038+/-0.0172 rho=1.245 th_lif=0.5874 th_rf=0.0018
  -> Test: 70.00+/-1.36%  Train: 98.31%  Gap: 28.3%  r_hrf=0.5003 r_lif=0.7300

Config 21/60: sf=8(512ch) mode=final C=0.03 inp=0.1562 dens=0.0371 dt=0.186 g=0.0059+/-0.0650 e=0.0058+/-0.0043 rho=0.975 th_lif=0.2260 th_rf=0.0272
  -> Test: 70.98+/-1.79%  Train: 99.26%  Gap: 28.3%  r_hrf=0.4953 r_lif=0.9472

Config 22/60: sf=4(2048ch) mode=final C=0.003 inp=0.0184 dens=0.0138 dt=0.232 g=0.0034+/-0.1284 e=0.0408+/-0.0381 rho=1.282 th_lif=0.2248 th_rf=0.0169
  -> Test: 57.58+/-1.64%  Train: 99.98%  Gap: 42.4%  r_hrf=0.4989 r_lif=0.4424

Config 23/60: sf=8(512ch) mode=final C=0.003 inp=0.0618 dens=0.0681 dt=0.283 g=0.0398+/-0.0221 e=0.0211+/-0.0795 rho=1.384 th_lif=0.0593 th_rf=0.0192 [osc=11.30 outside [1,6]!]
  -> Test: 58.71+/-0.72%  Train: 97.20%  Gap: 38.5%  r_hrf=0.4995 r_lif=0.9053

Config 24/60: sf=8(512ch) mode=final C=0.1 inp=0.0373 dens=0.0158 dt=0.314 g=0.0032+/-0.0130 e=0.0098+/-0.0428 rho=1.137 th_lif=1.0593 th_rf=0.0174
  -> Test: 63.26+/-1.20%  Train: 100.00%  Gap: 36.7%  r_hrf=0.5010 r_lif=0.1636

Config 25/60: sf=4(2048ch) mode=final C=0.0005 inp=0.0226 dens=0.0147 dt=0.109 g=0.0731+/-0.0573 e=0.0178+/-0.0538 rho=1.290 th_lif=0.1108 th_rf=0.0029
  -> Test: 55.08+/-1.75%  Train: 90.86%  Gap: 35.8%  r_hrf=0.4909 r_lif=0.4734

Config 26/60: sf=8(512ch) mode=final C=0.003 inp=0.0148 dens=0.0183 dt=0.102 g=0.0452+/-0.0654 e=0.0132+/-0.0759 rho=1.029 th_lif=0.0795 th_rf=0.0069
  -> Test: 48.33+/-1.49%  Train: 99.89%  Gap: 51.6%  r_hrf=0.4914 r_lif=0.3820

Config 27/60: sf=8(512ch) mode=mean C=0.0005 inp=0.1411 dens=0.0358 dt=0.400 g=0.0316+/-0.1366 e=0.0466+/-0.0365 rho=1.578 th_lif=0.4002 th_rf=0.0366 [osc=14.21 outside [1,6]!]
  -> Test: 68.86+/-1.32%  Train: 79.98%  Gap: 11.1%  r_hrf=0.5004 r_lif=0.8972

Config 28/60: sf=4(2048ch) mode=final C=0.001 inp=0.0308 dens=0.0653 dt=0.142 g=0.0548+/-0.0313 e=0.0750+/-0.0393 rho=1.564 th_lif=0.0558 th_rf=0.0011 [osc=6.63 outside [1,6]!]
  -> Test: 56.67+/-1.41%  Train: 89.94%  Gap: 33.3%  r_hrf=0.4979 r_lif=0.8365

Config 29/60: sf=8(512ch) mode=mean C=0.01 inp=0.0284 dens=0.0100 dt=0.121 g=0.0093+/-0.1057 e=0.0068+/-0.0117 rho=1.344 th_lif=0.7189 th_rf=0.0375
  -> Test: 65.38+/-3.41%  Train: 100.00%  Gap: 34.6%  r_hrf=0.4740 r_lif=0.0805

Config 30/60: sf=8(512ch) mode=mean C=0.01 inp=0.0108 dens=0.0187 dt=0.371 g=0.0031+/-0.0883 e=0.0046+/-0.0666 rho=0.919 th_lif=0.5639 th_rf=0.0139
  -> Test: 49.92+/-2.05%  Train: 100.00%  Gap: 50.1%  r_hrf=0.4953 r_lif=0.1986

Config 31/60: sf=8(512ch) mode=final C=0.003 inp=0.1488 dens=0.0150 dt=0.130 g=0.0062+/-0.0085 e=0.0936+/-0.0213 rho=1.339 th_lif=0.3281 th_rf=0.0122
  -> Test: 73.41+/-1.34%  Train: 97.57%  Gap: 24.2%  r_hrf=0.4957 r_lif=0.5810

Config 32/60: sf=8(512ch) mode=mean C=0.03 inp=0.0278 dens=0.0620 dt=0.159 g=0.0054+/-0.0265 e=0.0051+/-0.0155 rho=1.314 th_lif=0.0761 th_rf=0.0079
  -> Test: 57.80+/-2.10%  Train: 100.00%  Gap: 42.2%  r_hrf=0.5039 r_lif=0.6605

Config 33/60: sf=4(2048ch) mode=final C=0.003 inp=0.0126 dens=0.0178 dt=0.121 g=0.0329+/-0.1340 e=0.0083+/-0.0756 rho=1.234 th_lif=0.6739 th_rf=0.0026
  -> Test: 60.08+/-1.45%  Train: 100.00%  Gap: 39.9%  r_hrf=0.4610 r_lif=0.0822

Config 34/60: sf=4(2048ch) mode=final C=0.01 inp=0.1176 dens=0.0835 dt=0.147 g=0.0183+/-0.0883 e=0.0536+/-0.0190 rho=1.308 th_lif=0.5885 th_rf=0.0361
  -> Test: 57.65+/-1.34%  Train: 81.41%  Gap: 23.8%  r_hrf=0.4953 r_lif=0.9216

Config 35/60: sf=8(512ch) mode=mean C=0.03 inp=0.1365 dens=0.0219 dt=0.122 g=0.0681+/-0.1030 e=0.0130+/-0.0071 rho=1.083 th_lif=0.0824 th_rf=0.0022 [osc=6.36 outside [1,6]!]
  -> Test: 68.56+/-2.02%  Train: 99.96%  Gap: 31.4%  r_hrf=0.4929 r_lif=0.8993

Config 36/60: sf=8(512ch) mode=final C=0.003 inp=0.0502 dens=0.0306 dt=0.230 g=0.0097+/-0.0437 e=0.0044+/-0.0085 rho=1.433 th_lif=0.7000 th_rf=0.0196
  -> Test: 64.92+/-0.98%  Train: 99.98%  Gap: 35.1%  r_hrf=0.4958 r_lif=0.2930

Config 37/60: sf=8(512ch) mode=mean C=0.1 inp=0.1833 dens=0.0315 dt=0.341 g=0.0286+/-0.1287 e=0.0694+/-0.0786 rho=1.447 th_lif=0.0751 th_rf=0.0097 [osc=11.54 outside [1,6]!]
  -> Test: 64.24+/-0.88%  Train: 99.33%  Gap: 35.1%  r_hrf=0.4985 r_lif=0.9681

Config 38/60: sf=4(2048ch) mode=mean C=0.0005 inp=0.0592 dens=0.0316 dt=0.200 g=0.0251+/-0.1150 e=0.0037+/-0.0167 rho=1.229 th_lif=1.4773 th_rf=0.0051 [osc=6.34 outside [1,6]!]
  -> Test: 69.02+/-0.28%  Train: 80.54%  Gap: 11.5%  r_hrf=0.4892 r_lif=0.2363

Config 39/60: sf=4(2048ch) mode=mean C=0.001 inp=0.1720 dens=0.0199 dt=0.321 g=0.0731+/-0.0727 e=0.0108+/-0.0671 rho=1.519 th_lif=0.4589 th_rf=0.0225 [osc=17.37 outside [1,6]!]
  -> Test: 59.09+/-2.96%  Train: 75.60%  Gap: 16.5%  r_hrf=0.5005 r_lif=0.9530

Config 40/60: sf=8(512ch) mode=final C=0.01 inp=0.0549 dens=0.0804 dt=0.209 g=0.0091+/-0.1317 e=0.0051+/-0.0083 rho=1.121 th_lif=0.1320 th_rf=0.0322
  -> Test: 67.42+/-1.40%  Train: 99.28%  Gap: 31.9%  r_hrf=0.5050 r_lif=0.8785

Config 41/60: sf=4(2048ch) mode=mean C=0.003 inp=0.0302 dens=0.0644 dt=0.248 g=0.0082+/-0.0236 e=0.0452+/-0.0588 rho=1.293 th_lif=0.0840 th_rf=0.0203
  -> Test: 64.02+/-1.87%  Train: 92.29%  Gap: 28.3%  r_hrf=0.4986 r_lif=0.8643

Config 42/60: sf=8(512ch) mode=final C=0.001 inp=0.0976 dens=0.0179 dt=0.117 g=0.0212+/-0.1471 e=0.0160+/-0.0647 rho=1.530 th_lif=0.4304 th_rf=0.0091
  -> Test: 72.50+/-1.14%  Train: 96.14%  Gap: 23.6%  r_hrf=0.4876 r_lif=0.3400

Config 43/60: sf=4(2048ch) mode=final C=0.01 inp=0.0221 dens=0.0348 dt=0.102 g=0.0043+/-0.0318 e=0.0982+/-0.0370 rho=1.166 th_lif=0.1654 th_rf=0.0101
  -> Test: 66.52+/-2.49%  Train: 100.00%  Gap: 33.5%  r_hrf=0.4931 r_lif=0.4425

Config 44/60: sf=4(2048ch) mode=mean C=0.003 inp=0.0184 dens=0.0760 dt=0.182 g=0.0072+/-0.0908 e=0.0353+/-0.0683 rho=1.418 th_lif=0.8896 th_rf=0.0397
  -> Test: 64.32+/-2.13%  Train: 98.35%  Gap: 34.0%  r_hrf=0.4858 r_lif=0.1894

Config 45/60: sf=4(2048ch) mode=mean C=0.003 inp=0.1230 dens=0.0276 dt=0.244 g=0.0055+/-0.0245 e=0.0330+/-0.0118 rho=1.278 th_lif=0.9125 th_rf=0.0114
  -> Test: 69.47+/-0.92%  Train: 91.81%  Gap: 22.3%  r_hrf=0.5022 r_lif=0.7545

Config 46/60: sf=4(2048ch) mode=mean C=0.0005 inp=0.0844 dens=0.0111 dt=0.159 g=0.0040+/-0.1453 e=0.0687+/-0.0731 rho=1.020 th_lif=0.3251 th_rf=0.0060
  -> Test: 67.50+/-0.81%  Train: 81.86%  Gap: 14.4%  r_hrf=0.4998 r_lif=0.6293

Config 47/60: sf=8(512ch) mode=mean C=0.001 inp=0.0606 dens=0.0629 dt=0.154 g=0.0061+/-0.0214 e=0.0122+/-0.0253 rho=1.493 th_lif=0.1934 th_rf=0.0083
  -> Test: 66.89+/-1.45%  Train: 87.86%  Gap: 21.0%  r_hrf=0.4903 r_lif=0.7295

Config 48/60: sf=8(512ch) mode=final C=0.0005 inp=0.0142 dens=0.0252 dt=0.158 g=0.0132+/-0.0579 e=0.0059+/-0.0347 rho=1.418 th_lif=0.1726 th_rf=0.0069
  -> Test: 41.36+/-3.39%  Train: 89.08%  Gap: 47.7%  r_hrf=0.4981 r_lif=0.3626

Config 49/60: sf=4(2048ch) mode=final C=0.1 inp=0.0141 dens=0.0958 dt=0.178 g=0.0039+/-0.1265 e=0.0143+/-0.0399 rho=1.127 th_lif=0.5004 th_rf=0.0306
  -> Test: 59.39+/-1.92%  Train: 100.00%  Gap: 40.6%  r_hrf=0.4974 r_lif=0.2821

Config 50/60: sf=4(2048ch) mode=final C=0.01 inp=0.0789 dens=0.0107 dt=0.122 g=0.0192+/-0.0642 e=0.0083+/-0.0436 rho=1.455 th_lif=0.3812 th_rf=0.0078
  -> Test: 72.12+/-1.41%  Train: 100.00%  Gap: 27.9%  r_hrf=0.4879 r_lif=0.4363

Config 51/60: sf=8(512ch) mode=mean C=0.0005 inp=0.0190 dens=0.0726 dt=0.364 g=0.0198+/-0.0677 e=0.0182+/-0.0739 rho=1.342 th_lif=0.1507 th_rf=0.0204 [osc=10.27 outside [1,6]!]
  -> Test: 55.53+/-1.65%  Train: 84.57%  Gap: 29.0%  r_hrf=0.4999 r_lif=0.6092

Config 52/60: sf=8(512ch) mode=mean C=0.03 inp=0.0321 dens=0.0561 dt=0.343 g=0.0477+/-0.0452 e=0.0532+/-0.0768 rho=1.067 th_lif=0.1162 th_rf=0.0031 [osc=14.99 outside [1,6]!]
  -> Test: 64.39+/-2.18%  Train: 100.00%  Gap: 35.6%  r_hrf=0.4993 r_lif=0.7516

Config 53/60: sf=8(512ch) mode=mean C=0.0005 inp=0.0112 dens=0.0586 dt=0.133 g=0.0093+/-0.0741 e=0.0952+/-0.0041 rho=1.530 th_lif=0.2126 th_rf=0.0169
  -> Test: 42.42+/-3.59%  Train: 79.50%  Gap: 37.1%  r_hrf=0.4872 r_lif=0.3101

Config 54/60: sf=4(2048ch) mode=mean C=0.003 inp=0.0416 dens=0.0757 dt=0.302 g=0.0510+/-0.0436 e=0.0117+/-0.0411 rho=1.266 th_lif=1.4990 th_rf=0.0011 [osc=13.65 outside [1,6]!]
  -> Test: 74.24+/-0.63%  Train: 94.21%  Gap: 20.0%  r_hrf=0.4962 r_lif=0.3773

Config 55/60: sf=4(2048ch) mode=final C=0.0005 inp=0.0415 dens=0.0339 dt=0.117 g=0.0184+/-0.1017 e=0.0724+/-0.0565 rho=1.455 th_lif=0.4891 th_rf=0.0124
  -> Test: 66.59+/-2.46%  Train: 84.55%  Gap: 18.0%  r_hrf=0.4895 r_lif=0.3196

Config 56/60: sf=8(512ch) mode=mean C=0.003 inp=0.0282 dens=0.0965 dt=0.384 g=0.0374+/-0.0889 e=0.0139+/-0.0719 rho=1.303 th_lif=0.1577 th_rf=0.0033 [osc=14.86 outside [1,6]!]
  -> Test: 64.47+/-2.36%  Train: 98.64%  Gap: 34.2%  r_hrf=0.4999 r_lif=0.7435

Config 57/60: sf=8(512ch) mode=mean C=0.003 inp=0.0267 dens=0.0306 dt=0.291 g=0.0326+/-0.0718 e=0.0394+/-0.0327 rho=1.549 th_lif=0.0985 th_rf=0.0016 [osc=10.51 outside [1,6]!]
  -> Test: 54.92+/-3.56%  Train: 99.83%  Gap: 44.9%  r_hrf=0.5020 r_lif=0.5941

Config 58/60: sf=4(2048ch) mode=mean C=0.001 inp=0.0164 dens=0.0105 dt=0.206 g=0.0186+/-0.0445 e=0.0350+/-0.0533 rho=1.199 th_lif=0.3809 th_rf=0.0023
  -> Test: 58.56+/-1.93%  Train: 94.04%  Gap: 35.5%  r_hrf=0.4921 r_lif=0.2558

Config 59/60: sf=8(512ch) mode=mean C=0.003 inp=0.0184 dens=0.0605 dt=0.259 g=0.0090+/-0.0412 e=0.0095+/-0.0453 rho=0.942 th_lif=0.0795 th_rf=0.0234
  -> Test: 57.27+/-2.61%  Train: 99.39%  Gap: 42.1%  r_hrf=0.5026 r_lif=0.6571

Config 60/60: sf=8(512ch) mode=mean C=0.03 inp=0.0951 dens=0.0715 dt=0.267 g=0.0212+/-0.1130 e=0.0188+/-0.0014 rho=1.094 th_lif=0.0933 th_rf=0.0026 [osc=7.78 outside [1,6]!]
  -> Test: 62.65+/-1.55%  Train: 90.62%  Gap: 28.0%  r_hrf=0.5063 r_lif=0.9779

======================================================================
Completed: 60/60 configs
Failed:    0/60 configs
======================================================================

TOP 10 CONFIGURATIONS (n_hid=3000, T=200):
Rank  Test%          Train%     Gap     sf   mode    C        inp      dens    dt     gamma    g_rng   eps     e_rng   rho    th_lif   th_rf    r_hrf   r_lif
-----------------------------------------------------------------------------------------------------------------------------------------------------------
1     74.24+/-0.63  94.2%    20.0%  4    mean    0.003    0.0416  0.0757 0.302 0.0510  0.0436 0.0117 0.0411 1.266 1.4990  0.0011  0.4962 0.3773
2     73.41+/-1.34  97.6%    24.2%  8    final   0.003    0.1488  0.0150 0.130 0.0062  0.0085 0.0936 0.0213 1.339 0.3281  0.0122  0.4957 0.5810
3     72.88+/-1.83  100.0%    27.1%  8    final   0.03     0.1161  0.0259 0.204 0.0034  0.0919 0.0295 0.0557 1.365 0.2836  0.0023  0.4974 0.7708
4     72.73+/-1.59  100.0%    27.3%  8    final   0.1      0.1279  0.0239 0.149 0.0134  0.1238 0.1061 0.0348 1.066 0.1177  0.0288  0.4963 0.8896
5     72.50+/-1.14  96.1%    23.6%  8    final   0.001    0.0976  0.0179 0.117 0.0212  0.1471 0.0160 0.0647 1.530 0.4304  0.0091  0.4876 0.3400
6     72.12+/-1.41  100.0%    27.9%  4    final   0.01     0.0789  0.0107 0.122 0.0192  0.0642 0.0083 0.0436 1.455 0.3812  0.0078  0.4879 0.4363
7     70.98+/-1.79  99.3%    28.3%  8    final   0.03     0.1562  0.0371 0.186 0.0059  0.0650 0.0058 0.0043 0.975 0.2260  0.0272  0.4953 0.9472
8     70.00+/-1.36  98.3%    28.3%  4    final   0.003    0.1162  0.0161 0.218 0.0051  0.1286 0.0038 0.0172 1.245 0.5874  0.0018  0.5003 0.7300
9     69.92+/-0.62  96.8%    26.9%  4    final   0.001    0.0447  0.0149 0.338 0.0072  0.1469 0.0071 0.0158 0.965 0.6021  0.0059  0.5075 0.4959
10    69.47+/-2.37  100.0%    30.5%  4    mean    0.03     0.0231  0.0174 0.103 0.0068  0.0729 0.0164 0.0432 1.077 0.4394  0.0195  0.4809 0.1431

PARAMETER TRENDS (top 10 vs all):
      inp_scaling: top10=0.09511+/-0.04408  all=0.06083+/-0.04864
    input_density: top10=0.02546+/-0.01820  all=0.04411+/-0.02814
               dt: top10=0.18695+/-0.07646  all=0.21859+/-0.08924
            gamma: top10=0.01394+/-0.01364  all=0.02241+/-0.02020
      gamma_range: top10=0.08926+/-0.04418  all=0.07907+/-0.04151
          epsilon: top10=0.02983+/-0.03582  all=0.02793+/-0.02694
    epsilon_range: top10=0.03417+/-0.01815  all=0.04016+/-0.02455
              rho: top10=1.22823+/-0.18911  all=1.26263+/-0.17896
        theta_lif: top10=0.48948+/-0.36542  all=0.37298+/-0.32922
         theta_rf: top10=0.01157+/-0.00974  all=0.01392+/-0.01148

FIRING RATE ANALYSIS (top 10):
  Rank  r_hrf    r_lif    test%
  1     0.4962   0.3773   74.24%
  2     0.4957   0.5810   73.41%
  3     0.4974   0.7708   72.88%
  4     0.4963   0.8896   72.73%
  5     0.4876   0.3400   72.50%
  6     0.4879   0.4363   72.12%
  7     0.4953   0.9472   70.98%
  8     0.5003   0.7300   70.00%
  9     0.5075   0.4959   69.92%
  10    0.4809   0.1431   69.47%
  (target: r_lif ~0.05-0.3, r_hrf ~0.01-0.1 for sparse selective coding)

SPATIAL_FACTOR BREAKDOWN:
  sf=4 (2048 ch): n=30, test=59.92+/-11.23%  best=74.24%
  sf=8 (512 ch): n=30, test=61.45+/-9.36%  best=73.41%

READOUT MODE BREAKDOWN:
  mean   : n=30, test=61.69+/-9.65%  best=74.24%  avg_gap=28.5%
  final  : n=30, test=59.68+/-10.95%  best=73.41%  avg_gap=33.1%

REGULARIZATION (C) BREAKDOWN:
  C=0.0005  : n=12, test=58.15+/-11.12%  best=69.02%  avg_gap=25.6%
  C=0.001   : n=7, test=64.22+/-5.69%  best=72.50%  avg_gap=25.1%
  C=0.003   : n=15, test=63.30+/-6.95%  best=74.24%  avg_gap=34.5%
  C=0.01    : n=11, test=54.44+/-14.37%  best=72.12%  avg_gap=31.4%
  C=0.03    : n=7, test=66.68+/-4.91%  best=72.88%  avg_gap=31.9%
  C=0.1     : n=8, test=59.82+/-8.79%  best=72.73%  avg_gap=34.7%
