FordA search (readout=final): 100 configs (70 exploit / 30 explore), seed=42
Reference best: {'dt': 0.2, 'gamma': 1.88, 'epsilon': 0.022, 'gamma_range': 2.64, 'epsilon_range': 0.068, 'inp_scaling': 1.76, 'rho': 0.95, 'theta_lif': 0.05, 'theta_rf': 0.005, 'tau_filter': 20.0}
======================================================================

🌐 Config 1/100 [explore]: inp=5.6853 dt=0.008 γ=0.1366±0.68 ε=0.0605±0.129 ρ=0.84 θlif=0.8582 θrf=0.0090 τ=8.1 C=10.0
   ✅ Test: 57.50%  Train: 74.64%  Gap: 17.1%

🎯 Config 2/100 [exploit]: inp=1.7514 dt=0.209 γ=1.1372±1.16 ε=0.0183±0.113 ρ=0.98 θlif=0.0390 θrf=0.0117 τ=116.1 C=0.1
   ✅ Test: 61.52%  Train: 77.08%  Gap: 15.6%

🌐 Config 3/100 [explore]: inp=0.3748 dt=0.358 γ=1.3577±1.91 ε=0.0046±0.100 ρ=0.58 θlif=0.0079 θrf=0.0376 τ=5.8 C=0.1
   ✅ Test: 50.08%  Train: 73.25%  Gap: 23.2%

🎯 Config 4/100 [exploit]: inp=0.7022 dt=0.046 γ=3.4503±1.15 ε=0.0102±0.093 ρ=0.94 θlif=0.1802 θrf=0.0012 τ=61.9 C=1.0
   ✅ Test: 55.68%  Train: 72.72%  Gap: 17.0%

🎯 Config 5/100 [exploit]: inp=0.7061 dt=0.139 γ=2.0469±2.37 ε=0.0155±0.023 ρ=0.81 θlif=0.0350 θrf=0.0299 τ=60.5 C=1.0
   ✅ Test: 55.23%  Train: 74.06%  Gap: 18.8%

🎯 Config 6/100 [exploit]: inp=3.8252 dt=0.129 γ=3.0209±1.15 ε=0.0108±0.014 ρ=0.89 θlif=0.0237 θrf=0.0064 τ=102.3 C=0.1
   ✅ Test: 60.38%  Train: 74.75%  Gap: 14.4%

🌐 Config 7/100 [explore]: inp=0.0298 dt=0.020 γ=0.0146±4.68 ε=0.4477±0.380 ρ=0.81 θlif=0.4568 θrf=0.0008 τ=37.5 C=0.1
   ✅ Test: 51.59%  Train: 51.28%  Gap: -0.3%

🎯 Config 8/100 [exploit]: inp=4.6715 dt=0.084 γ=1.6002±1.04 ε=0.0081±0.116 ρ=1.00 θlif=0.0640 θrf=0.0425 τ=90.4 C=0.01
   ✅ Test: 57.65%  Train: 71.56%  Gap: 13.9%

🎯 Config 9/100 [exploit]: inp=0.7154 dt=0.050 γ=0.3005±1.86 ε=0.0125±0.167 ρ=0.90 θlif=0.1108 θrf=0.0286 τ=16.5 C=10.0
   ✅ Test: 55.38%  Train: 70.75%  Gap: 15.4%

🎯 Config 10/100 [exploit]: inp=2.3511 dt=0.155 γ=1.7026±1.67 ε=0.0200±0.128 ρ=0.64 θlif=0.0856 θrf=0.0150 τ=109.3 C=1.0
   ✅ Test: 61.74%  Train: 78.92%  Gap: 17.2%

   💾 Saved top-20 intermediate results (best so far: 61.74% [exploit])

🌐 Config 11/100 [explore]: inp=0.0509 dt=0.010 γ=0.0767±2.81 ε=0.2879±0.071 ρ=0.79 θlif=0.0131 θrf=0.1572 τ=147.4 C=0.1
   ✅ Test: 57.20%  Train: 70.97%  Gap: 13.8%

🎯 Config 12/100 [exploit]: inp=0.7697 dt=0.284 γ=0.5809±0.72 ε=0.0036±0.083 ρ=0.66 θlif=0.1450 θrf=0.0137 τ=23.1 C=1.0
   ✅ Test: 60.83%  Train: 76.06%  Gap: 15.2%

🎯 Config 13/100 [exploit]: inp=2.9744 dt=0.028 γ=0.8244±1.11 ε=0.0086±0.188 ρ=0.95 θlif=0.0305 θrf=0.0030 τ=59.2 C=0.1
   ✅ Test: 67.05%  Train: 74.78%  Gap: 7.7%

🎯 Config 14/100 [exploit]: inp=1.3848 dt=0.122 γ=0.8924±0.50 ε=0.0391±0.029 ρ=0.62 θlif=0.0406 θrf=0.0172 τ=19.9 C=1.0
   ✅ Test: 56.82%  Train: 76.11%  Gap: 19.3%

🎯 Config 15/100 [exploit]: inp=0.9110 dt=0.045 γ=1.8621±0.86 ε=0.0895±0.050 ρ=0.87 θlif=0.0852 θrf=0.0411 τ=33.7 C=10.0
   ✅ Test: 60.98%  Train: 77.28%  Gap: 16.3%

🎯 Config 16/100 [exploit]: inp=1.4612 dt=0.126 γ=3.4198±0.93 ε=0.0144±0.074 ρ=1.00 θlif=0.0712 θrf=0.0065 τ=90.1 C=0.1
   ✅ Test: 61.36%  Train: 76.72%  Gap: 15.4%

🎯 Config 17/100 [exploit]: inp=0.7526 dt=0.234 γ=2.6616±0.62 ε=0.0059±0.097 ρ=0.89 θlif=0.0240 θrf=0.0023 τ=130.6 C=0.01
   ✅ Test: 51.06%  Train: 70.69%  Gap: 19.6%

🎯 Config 18/100 [exploit]: inp=1.4588 dt=0.031 γ=3.9791±2.02 ε=0.0070±0.094 ρ=0.66 θlif=0.0939 θrf=0.0254 τ=45.8 C=0.01
   ✅ Test: 58.64%  Train: 70.11%  Gap: 11.5%

🎯 Config 19/100 [exploit]: inp=0.7294 dt=0.127 γ=3.7991±2.21 ε=0.0036±0.014 ρ=0.75 θlif=0.0108 θrf=0.0093 τ=19.4 C=10.0
   ✅ Test: 57.27%  Train: 72.58%  Gap: 15.3%

🎯 Config 20/100 [exploit]: inp=4.9985 dt=0.095 γ=0.9165±0.62 ε=0.0039±0.132 ρ=0.88 θlif=0.0313 θrf=0.0066 τ=81.5 C=10.0
   ✅ Test: 58.64%  Train: 73.92%  Gap: 15.3%

   💾 Saved top-20 intermediate results (best so far: 67.05% [exploit])

🌐 Config 21/100 [explore]: inp=0.0354 dt=0.007 γ=0.0117±1.97 ε=0.2097±0.305 ρ=0.50 θlif=0.0474 θrf=0.0088 τ=44.2 C=1.0
   ✅ Test: 58.64%  Train: 69.67%  Gap: 11.0%

🎯 Config 22/100 [exploit]: inp=3.1379 dt=0.111 γ=3.7222±1.49 ε=0.0120±0.169 ρ=0.78 θlif=0.0114 θrf=0.0107 τ=27.0 C=10.0
   ✅ Test: 56.36%  Train: 75.81%  Gap: 19.4%

🎯 Config 23/100 [exploit]: inp=4.5173 dt=0.094 γ=1.9201±0.78 ε=0.0087±0.064 ρ=0.84 θlif=0.0330 θrf=0.0039 τ=97.6 C=0.1
   ✅ Test: 58.64%  Train: 71.28%  Gap: 12.6%

🎯 Config 24/100 [exploit]: inp=0.5914 dt=0.272 γ=1.2702±1.74 ε=0.0035±0.022 ρ=0.99 θlif=0.2594 θrf=0.0147 τ=40.6 C=0.1
   ✅ Test: 56.82%  Train: 73.97%  Gap: 17.2%

🎯 Config 25/100 [exploit]: inp=0.7753 dt=0.036 γ=2.2821±0.59 ε=0.0716±0.066 ρ=0.91 θlif=0.2504 θrf=0.0127 τ=20.4 C=0.1
   ✅ Test: 52.65%  Train: 71.00%  Gap: 18.3%

🌐 Config 26/100 [explore]: inp=4.7887 dt=0.145 γ=0.8900±1.12 ε=0.4715±0.338 ρ=0.75 θlif=0.8187 θrf=0.0148 τ=6.8 C=0.1
   ✅ Test: 57.05%  Train: 71.08%  Gap: 14.0%

🎯 Config 27/100 [exploit]: inp=1.6832 dt=0.044 γ=1.9995±0.81 ε=0.0171±0.184 ρ=0.64 θlif=0.1249 θrf=0.0395 τ=15.5 C=0.1
   ✅ Test: 62.27%  Train: 73.94%  Gap: 11.7%

🎯 Config 28/100 [exploit]: inp=0.4540 dt=0.107 γ=0.7242±0.77 ε=0.0245±0.147 ρ=0.91 θlif=0.0148 θrf=0.0246 τ=23.0 C=10.0
   ✅ Test: 50.00%  Train: 69.58%  Gap: 19.6%

🎯 Config 29/100 [exploit]: inp=3.8954 dt=0.020 γ=2.9358±0.88 ε=0.0127±0.098 ρ=0.65 θlif=0.0922 θrf=0.0080 τ=100.1 C=0.1
   ✅ Test: 58.03%  Train: 71.83%  Gap: 13.8%

🎯 Config 30/100 [exploit]: inp=0.4824 dt=0.040 γ=0.3450±0.98 ε=0.0050±0.182 ρ=0.87 θlif=0.0149 θrf=0.0108 τ=38.7 C=0.1
   ✅ Test: 51.21%  Train: 70.14%  Gap: 18.9%

   💾 Saved top-20 intermediate results (best so far: 67.05% [exploit])

🎯 Config 31/100 [exploit]: inp=1.4172 dt=0.067 γ=1.2948±1.27 ε=0.0063±0.062 ρ=0.92 θlif=0.0562 θrf=0.0029 τ=84.8 C=10.0
   ✅ Test: 58.79%  Train: 75.64%  Gap: 16.9%

🎯 Config 32/100 [exploit]: inp=0.4042 dt=0.062 γ=1.7554±2.47 ε=0.0397±0.150 ρ=0.69 θlif=0.0405 θrf=0.0392 τ=18.6 C=0.01
   ✅ Test: 53.26%  Train: 71.56%  Gap: 18.3%

🎯 Config 33/100 [exploit]: inp=1.3802 dt=0.115 γ=2.9152±0.95 ε=0.0333±0.197 ρ=0.62 θlif=0.0374 θrf=0.0010 τ=43.0 C=1.0
   ✅ Test: 60.15%  Train: 76.47%  Gap: 16.3%

🎯 Config 34/100 [exploit]: inp=0.9368 dt=0.038 γ=0.9137±1.76 ε=0.0739±0.132 ρ=0.69 θlif=0.0374 θrf=0.0455 τ=30.3 C=0.1
   ✅ Test: 60.91%  Train: 74.58%  Gap: 13.7%

🎯 Config 35/100 [exploit]: inp=2.1821 dt=0.092 γ=1.1724±2.02 ε=0.0076±0.159 ρ=0.96 θlif=0.0103 θrf=0.0043 τ=24.1 C=0.1
   ✅ Test: 55.38%  Train: 74.53%  Gap: 19.1%

🌐 Config 36/100 [explore]: inp=0.8389 dt=0.049 γ=2.9005±4.88 ε=0.0172±0.434 ρ=1.03 θlif=0.0852 θrf=0.0032 τ=29.9 C=10.0
   ✅ Test: 61.06%  Train: 78.28%  Gap: 17.2%

🎯 Config 37/100 [exploit]: inp=1.2095 dt=0.049 γ=0.8002±1.18 ε=0.0035±0.102 ρ=0.74 θlif=0.0264 θrf=0.0096 τ=27.3 C=0.1
   ✅ Test: 60.53%  Train: 73.39%  Gap: 12.9%

🎯 Config 38/100 [exploit]: inp=2.5513 dt=0.045 γ=1.6795±1.73 ε=0.0290±0.084 ρ=0.92 θlif=0.0439 θrf=0.0010 τ=119.3 C=0.1
   ✅ Test: 63.18%  Train: 75.11%  Gap: 11.9%

🌐 Config 39/100 [explore]: inp=0.6247 dt=0.051 γ=7.0124±3.01 ε=0.1528±0.419 ρ=0.75 θlif=0.0824 θrf=0.0010 τ=6.1 C=0.1
   ✅ Test: 68.26%  Train: 80.94%  Gap: 12.7%

🌐 Config 40/100 [explore]: inp=5.0117 dt=0.203 γ=0.0130±0.76 ε=0.0798±0.370 ρ=0.99 θlif=0.0099 θrf=0.1266 τ=15.0 C=0.001
   ✅ Test: 55.00%  Train: 61.81%  Gap: 6.8%

   💾 Saved top-20 intermediate results (best so far: 68.26% [explore])

🎯 Config 41/100 [exploit]: inp=0.4087 dt=0.035 γ=2.1614±1.72 ε=0.0452±0.103 ρ=0.90 θlif=0.2164 θrf=0.0051 τ=34.2 C=1.0
   ✅ Test: 57.20%  Train: 73.81%  Gap: 16.6%

🎯 Config 42/100 [exploit]: inp=1.2516 dt=0.190 γ=0.6439±0.73 ε=0.0043±0.172 ρ=0.61 θlif=0.0387 θrf=0.0018 τ=19.0 C=0.1
   ✅ Test: 56.89%  Train: 76.42%  Gap: 19.5%

🎯 Config 43/100 [exploit]: inp=0.4288 dt=0.073 γ=1.5834±0.35 ε=0.0150±0.030 ρ=0.64 θlif=0.0312 θrf=0.0017 τ=18.2 C=1.0
   ✅ Test: 54.32%  Train: 71.97%  Gap: 17.7%

🎯 Config 44/100 [exploit]: inp=2.1228 dt=0.273 γ=1.9079±2.02 ε=0.0064±0.180 ρ=0.99 θlif=0.0342 θrf=0.0494 τ=21.4 C=1.0
   ✅ Test: 52.05%  Train: 73.47%  Gap: 21.4%

🎯 Config 45/100 [exploit]: inp=0.3689 dt=0.109 γ=0.5836±1.76 ε=0.0205±0.167 ρ=0.70 θlif=0.0400 θrf=0.0329 τ=18.9 C=0.1
   ✅ Test: 49.47%  Train: 70.56%  Gap: 21.1%

🎯 Config 46/100 [exploit]: inp=2.9947 dt=0.209 γ=1.1748±1.43 ε=0.0037±0.175 ρ=0.89 θlif=0.0812 θrf=0.0269 τ=132.6 C=1.0
   ✅ Test: 61.59%  Train: 71.56%  Gap: 10.0%

🎯 Config 47/100 [exploit]: inp=0.3320 dt=0.054 γ=0.7334±0.81 ε=0.0749±0.074 ρ=0.91 θlif=0.0285 θrf=0.0141 τ=31.2 C=1.0
   ✅ Test: 52.95%  Train: 69.14%  Gap: 16.2%

🌐 Config 48/100 [explore]: inp=1.0562 dt=0.186 γ=8.6034±4.78 ε=0.4953±0.467 ρ=0.74 θlif=0.0091 θrf=0.0348 τ=22.5 C=0.001
   ✅ Test: 50.91%  Train: 64.28%  Gap: 13.4%

🌐 Config 49/100 [explore]: inp=0.0197 dt=0.327 γ=0.7448±4.38 ε=0.0015±0.186 ρ=0.50 θlif=0.7789 θrf=0.1127 τ=29.8 C=0.1
   ✅ Test: 51.59%  Train: 51.28%  Gap: -0.3%

🎯 Config 50/100 [exploit]: inp=2.5056 dt=0.175 γ=0.6971±1.58 ε=0.0392±0.178 ρ=0.99 θlif=0.2072 θrf=0.0220 τ=108.9 C=0.1
   ✅ Test: 64.39%  Train: 73.92%  Gap: 9.5%

   💾 Saved top-20 intermediate results (best so far: 68.26% [explore])

🌐 Config 51/100 [explore]: inp=0.0205 dt=0.044 γ=0.3604±2.77 ε=0.0507±0.495 ρ=0.64 θlif=0.0338 θrf=0.0686 τ=84.0 C=0.1
   ✅ Test: 50.91%  Train: 70.19%  Gap: 19.3%

🌐 Config 52/100 [explore]: inp=0.0482 dt=0.132 γ=0.5639±0.26 ε=0.0036±0.297 ρ=0.37 θlif=0.0512 θrf=0.2201 τ=43.4 C=0.01
   ✅ Test: 50.53%  Train: 65.75%  Gap: 15.2%

🎯 Config 53/100 [exploit]: inp=3.4629 dt=0.037 γ=1.1786±1.47 ε=0.0579±0.098 ρ=0.77 θlif=0.0201 θrf=0.0011 τ=97.5 C=0.1
   ✅ Test: 65.76%  Train: 75.67%  Gap: 9.9%

🌐 Config 54/100 [explore]: inp=0.8778 dt=0.069 γ=0.1238±2.00 ε=0.0462±0.167 ρ=1.01 θlif=0.0655 θrf=0.0114 τ=178.0 C=1.0
   ✅ Test: 57.27%  Train: 71.06%  Gap: 13.8%

🎯 Config 55/100 [exploit]: inp=1.2392 dt=0.250 γ=0.3590±1.81 ε=0.0839±0.028 ρ=0.88 θlif=0.0119 θrf=0.0419 τ=22.8 C=0.1
   ❌ FAILED
        File "/home/nfs/amicheli/.local/lib/python3.7/site-packages/sklearn/utils/validation.py", line 116, in _assert_all_finite
          type_err, msg_dtype if msg_dtype is not None else X.dtype
      ValueError: Input contains infinity or a value too large for dtype('float32').

🎯 Config 56/100 [exploit]: inp=0.8770 dt=0.080 γ=2.4685±2.33 ε=0.0846±0.070 ρ=0.98 θlif=0.0634 θrf=0.0077 τ=16.0 C=0.1
   ✅ Test: 57.20%  Train: 73.25%  Gap: 16.1%

🎯 Config 57/100 [exploit]: inp=0.3860 dt=0.120 γ=0.5813±1.32 ε=0.0424±0.182 ρ=0.71 θlif=0.1518 θrf=0.0012 τ=21.0 C=10.0
   ✅ Test: 56.06%  Train: 70.08%  Gap: 14.0%

🌐 Config 58/100 [explore]: inp=0.2833 dt=0.006 γ=0.1014±3.21 ε=0.0210±0.189 ρ=0.96 θlif=0.0695 θrf=0.0007 τ=8.0 C=10.0
   ✅ Test: 59.09%  Train: 76.39%  Gap: 17.3%

🎯 Config 59/100 [exploit]: inp=0.6335 dt=0.205 γ=0.5599±0.31 ε=0.0047±0.099 ρ=0.65 θlif=0.1847 θrf=0.0011 τ=31.7 C=1.0
   ✅ Test: 57.58%  Train: 70.25%  Gap: 12.7%

🎯 Config 60/100 [exploit]: inp=0.3825 dt=0.282 γ=0.4662±0.83 ε=0.0064±0.116 ρ=0.93 θlif=0.0396 θrf=0.0112 τ=33.3 C=10.0
   ✅ Test: 50.38%  Train: 67.94%  Gap: 17.6%

   💾 Saved top-20 intermediate results (best so far: 68.26% [explore])

🌐 Config 61/100 [explore]: inp=0.0128 dt=0.043 γ=0.9276±2.29 ε=0.8237±0.497 ρ=0.57 θlif=0.0530 θrf=0.1347 τ=29.4 C=1.0
   ✅ Test: 51.06%  Train: 70.06%  Gap: 19.0%

🎯 Config 62/100 [exploit]: inp=4.8174 dt=0.024 γ=2.6863±2.05 ε=0.0079±0.164 ρ=0.74 θlif=0.0763 θrf=0.0050 τ=89.2 C=0.01
   ✅ Test: 62.58%  Train: 74.14%  Gap: 11.6%

🌐 Config 63/100 [explore]: inp=6.4755 dt=0.023 γ=1.1273±0.86 ε=0.0528±0.336 ρ=0.40 θlif=0.0189 θrf=0.0120 τ=35.1 C=1.0
   ✅ Test: 63.79%  Train: 79.61%  Gap: 15.8%

🎯 Config 64/100 [exploit]: inp=3.2220 dt=0.042 γ=3.1025±1.33 ε=0.0567±0.112 ρ=1.00 θlif=0.2241 θrf=0.0034 τ=15.3 C=1.0
   ✅ Test: 61.44%  Train: 75.11%  Gap: 13.7%

🌐 Config 65/100 [explore]: inp=0.4066 dt=0.062 γ=9.1040±0.51 ε=0.0094±0.230 ρ=0.44 θlif=0.4478 θrf=0.0033 τ=9.4 C=1.0
   ❌ FAILED
        File "/home/nfs/amicheli/.local/lib/python3.7/site-packages/sklearn/utils/validation.py", line 116, in _assert_all_finite
          type_err, msg_dtype if msg_dtype is not None else X.dtype
      ValueError: Input contains infinity or a value too large for dtype('float32').

🎯 Config 66/100 [exploit]: inp=0.8173 dt=0.288 γ=0.6142±1.31 ε=0.0088±0.140 ρ=0.72 θlif=0.0348 θrf=0.0020 τ=16.7 C=0.1
   ❌ FAILED
        File "/home/nfs/amicheli/.local/lib/python3.7/site-packages/sklearn/utils/validation.py", line 116, in _assert_all_finite
          type_err, msg_dtype if msg_dtype is not None else X.dtype
      ValueError: Input contains infinity or a value too large for dtype('float32').

🌐 Config 67/100 [explore]: inp=0.5530 dt=0.179 γ=0.0423±2.56 ε=0.0227±0.331 ρ=0.75 θlif=0.0268 θrf=0.0041 τ=5.7 C=0.01
   ❌ FAILED
        File "/home/nfs/amicheli/.local/lib/python3.7/site-packages/sklearn/utils/validation.py", line 116, in _assert_all_finite
          type_err, msg_dtype if msg_dtype is not None else X.dtype
      ValueError: Input contains infinity or a value too large for dtype('float32').

🎯 Config 68/100 [exploit]: inp=0.3009 dt=0.161 γ=0.3150±1.85 ε=0.0065±0.161 ρ=0.87 θlif=0.0559 θrf=0.0054 τ=27.8 C=0.1
   ❌ FAILED
        File "/home/nfs/amicheli/.local/lib/python3.7/site-packages/sklearn/utils/validation.py", line 116, in _assert_all_finite
          type_err, msg_dtype if msg_dtype is not None else X.dtype
      ValueError: Input contains infinity or a value too large for dtype('float32').

🎯 Config 69/100 [exploit]: inp=1.6211 dt=0.117 γ=1.6157±1.58 ε=0.0626±0.190 ρ=0.69 θlif=0.1107 θrf=0.0021 τ=39.2 C=0.1
   ❌ FAILED
        File "/home/nfs/amicheli/.local/lib/python3.7/site-packages/sklearn/utils/validation.py", line 116, in _assert_all_finite
          type_err, msg_dtype if msg_dtype is not None else X.dtype
      ValueError: Input contains infinity or a value too large for dtype('float32').

🎯 Config 70/100 [exploit]: inp=0.4037 dt=0.113 γ=3.0463±1.06 ε=0.0228±0.091 ρ=0.62 θlif=0.0475 θrf=0.0011 τ=24.8 C=0.1
   ❌ FAILED
        File "/home/nfs/amicheli/.local/lib/python3.7/site-packages/sklearn/utils/validation.py", line 116, in _assert_all_finite
          type_err, msg_dtype if msg_dtype is not None else X.dtype
      ValueError: Input contains infinity or a value too large for dtype('float32').

   💾 Saved top-20 intermediate results (best so far: 68.26% [explore])

🎯 Config 71/100 [exploit]: inp=1.5226 dt=0.158 γ=1.6477±2.01 ε=0.0505±0.014 ρ=0.79 θlif=0.2519 θrf=0.0423 τ=15.2 C=0.1
   ❌ FAILED
        File "/home/nfs/amicheli/.local/lib/python3.7/site-packages/sklearn/utils/validation.py", line 116, in _assert_all_finite
          type_err, msg_dtype if msg_dtype is not None else X.dtype
      ValueError: Input contains infinity or a value too large for dtype('float32').

🎯 Config 72/100 [exploit]: inp=3.6092 dt=0.036 γ=0.5287±1.66 ε=0.0820±0.087 ρ=1.00 θlif=0.0326 θrf=0.0141 τ=87.7 C=1.0
   ✅ Test: 60.30%  Train: 77.25%  Gap: 16.9%

🌐 Config 73/100 [explore]: inp=0.0146 dt=0.023 γ=1.5919±1.20 ε=0.0109±0.263 ρ=0.72 θlif=0.0184 θrf=0.3323 τ=105.2 C=0.01
   ✅ Test: 52.05%  Train: 71.50%  Gap: 19.5%

🎯 Config 74/100 [exploit]: inp=1.6291 dt=0.149 γ=0.9842±2.32 ε=0.0079±0.054 ρ=1.00 θlif=0.0174 θrf=0.0249 τ=49.2 C=1.0
   ❌ FAILED
        File "/home/nfs/amicheli/.local/lib/python3.7/site-packages/sklearn/utils/validation.py", line 116, in _assert_all_finite
          type_err, msg_dtype if msg_dtype is not None else X.dtype
      ValueError: Input contains infinity or a value too large for dtype('float32').

🎯 Config 75/100 [exploit]: inp=1.8240 dt=0.023 γ=2.4062±1.63 ε=0.0186±0.103 ρ=0.64 θlif=0.0761 θrf=0.0012 τ=44.1 C=1.0
   ✅ Test: 53.79%  Train: 72.92%  Gap: 19.1%

🎯 Config 76/100 [exploit]: inp=1.4318 dt=0.259 γ=0.3223±1.80 ε=0.0221±0.013 ρ=0.78 θlif=0.2605 θrf=0.0132 τ=63.7 C=0.01
   ❌ FAILED
        File "/home/nfs/amicheli/.local/lib/python3.7/site-packages/sklearn/utils/validation.py", line 116, in _assert_all_finite
          type_err, msg_dtype if msg_dtype is not None else X.dtype
      ValueError: Input contains infinity or a value too large for dtype('float32').

🌐 Config 77/100 [explore]: inp=0.0246 dt=0.231 γ=0.0815±2.64 ε=0.0143±0.048 ρ=0.62 θlif=0.0055 θrf=0.0311 τ=11.4 C=1.0
   ❌ FAILED
        File "/home/nfs/amicheli/.local/lib/python3.7/site-packages/sklearn/utils/validation.py", line 116, in _assert_all_finite
          type_err, msg_dtype if msg_dtype is not None else X.dtype
      ValueError: Input contains infinity or a value too large for dtype('float32').

🎯 Config 78/100 [exploit]: inp=0.3270 dt=0.106 γ=1.5226±1.21 ε=0.0073±0.051 ρ=0.99 θlif=0.2191 θrf=0.0023 τ=22.6 C=0.1
   ❌ FAILED
        File "/home/nfs/amicheli/.local/lib/python3.7/site-packages/sklearn/utils/validation.py", line 116, in _assert_all_finite
          type_err, msg_dtype if msg_dtype is not None else X.dtype
      ValueError: Input contains infinity or a value too large for dtype('float32').

🌐 Config 79/100 [explore]: inp=0.4615 dt=0.008 γ=1.0686±4.19 ε=0.0015±0.048 ρ=0.70 θlif=0.4285 θrf=0.1371 τ=11.6 C=0.001
   ✅ Test: 58.71%  Train: 66.53%  Gap: 7.8%

🌐 Config 80/100 [explore]: inp=0.0358 dt=0.038 γ=3.9040±1.69 ε=0.0128±0.141 ρ=0.45 θlif=0.0625 θrf=0.0218 τ=15.0 C=1.0
   ✅ Test: 50.83%  Train: 70.72%  Gap: 19.9%

   💾 Saved top-20 intermediate results (best so far: 68.26% [explore])

🌐 Config 81/100 [explore]: inp=0.1338 dt=0.075 γ=0.4500±4.88 ε=0.0532±0.263 ρ=0.52 θlif=0.1618 θrf=0.2498 τ=51.6 C=10.0
   ✅ Test: 50.98%  Train: 71.14%  Gap: 20.2%

🎯 Config 82/100 [exploit]: inp=1.9226 dt=0.026 γ=2.5874±0.82 ε=0.0344±0.023 ρ=0.61 θlif=0.2882 θrf=0.0096 τ=48.3 C=0.01
   ✅ Test: 55.38%  Train: 69.44%  Gap: 14.1%

🌐 Config 83/100 [explore]: inp=0.0536 dt=0.066 γ=0.2479±0.24 ε=0.0058±0.048 ρ=0.94 θlif=0.0665 θrf=0.0615 τ=5.3 C=0.01
   ✅ Test: 50.83%  Train: 67.08%  Gap: 16.2%

🎯 Config 84/100 [exploit]: inp=1.7500 dt=0.291 γ=0.6242±2.18 ε=0.0038±0.027 ρ=0.90 θlif=0.0375 θrf=0.0448 τ=16.5 C=0.1
   ❌ FAILED
        File "/home/nfs/amicheli/.local/lib/python3.7/site-packages/sklearn/utils/validation.py", line 116, in _assert_all_finite
          type_err, msg_dtype if msg_dtype is not None else X.dtype
      ValueError: Input contains infinity or a value too large for dtype('float32').

🎯 Config 85/100 [exploit]: inp=0.9074 dt=0.102 γ=2.1291±1.13 ε=0.0083±0.179 ρ=0.67 θlif=0.0516 θrf=0.0149 τ=20.8 C=0.01
   ✅ Test: 60.23%  Train: 74.14%  Gap: 13.9%

🌐 Config 86/100 [explore]: inp=0.0279 dt=0.351 γ=0.0437±0.56 ε=0.0012±0.145 ρ=1.07 θlif=0.1125 θrf=0.0014 τ=14.1 C=10.0
   ❌ FAILED
        File "/home/nfs/amicheli/.local/lib/python3.7/site-packages/sklearn/utils/validation.py", line 116, in _assert_all_finite
          type_err, msg_dtype if msg_dtype is not None else X.dtype
      ValueError: Input contains infinity or a value too large for dtype('float32').

🌐 Config 87/100 [explore]: inp=0.1339 dt=0.145 γ=1.2268±2.88 ε=0.5920±0.227 ρ=0.62 θlif=0.2393 θrf=0.0081 τ=57.3 C=1.0
   ✅ Test: 50.53%  Train: 72.36%  Gap: 21.8%

🌐 Config 88/100 [explore]: inp=7.1080 dt=0.361 γ=3.5148±1.99 ε=0.0024±0.146 ρ=0.92 θlif=0.2238 θrf=0.0648 τ=7.0 C=0.1
   ✅ Test: 49.70%  Train: 71.42%  Gap: 21.7%

🎯 Config 89/100 [exploit]: inp=3.5541 dt=0.171 γ=4.0000±2.38 ε=0.0036±0.193 ρ=0.86 θlif=0.0245 θrf=0.0100 τ=59.4 C=1.0
   ✅ Test: 56.14%  Train: 73.78%  Gap: 17.6%

🎯 Config 90/100 [exploit]: inp=0.5133 dt=0.031 γ=0.7411±0.45 ε=0.0094±0.023 ρ=0.86 θlif=0.0463 θrf=0.0015 τ=32.4 C=10.0
   ✅ Test: 58.41%  Train: 76.00%  Gap: 17.6%

   💾 Saved top-20 intermediate results (best so far: 68.26% [explore])

🎯 Config 91/100 [exploit]: inp=0.3448 dt=0.034 γ=1.0027±0.44 ε=0.0315±0.098 ρ=0.81 θlif=0.0302 θrf=0.0022 τ=134.7 C=0.1
   ✅ Test: 54.32%  Train: 69.31%  Gap: 15.0%

🎯 Config 92/100 [exploit]: inp=0.3160 dt=0.104 γ=1.1493±2.04 ε=0.0424±0.027 ρ=0.87 θlif=0.0958 θrf=0.0149 τ=28.9 C=0.01
   ✅ Test: 50.38%  Train: 71.00%  Gap: 20.6%

🎯 Config 93/100 [exploit]: inp=2.9052 dt=0.167 γ=1.0489±1.07 ε=0.0123±0.061 ρ=0.76 θlif=0.0161 θrf=0.0016 τ=76.3 C=10.0
   ✅ Test: 57.65%  Train: 76.75%  Gap: 19.1%

🎯 Config 94/100 [exploit]: inp=1.8590 dt=0.061 γ=0.3796±0.97 ε=0.0072±0.057 ρ=0.60 θlif=0.0230 θrf=0.0365 τ=38.3 C=0.001
   ✅ Test: 58.48%  Train: 67.72%  Gap: 9.2%

🎯 Config 95/100 [exploit]: inp=0.6017 dt=0.255 γ=0.4939±2.39 ε=0.0210±0.090 ρ=0.79 θlif=0.0137 θrf=0.0042 τ=25.0 C=0.01
   ❌ FAILED
        File "/home/nfs/amicheli/.local/lib/python3.7/site-packages/sklearn/utils/validation.py", line 116, in _assert_all_finite
          type_err, msg_dtype if msg_dtype is not None else X.dtype
      ValueError: Input contains infinity or a value too large for dtype('float32').

🎯 Config 96/100 [exploit]: inp=0.5915 dt=0.069 γ=0.7356±2.34 ε=0.0079±0.184 ρ=0.97 θlif=0.0151 θrf=0.0028 τ=51.9 C=0.1
   ✅ Test: 48.94%  Train: 71.03%  Gap: 22.1%

🌐 Config 97/100 [explore]: inp=0.0128 dt=0.006 γ=0.9925±0.45 ε=0.4966±0.020 ρ=0.75 θlif=0.0053 θrf=0.0006 τ=34.2 C=1.0
   ✅ Test: 48.71%  Train: 68.17%  Gap: 19.5%

🌐 Config 98/100 [explore]: inp=1.6141 dt=0.070 γ=0.5212±0.58 ε=0.0577±0.326 ρ=0.87 θlif=0.0184 θrf=0.0013 τ=60.3 C=0.1
   ✅ Test: 56.36%  Train: 72.67%  Gap: 16.3%

🎯 Config 99/100 [exploit]: inp=0.4791 dt=0.032 γ=0.5000±0.87 ε=0.0567±0.048 ρ=0.84 θlif=0.1011 θrf=0.0046 τ=39.7 C=1.0
   ✅ Test: 56.21%  Train: 74.25%  Gap: 18.0%

🎯 Config 100/100 [exploit]: inp=1.0686 dt=0.192 γ=0.5059±1.99 ε=0.0045±0.011 ρ=0.98 θlif=0.0689 θrf=0.0476 τ=32.3 C=0.1
   ✅ Test: 54.62%  Train: 74.03%  Gap: 19.4%

   💾 Saved top-20 intermediate results (best so far: 68.26% [explore])

======================================================================
✅ Completed: 85/100 configs successful
❌ Failed:    15/100 configs
🎯 Exploit best: 67.05%  (mean: 57.34%)
🌐 Explore best: 68.26%  (mean: 54.62%)
======================================================================

🏆 TOP 10 CONFIGURATIONS:
Rank  Test%      Train%     Gap     Type      inp_scl   C       dt      gamma    eps      rho    τ      θlif     θrf    
------------------------------------------------------------------------------------------------------------------------
1     68.26%     80.94%     12.7%   explore   0.6247   0.1    0.051  7.0124  0.1528  0.75  6.1   0.0824  0.0010 
2     67.05%     74.78%     7.7%   exploit   2.9744   0.1    0.028  0.8244  0.0086  0.95  59.2  0.0305  0.0030 
3     65.76%     75.67%     9.9%   exploit   3.4629   0.1    0.037  1.1786  0.0579  0.77  97.5  0.0201  0.0011 
4     64.39%     73.92%     9.5%   exploit   2.5056   0.1    0.175  0.6971  0.0392  0.99  108.9 0.2072  0.0220 
5     63.79%     79.61%     15.8%   explore   6.4755   1.0    0.023  1.1273  0.0528  0.40  35.1  0.0189  0.0120 
6     63.18%     75.11%     11.9%   exploit   2.5513   0.1    0.045  1.6795  0.0290  0.92  119.3 0.0439  0.0010 
7     62.58%     74.14%     11.6%   exploit   4.8174   0.01   0.024  2.6863  0.0079  0.74  89.2  0.0763  0.0050 
8     62.27%     73.94%     11.7%   exploit   1.6832   0.1    0.044  1.9995  0.0171  0.64  15.5  0.1249  0.0395 
9     61.74%     78.92%     17.2%   exploit   2.3511   1.0    0.155  1.7026  0.0200  0.64  109.3 0.0856  0.0150 
10    61.59%     71.56%     10.0%   exploit   2.9947   1.0    0.209  1.1748  0.0037  0.89  132.6 0.0812  0.0269 

📊 PARAMETER TRENDS (top 10 vs all):
      inp_scaling: top10=3.0441±1.5434  all=1.5962±1.6639
               dt: top10=0.0790±0.0675  all=0.1002±0.0852
            gamma: top10=2.0082±1.7602  all=1.5841±1.4545
          epsilon: top10=0.0389±0.0419  all=0.0690±0.1447
              rho: top10=0.7670±0.1710  all=0.7900±0.1588
       tau_filter: top10=77.2619±42.8790  all=49.7918±38.5598
        theta_lif: top10=0.0771±0.0541  all=0.1072±0.1616
         theta_rf: top10=0.0126±0.0126  all=0.0314±0.0561

📊 REGULARIZATION (C) BREAKDOWN:
  C=0.001  : n=4, test=55.78±3.17%, gap=9.3%
  C=0.01   : n=11, test=54.78±4.16%, gap=15.9%
  C=0.1    : n=31, test=57.23±5.37%, gap=14.7%
  C=1.0    : n=24, test=56.45±4.03%, gap=16.9%
  C=10.0   : n=15, test=56.57±3.42%, gap=17.2%
