Tonic cache warm.

Config 1/60: T=50 sf=1(2312ch) inp=0.178 dens=0.446 dt=0.273 g=0.054+/-0.370 e=0.0531+/-0.049 rho=0.73 th_lif=0.0546 th_rf=0.0086 C=10.0 mode=rms_std_final
  TIMEOUT (seed 0, >600s)

Config 2/60: T=50 sf=1(2312ch) inp=1.344 dens=0.427 dt=0.162 g=0.630+/-0.728 e=0.0998+/-0.055 rho=0.67 th_lif=0.0207 th_rf=0.0130 C=10.0 mode=final
  -> Test: 28.38+/-0.28%  Train: 29.26%  Gap: 0.9%

Config 3/60: T=20 sf=1(2312ch) inp=0.295 dens=0.361 dt=0.169 g=0.084+/-0.694 e=0.0173+/-0.044 rho=0.75 th_lif=0.0121 th_rf=0.0042 C=1.0 mode=final
  -> Test: 17.20+/-0.12%  Train: 16.62%  Gap: -0.6%

Config 4/60: T=30 sf=2(578ch) inp=0.112 dens=0.084 dt=0.527 g=0.034+/-0.276 e=0.0171+/-0.045 rho=0.52 th_lif=0.1787 th_rf=0.0330 C=0.01 mode=final
  -> Test: 92.41+/-0.15%  Train: 92.85%  Gap: 0.4%

Config 5/60: T=30 sf=1(2312ch) inp=0.068 dens=0.160 dt=0.139 g=0.031+/-0.148 e=0.0584+/-0.042 rho=0.76 th_lif=0.0704 th_rf=0.0041 C=10.0 mode=rms_std_final
  TIMEOUT (seed 0, >600s)

Config 6/60: T=30 sf=1(2312ch) inp=0.103 dens=0.416 dt=0.424 g=0.185+/-0.679 e=0.0792+/-0.082 rho=1.07 th_lif=0.0709 th_rf=0.0093 C=0.01 mode=final
  -> Test: 39.03+/-2.08%  Train: 40.20%  Gap: 1.2%

Config 7/60: T=50 sf=2(578ch) inp=0.871 dens=0.486 dt=0.230 g=0.658+/-0.134 e=0.0207+/-0.011 rho=1.33 th_lif=0.0163 th_rf=0.0026 C=1.0 mode=rms_std_final
  -> Test: 34.97+/-0.23%  Train: 39.14%  Gap: 4.2%

Config 8/60: T=30 sf=2(578ch) inp=0.213 dens=0.476 dt=0.258 g=0.065+/-0.483 e=0.1455+/-0.066 rho=0.74 th_lif=0.3474 th_rf=0.0018 C=0.1 mode=mean
  -> Test: 70.99+/-0.19%  Train: 72.46%  Gap: 1.5%

Config 9/60: T=50 sf=2(578ch) inp=1.097 dens=0.265 dt=0.110 g=0.036+/-0.484 e=0.0195+/-0.010 rho=1.27 th_lif=0.0514 th_rf=0.0202 C=10.0 mode=mean
  -> Test: 56.43+/-1.19%  Train: 57.30%  Gap: 0.9%

Config 10/60: T=50 sf=2(578ch) inp=1.290 dens=0.229 dt=0.344 g=0.057+/-0.068 e=0.0203+/-0.046 rho=1.15 th_lif=0.4536 th_rf=0.0076 C=0.01 mode=final
  -> Test: 64.85+/-0.91%  Train: 65.57%  Gap: 0.7%

Config 11/60: T=50 sf=1(2312ch) inp=0.828 dens=0.267 dt=0.103 g=0.355+/-0.113 e=0.0314+/-0.058 rho=1.33 th_lif=0.3783 th_rf=0.0033 C=1.0 mode=final
  -> Test: 61.97+/-0.67%  Train: 64.77%  Gap: 2.8%

Config 12/60: T=50 sf=2(578ch) inp=0.225 dens=0.071 dt=0.567 g=0.021+/-0.688 e=0.0529+/-0.099 rho=0.90 th_lif=0.0281 th_rf=0.0140 C=1.0 mode=final
  -> Test: 90.73+/-0.17%  Train: 92.81%  Gap: 2.1%

Config 13/60: T=50 sf=2(578ch) inp=0.065 dens=0.163 dt=0.563 g=0.018+/-0.318 e=0.1367+/-0.029 rho=1.38 th_lif=0.0411 th_rf=0.0030 C=0.1 mode=rms_std_final
  -> Test: 79.93+/-0.69%  Train: 84.14%  Gap: 4.2%

Config 14/60: T=20 sf=2(578ch) inp=0.629 dens=0.418 dt=0.364 g=0.151+/-0.492 e=0.0545+/-0.022 rho=0.62 th_lif=0.2251 th_rf=0.0066 C=0.01 mode=final
  -> Test: 20.89+/-0.18%  Train: 20.21%  Gap: -0.7%

Config 15/60: T=30 sf=1(2312ch) inp=0.499 dens=0.154 dt=0.109 g=0.044+/-0.078 e=0.0114+/-0.000 rho=0.96 th_lif=0.0166 th_rf=0.0384 C=1.0 mode=mean
  -> Test: 43.36+/-0.14%  Train: 45.01%  Gap: 1.7%

Config 16/60: T=30 sf=2(578ch) inp=0.362 dens=0.436 dt=0.309 g=0.252+/-0.647 e=0.0392+/-0.026 rho=1.12 th_lif=0.0422 th_rf=0.0307 C=10.0 mode=mean
  -> Test: 29.17+/-0.71%  Train: 29.61%  Gap: 0.4%

Config 17/60: T=50 sf=1(2312ch) inp=0.581 dens=0.060 dt=0.176 g=0.019+/-0.433 e=0.0616+/-0.019 rho=0.73 th_lif=0.0175 th_rf=0.0431 C=1.0 mode=final
  -> Test: 69.24+/-0.45%  Train: 71.03%  Gap: 1.8%

Config 18/60: T=30 sf=2(578ch) inp=1.372 dens=0.134 dt=0.366 g=0.069+/-0.490 e=0.0444+/-0.000 rho=0.74 th_lif=0.0518 th_rf=0.0015 C=0.1 mode=mean
  -> Test: 61.88+/-0.35%  Train: 61.76%  Gap: -0.1%

Config 19/60: T=20 sf=1(2312ch) inp=0.151 dens=0.413 dt=0.256 g=0.385+/-0.098 e=0.0336+/-0.039 rho=0.74 th_lif=0.0535 th_rf=0.0093 C=0.1 mode=final
  -> Test: 18.96+/-0.09%  Train: 18.76%  Gap: -0.2%

Config 20/60: T=30 sf=2(578ch) inp=0.276 dens=0.259 dt=0.396 g=0.109+/-0.761 e=0.0182+/-0.031 rho=0.92 th_lif=0.0125 th_rf=0.0121 C=1.0 mode=rms_std_final
  TIMEOUT (seed 0, >600s)

Config 21/60: T=50 sf=1(2312ch) inp=0.086 dens=0.072 dt=0.221 g=0.128+/-0.241 e=0.0182+/-0.040 rho=0.86 th_lif=0.0669 th_rf=0.0021 C=1.0 mode=final
  -> Test: 87.98+/-0.66%  Train: 89.58%  Gap: 1.6%

Config 22/60: T=20 sf=2(578ch) inp=0.554 dens=0.226 dt=0.157 g=0.012+/-0.126 e=0.0303+/-0.004 rho=0.60 th_lif=0.0233 th_rf=0.0355 C=10.0 mode=rms_std_final
  TIMEOUT (seed 0, >600s)

Config 23/60: T=30 sf=1(2312ch) inp=0.133 dens=0.115 dt=0.207 g=0.375+/-0.043 e=0.0217+/-0.037 rho=0.94 th_lif=0.1168 th_rf=0.0058 C=1.0 mode=final
  -> Test: 75.06+/-0.57%  Train: 77.02%  Gap: 2.0%

Config 24/60: T=50 sf=1(2312ch) inp=1.573 dens=0.365 dt=0.540 g=0.084+/-0.243 e=0.0495+/-0.010 rho=0.69 th_lif=0.1937 th_rf=0.0273 C=0.1 mode=rms_std_final
  -> Test: 32.13+/-0.38%  Train: 35.16%  Gap: 3.0%

Config 25/60: T=50 sf=2(578ch) inp=0.129 dens=0.237 dt=0.232 g=0.015+/-0.176 e=0.0775+/-0.013 rho=1.39 th_lif=0.0487 th_rf=0.0350 C=10.0 mode=rms_std_final
  TIMEOUT (seed 0, >600s)

Config 26/60: T=50 sf=2(578ch) inp=0.933 dens=0.086 dt=0.441 g=0.062+/-0.519 e=0.0560+/-0.005 rho=1.25 th_lif=0.0255 th_rf=0.0032 C=0.01 mode=rms_std_final
  -> Test: 82.69+/-1.01%  Train: 84.04%  Gap: 1.4%

Config 27/60: T=20 sf=1(2312ch) inp=0.139 dens=0.111 dt=0.155 g=0.140+/-0.189 e=0.0856+/-0.058 rho=1.34 th_lif=0.4419 th_rf=0.0118 C=10.0 mode=final
  -> Test: 90.74+/-0.16%  Train: 92.65%  Gap: 1.9%

Config 28/60: T=30 sf=1(2312ch) inp=0.473 dens=0.097 dt=0.141 g=0.041+/-0.111 e=0.0228+/-0.071 rho=1.06 th_lif=0.0358 th_rf=0.0011 C=0.1 mode=final
  -> Test: 56.74+/-0.28%  Train: 58.46%  Gap: 1.7%

Config 29/60: T=50 sf=2(578ch) inp=0.051 dens=0.367 dt=0.195 g=0.019+/-0.566 e=0.0100+/-0.042 rho=1.19 th_lif=0.0201 th_rf=0.0188 C=0.1 mode=rms_std_final
  -> Test: 78.36+/-0.98%  Train: 81.33%  Gap: 3.0%

Config 30/60: T=30 sf=1(2312ch) inp=0.061 dens=0.217 dt=0.153 g=0.554+/-0.682 e=0.0211+/-0.031 rho=0.78 th_lif=0.0166 th_rf=0.0017 C=0.1 mode=final
  -> Test: 64.05+/-1.12%  Train: 65.60%  Gap: 1.5%

Config 31/60: T=30 sf=2(578ch) inp=0.090 dens=0.490 dt=0.202 g=0.053+/-0.177 e=0.1486+/-0.057 rho=0.77 th_lif=0.4633 th_rf=0.0022 C=10.0 mode=final
  -> Test: 93.34+/-0.04%  Train: 95.54%  Gap: 2.2%

Config 32/60: T=20 sf=2(578ch) inp=0.207 dens=0.085 dt=0.107 g=0.389+/-0.113 e=0.0372+/-0.091 rho=0.71 th_lif=0.1242 th_rf=0.0110 C=10.0 mode=final
  -> Test: 91.73+/-0.19%  Train: 93.59%  Gap: 1.9%

Config 33/60: T=30 sf=1(2312ch) inp=0.064 dens=0.439 dt=0.456 g=0.600+/-0.568 e=0.0164+/-0.067 rho=1.12 th_lif=0.0531 th_rf=0.0206 C=0.01 mode=rms_std_final
  -> Test: 68.22+/-0.74%  Train: 71.47%  Gap: 3.3%

Config 34/60: T=20 sf=2(578ch) inp=0.325 dens=0.268 dt=0.252 g=0.010+/-0.624 e=0.0810+/-0.059 rho=1.28 th_lif=0.0804 th_rf=0.0014 C=10.0 mode=rms_std_final
  TIMEOUT (seed 0, >600s)

Config 35/60: T=20 sf=2(578ch) inp=1.349 dens=0.085 dt=0.341 g=0.023+/-0.735 e=0.1209+/-0.043 rho=0.72 th_lif=0.2491 th_rf=0.0447 C=10.0 mode=final
  -> Test: 75.55+/-0.93%  Train: 76.48%  Gap: 0.9%

Config 36/60: T=30 sf=2(578ch) inp=0.125 dens=0.109 dt=0.128 g=0.474+/-0.615 e=0.0147+/-0.069 rho=0.81 th_lif=0.1367 th_rf=0.0281 C=1.0 mode=final
  -> Test: 93.93+/-0.18%  Train: 95.88%  Gap: 1.9%

Config 37/60: T=50 sf=2(578ch) inp=0.732 dens=0.145 dt=0.249 g=0.033+/-0.223 e=0.1422+/-0.095 rho=0.85 th_lif=0.2343 th_rf=0.0013 C=1.0 mode=mean
  -> Test: 77.63+/-1.15%  Train: 79.00%  Gap: 1.4%

Config 38/60: T=30 sf=1(2312ch) inp=0.271 dens=0.189 dt=0.116 g=0.017+/-0.719 e=0.0329+/-0.016 rho=0.92 th_lif=0.0136 th_rf=0.0219 C=0.1 mode=mean
  -> Test: 41.08+/-0.60%  Train: 42.29%  Gap: 1.2%

Config 39/60: T=50 sf=2(578ch) inp=0.302 dens=0.451 dt=0.102 g=0.024+/-0.523 e=0.0357+/-0.031 rho=1.34 th_lif=0.0214 th_rf=0.0076 C=10.0 mode=final
  -> Test: 54.65+/-2.67%  Train: 56.71%  Gap: 2.1%

Config 40/60: T=30 sf=1(2312ch) inp=0.064 dens=0.126 dt=0.560 g=0.609+/-0.711 e=0.0130+/-0.090 rho=1.34 th_lif=0.1221 th_rf=0.0051 C=0.1 mode=mean
  -> Test: 83.17+/-0.54%  Train: 84.17%  Gap: 1.0%

Config 41/60: T=50 sf=1(2312ch) inp=0.611 dens=0.165 dt=0.180 g=0.632+/-0.124 e=0.1068+/-0.039 rho=1.21 th_lif=0.0114 th_rf=0.0027 C=0.01 mode=rms_std_final
  -> Test: 50.36+/-1.07%  Train: 53.74%  Gap: 3.4%

Config 42/60: T=20 sf=1(2312ch) inp=1.929 dens=0.289 dt=0.439 g=0.056+/-0.389 e=0.0757+/-0.072 rho=0.98 th_lif=0.1527 th_rf=0.0229 C=0.01 mode=rms_std_final
  -> Test: 18.94+/-0.17%  Train: 18.69%  Gap: -0.2%

Config 43/60: T=50 sf=2(578ch) inp=0.393 dens=0.228 dt=0.312 g=0.033+/-0.659 e=0.0393+/-0.007 rho=0.98 th_lif=0.0188 th_rf=0.0019 C=0.01 mode=mean
  -> Test: 60.83+/-0.22%  Train: 61.81%  Gap: 1.0%

Config 44/60: T=20 sf=2(578ch) inp=0.096 dens=0.076 dt=0.585 g=0.578+/-0.279 e=0.0952+/-0.097 rho=1.07 th_lif=0.0139 th_rf=0.0095 C=0.01 mode=rms_std_final
  -> Test: 90.96+/-0.12%  Train: 93.31%  Gap: 2.3%

Config 45/60: T=20 sf=1(2312ch) inp=0.278 dens=0.169 dt=0.237 g=0.055+/-0.081 e=0.0871+/-0.068 rho=0.69 th_lif=0.0446 th_rf=0.0086 C=0.1 mode=mean
  -> Test: 30.63+/-0.48%  Train: 31.89%  Gap: 1.3%

Config 46/60: T=20 sf=2(578ch) inp=1.119 dens=0.293 dt=0.567 g=0.669+/-0.420 e=0.0307+/-0.061 rho=1.36 th_lif=0.2258 th_rf=0.0018 C=1.0 mode=mean
  -> Test: 24.85+/-0.49%  Train: 24.16%  Gap: -0.7%

Config 47/60: T=30 sf=1(2312ch) inp=0.317 dens=0.230 dt=0.337 g=0.193+/-0.278 e=0.1407+/-0.091 rho=0.79 th_lif=0.3060 th_rf=0.0046 C=1.0 mode=mean
  -> Test: 54.87+/-0.12%  Train: 57.26%  Gap: 2.4%

Config 48/60: T=30 sf=2(578ch) inp=0.218 dens=0.063 dt=0.109 g=0.109+/-0.362 e=0.0208+/-0.083 rho=1.21 th_lif=0.1894 th_rf=0.0450 C=0.1 mode=rms_std_final
  -> Test: 95.31+/-0.16%  Train: 97.64%  Gap: 2.3%

Config 49/60: T=20 sf=1(2312ch) inp=0.061 dens=0.111 dt=0.440 g=0.021+/-0.108 e=0.0142+/-0.093 rho=0.89 th_lif=0.1497 th_rf=0.0157 C=0.01 mode=mean
  -> Test: 80.00+/-0.39%  Train: 80.36%  Gap: 0.4%

Config 50/60: T=20 sf=1(2312ch) inp=0.167 dens=0.125 dt=0.478 g=0.451+/-0.422 e=0.0804+/-0.033 rho=0.80 th_lif=0.1373 th_rf=0.0225 C=1.0 mode=rms_std_final
  TIMEOUT (seed 0, >600s)

Config 51/60: T=50 sf=1(2312ch) inp=0.344 dens=0.446 dt=0.245 g=0.478+/-0.632 e=0.0299+/-0.037 rho=1.19 th_lif=0.0984 th_rf=0.0292 C=1.0 mode=rms_std_final
  TIMEOUT (seed 0, >600s)

Config 52/60: T=50 sf=1(2312ch) inp=1.706 dens=0.065 dt=0.125 g=0.486+/-0.357 e=0.0191+/-0.006 rho=0.57 th_lif=0.0155 th_rf=0.0025 C=0.1 mode=mean
  -> Test: 64.56+/-0.72%  Train: 64.84%  Gap: 0.3%

Config 53/60: T=30 sf=1(2312ch) inp=0.389 dens=0.179 dt=0.115 g=0.035+/-0.456 e=0.1132+/-0.021 rho=0.71 th_lif=0.3502 th_rf=0.0417 C=0.1 mode=mean
  -> Test: 69.54+/-0.28%  Train: 71.32%  Gap: 1.8%

Config 54/60: T=20 sf=2(578ch) inp=0.245 dens=0.071 dt=0.408 g=0.183+/-0.181 e=0.0331+/-0.003 rho=0.61 th_lif=0.1650 th_rf=0.0025 C=10.0 mode=rms_std_final
  TIMEOUT (seed 0, >600s)

Config 55/60: T=30 sf=2(578ch) inp=0.083 dens=0.316 dt=0.162 g=0.100+/-0.280 e=0.0738+/-0.018 rho=1.38 th_lif=0.0377 th_rf=0.0191 C=0.01 mode=final
  -> Test: 80.98+/-0.93%  Train: 80.86%  Gap: -0.1%

Config 56/60: T=20 sf=2(578ch) inp=0.151 dens=0.085 dt=0.248 g=0.030+/-0.694 e=0.0377+/-0.010 rho=1.37 th_lif=0.2837 th_rf=0.0098 C=1.0 mode=mean
  -> Test: 91.53+/-0.09%  Train: 93.00%  Gap: 1.5%

Config 57/60: T=20 sf=1(2312ch) inp=0.098 dens=0.137 dt=0.376 g=0.503+/-0.138 e=0.0349+/-0.083 rho=0.83 th_lif=0.0749 th_rf=0.0287 C=1.0 mode=final
  -> Test: 52.76+/-0.40%  Train: 55.15%  Gap: 2.4%

Config 58/60: T=50 sf=1(2312ch) inp=0.309 dens=0.481 dt=0.237 g=0.683+/-0.277 e=0.0735+/-0.086 rho=1.18 th_lif=0.0520 th_rf=0.0023 C=1.0 mode=mean
  -> Test: 36.88+/-0.92%  Train: 39.00%  Gap: 2.1%

Config 59/60: T=20 sf=2(578ch) inp=1.994 dens=0.101 dt=0.164 g=0.017+/-0.518 e=0.0279+/-0.032 rho=0.63 th_lif=0.2918 th_rf=0.0017 C=1.0 mode=final
  -> Test: 73.56+/-0.73%  Train: 74.16%  Gap: 0.6%

Config 60/60: T=20 sf=1(2312ch) inp=0.108 dens=0.173 dt=0.201 g=0.013+/-0.444 e=0.0132+/-0.098 rho=1.26 th_lif=0.0244 th_rf=0.0229 C=0.1 mode=final
  -> Test: 41.24+/-1.58%  Train: 42.76%  Gap: 1.5%

======================================================================
Completed: 51/60 configs
Failed:    9/60 configs
======================================================================

TOP 10 CONFIGURATIONS:
Rank  Test%          Train%     Gap     T    sf  mode           C      inp     dens    dt     gamma   eps     rho    th_lif   th_rf
------------------------------------------------------------------------------------------------------------------------
1     95.31+/-0.16  97.6%    2.3%  30   2   rms_std_final  0.1    0.218  0.063  0.109 0.109  0.0208 1.21  0.1894  0.0450
2     93.93+/-0.18  95.9%    1.9%  30   2   final          1.0    0.125  0.109  0.128 0.474  0.0147 0.81  0.1367  0.0281
3     93.34+/-0.04  95.5%    2.2%  30   2   final          10.0   0.090  0.490  0.202 0.053  0.1486 0.77  0.4633  0.0022
4     92.41+/-0.15  92.9%    0.4%  30   2   final          0.01   0.112  0.084  0.527 0.034  0.0171 0.52  0.1787  0.0330
5     91.73+/-0.19  93.6%    1.9%  20   2   final          10.0   0.207  0.085  0.107 0.389  0.0372 0.71  0.1242  0.0110
6     91.53+/-0.09  93.0%    1.5%  20   2   mean           1.0    0.151  0.085  0.248 0.030  0.0377 1.37  0.2837  0.0098
7     90.96+/-0.12  93.3%    2.3%  20   2   rms_std_final  0.01   0.096  0.076  0.585 0.578  0.0952 1.07  0.0139  0.0095
8     90.74+/-0.16  92.7%    1.9%  20   1   final          10.0   0.139  0.111  0.155 0.140  0.0856 1.34  0.4419  0.0118
9     90.73+/-0.17  92.8%    2.1%  50   2   final          1.0    0.225  0.071  0.567 0.021  0.0529 0.90  0.0281  0.0140
10    87.98+/-0.66  89.6%    1.6%  50   1   final          1.0    0.086  0.072  0.221 0.128  0.0182 0.86  0.0669  0.0021

PARAMETER TRENDS (top 10 vs all):
      inp_scaling: top10=0.1450+/-0.0509  all=0.5206+/-0.5361
    input_density: top10=0.1246+/-0.1228  all=0.2269+/-0.1415
               dt: top10=0.2849+/-0.1856  all=0.2781+/-0.1504
            gamma: top10=0.1955+/-0.1950  all=0.2137+/-0.2315
          epsilon: top10=0.0528+/-0.0418  all=0.0536+/-0.0413
              rho: top10=0.9565+/-0.2660  all=0.9770+/-0.2576
        theta_lif: top10=0.1927+/-0.1505  all=0.1291+/-0.1319
         theta_rf: top10=0.0166+/-0.0134  all=0.0137+/-0.0130

NUM_STEPS BREAKDOWN:
  T=20  : n=15, test=54.64+/-30.04%  best=91.73%
  T=30  : n=18, test=67.40+/-19.92%  best=95.31%
  T=50  : n=18, test=61.81+/-18.91%  best=90.73%

SPATIAL_FACTOR BREAKDOWN:
  sf=1 (2312 ch): n=26, test=52.96+/-21.37%  best=90.74%
  sf=2 ( 578 ch): n=25, test=70.73+/-22.40%  best=95.31%

READOUT MODE BREAKDOWN:
  rms_std_final   : n=10, test=63.19+/-25.70%  best=95.31%
  final           : n=24, test=64.00+/-24.80%  best=93.93%
  mean            : n=17, test=57.49+/-19.75%  best=91.53%

REGULARIZATION (C) BREAKDOWN:
  C=0.01  : n=12, test=62.51+/-24.37%  gap=1.1%
  C=0.1   : n=15, test=59.24+/-21.30%  gap=1.6%
  C=1.0   : n=16, test=61.66+/-24.01%  gap=1.7%
  C=10.0  : n=8, test=65.00+/-25.24%  gap=1.4%
