psMNIST phase 2 search (readout=final): 150 configs (120 exploit / 30 explore), seed=42
Reference best: {'dt': 0.047, 'gamma': 2.62, 'epsilon': 0.24, 'gamma_range': 3.84, 'epsilon_range': 1.86, 'inp_scaling': 3.67, 'rho': 1.55, 'theta_lif': 0.05, 'theta_rf': 0.005, 'tau_filter': 20.0}
======================================================================

🎯 Config 1/150 [exploit]: inp=2.8593 dt=0.087 γ=1.1329±3.80 ε=0.3296±2.768 ρ=1.97 θlif=0.0568 θrf=0.0024 τ=48.1 C=1.0
   ❌ FAILED
        File "/home/nfs/amicheli/.local/lib/python3.7/site-packages/sklearn/utils/validation.py", line 116, in _assert_all_finite
          type_err, msg_dtype if msg_dtype is not None else X.dtype
      ValueError: Input contains infinity or a value too large for dtype('float32').

🌐 Config 2/150 [explore]: inp=1.1834 dt=0.101 γ=3.9609±1.90 ε=0.3479±1.981 ρ=1.56 θlif=0.2878 θrf=0.0103 τ=71.4 C=0.01
   ✅ Test: 63.68%  Train: 66.55%  Gap: 2.9%

🎯 Config 3/150 [exploit]: inp=7.5417 dt=0.040 γ=1.7534±2.79 ε=0.0561±1.440 ρ=1.86 θlif=0.0211 θrf=0.0051 τ=5.2 C=0.01
   ✅ Test: 78.36%  Train: 80.18%  Gap: 1.8%

🌐 Config 4/150 [explore]: inp=1.8376 dt=0.111 γ=1.2835±4.11 ε=0.0061±0.237 ρ=1.58 θlif=0.0100 θrf=0.0289 τ=7.2 C=0.01
   ✅ Test: 53.95%  Train: 57.63%  Gap: 3.7%

🎯 Config 5/150 [exploit]: inp=5.4790 dt=0.045 γ=2.6189±2.19 ε=0.1975±1.697 ρ=1.34 θlif=0.0369 θrf=0.0104 τ=6.7 C=0.1
   ✅ Test: 85.45%  Train: 87.16%  Gap: 1.7%

🎯 Config 6/150 [exploit]: inp=1.9611 dt=0.073 γ=2.4439±1.87 ε=0.3743±1.544 ρ=1.12 θlif=0.0340 θrf=0.0028 τ=6.3 C=1.0
   ⏰ TIMEOUT (>300s)

🎯 Config 7/150 [exploit]: inp=5.0319 dt=0.045 γ=1.5762±1.75 ε=0.6379±2.774 ρ=1.77 θlif=0.0403 θrf=0.0498 τ=35.2 C=1.0
   ⏰ TIMEOUT (>300s)

🎯 Config 8/150 [exploit]: inp=3.4574 dt=0.036 γ=1.2665±4.17 ε=0.0805±1.796 ρ=1.20 θlif=0.0363 θrf=0.0019 τ=7.8 C=0.1
   ✅ Test: 85.97%  Train: 87.85%  Gap: 1.9%

🎯 Config 9/150 [exploit]: inp=2.2287 dt=0.039 γ=1.2703±1.21 ε=0.7086±2.681 ρ=1.33 θlif=0.0109 θrf=0.0259 τ=34.4 C=1.0
   ⏰ TIMEOUT (>300s)

🎯 Config 10/150 [exploit]: inp=2.9949 dt=0.054 γ=1.0078±1.80 ε=0.3860±0.981 ρ=1.86 θlif=0.0324 θrf=0.0315 τ=34.4 C=0.01
   ✅ Test: 61.60%  Train: 63.96%  Gap: 2.4%

   💾 Saved top-20 intermediate results (best so far: 85.97% [exploit])

🎯 Config 11/150 [exploit]: inp=3.1414 dt=0.113 γ=2.3333±2.92 ε=0.3776±1.487 ρ=1.73 θlif=0.0231 θrf=0.0081 τ=7.8 C=0.01
   ✅ Test: 59.98%  Train: 61.52%  Gap: 1.5%

🎯 Config 12/150 [exploit]: inp=2.6517 dt=0.117 γ=3.0214±1.19 ε=0.6154±0.880 ρ=1.62 θlif=0.0718 θrf=0.0071 τ=8.1 C=1.0
   ⏰ TIMEOUT (>300s)

🎯 Config 13/150 [exploit]: inp=1.6194 dt=0.104 γ=1.9640±3.58 ε=0.1818±1.733 ρ=1.08 θlif=0.0124 θrf=0.0012 τ=9.0 C=0.1
   ✅ Test: 64.93%  Train: 67.81%  Gap: 2.9%

🎯 Config 14/150 [exploit]: inp=2.1695 dt=0.083 γ=2.0176±4.58 ε=0.3480±0.879 ρ=1.72 θlif=0.0829 θrf=0.0025 τ=13.6 C=0.01
   ✅ Test: 68.25%  Train: 71.69%  Gap: 3.4%

🎯 Config 15/150 [exploit]: inp=5.0461 dt=0.042 γ=1.1641±2.38 ε=0.1123±2.982 ρ=1.08 θlif=0.0652 θrf=0.0022 τ=21.4 C=1.0
   ⏰ TIMEOUT (>300s)

🎯 Config 16/150 [exploit]: inp=7.0060 dt=0.036 γ=1.6116±3.23 ε=0.0908±1.946 ρ=1.73 θlif=0.1423 θrf=0.0219 τ=8.1 C=0.1
   ✅ Test: 87.05%  Train: 88.90%  Gap: 1.8%

🎯 Config 17/150 [exploit]: inp=1.9695 dt=0.117 γ=3.2389±2.71 ε=0.1213±1.306 ρ=1.29 θlif=0.0269 θrf=0.0163 τ=26.9 C=0.1
   ✅ Test: 68.53%  Train: 71.63%  Gap: 3.1%

🌐 Config 18/150 [explore]: inp=0.4320 dt=0.050 γ=1.2440±5.03 ε=0.0071±0.982 ρ=1.14 θlif=0.5278 θrf=0.0993 τ=1.4 C=1.0
   ⏰ TIMEOUT (>300s)

🎯 Config 19/150 [exploit]: inp=1.0447 dt=0.137 γ=5.1881±2.33 ε=0.1809±1.877 ρ=1.88 θlif=0.0403 θrf=0.0012 τ=29.5 C=0.01
   ✅ Test: 50.70%  Train: 53.97%  Gap: 3.3%

🎯 Config 20/150 [exploit]: inp=7.7813 dt=0.136 γ=1.1708±3.67 ε=0.0541±1.559 ρ=1.47 θlif=0.0462 θrf=0.0058 τ=6.8 C=0.1
   ❌ FAILED
        File "/home/nfs/amicheli/.local/lib/python3.7/site-packages/sklearn/utils/validation.py", line 116, in _assert_all_finite
          type_err, msg_dtype if msg_dtype is not None else X.dtype
      ValueError: Input contains infinity or a value too large for dtype('float32').

   💾 Saved top-20 intermediate results (best so far: 87.05% [exploit])

🎯 Config 21/150 [exploit]: inp=1.3870 dt=0.129 γ=1.5389±3.78 ε=0.3264±2.429 ρ=1.23 θlif=0.0102 θrf=0.0437 τ=24.6 C=0.1
   ❌ FAILED
        File "/home/nfs/amicheli/.local/lib/python3.7/site-packages/sklearn/utils/validation.py", line 116, in _assert_all_finite
          type_err, msg_dtype if msg_dtype is not None else X.dtype
      ValueError: Input contains infinity or a value too large for dtype('float32').

🎯 Config 22/150 [exploit]: inp=5.4822 dt=0.035 γ=3.6210±1.44 ε=0.1317±2.247 ρ=1.72 θlif=0.0107 θrf=0.0014 τ=12.2 C=0.01
   ✅ Test: 73.17%  Train: 74.38%  Gap: 1.2%

🎯 Config 23/150 [exploit]: inp=1.9289 dt=0.059 γ=3.4623±3.35 ε=0.7812±1.880 ρ=1.47 θlif=0.1506 θrf=0.0020 τ=9.7 C=0.1
   ✅ Test: 81.99%  Train: 84.31%  Gap: 2.3%

🎯 Config 24/150 [exploit]: inp=2.9975 dt=0.149 γ=4.9929±2.47 ε=0.6153±2.260 ρ=1.15 θlif=0.1456 θrf=0.0348 τ=11.4 C=0.01
   ✅ Test: 81.37%  Train: 82.91%  Gap: 1.5%

🎯 Config 25/150 [exploit]: inp=4.6803 dt=0.084 γ=5.0059±3.65 ε=0.1205±2.986 ρ=1.40 θlif=0.0204 θrf=0.0015 τ=18.3 C=1.0
   ⏰ TIMEOUT (>300s)

🎯 Config 26/150 [exploit]: inp=7.1538 dt=0.117 γ=1.0455±4.57 ε=0.1015±1.026 ρ=1.60 θlif=0.0292 θrf=0.0013 τ=7.9 C=0.1
   ❌ FAILED
        File "/home/nfs/amicheli/.local/lib/python3.7/site-packages/sklearn/utils/validation.py", line 116, in _assert_all_finite
          type_err, msg_dtype if msg_dtype is not None else X.dtype
      ValueError: Input contains infinity or a value too large for dtype('float32').

🎯 Config 27/150 [exploit]: inp=1.4274 dt=0.044 γ=2.3129±1.98 ε=0.2223±2.186 ρ=1.20 θlif=0.0424 θrf=0.0085 τ=17.7 C=0.01
   ✅ Test: 82.70%  Train: 84.02%  Gap: 1.3%

🎯 Config 28/150 [exploit]: inp=1.0187 dt=0.049 γ=5.2593±2.60 ε=0.0773±1.155 ρ=1.22 θlif=0.0191 θrf=0.0031 τ=38.7 C=1.0
   ✅ Test: 69.79%  Train: 73.61%  Gap: 3.8%

🎯 Config 29/150 [exploit]: inp=1.0673 dt=0.095 γ=1.1184±3.43 ε=0.1565±1.710 ρ=1.76 θlif=0.1396 θrf=0.0165 τ=7.5 C=1.0
   ✅ Test: 67.43%  Train: 71.17%  Gap: 3.7%

🎯 Config 30/150 [exploit]: inp=2.0513 dt=0.046 γ=1.8234±1.81 ε=0.1200±1.044 ρ=1.22 θlif=0.1134 θrf=0.0121 τ=21.9 C=0.1
   ✅ Test: 85.59%  Train: 87.91%  Gap: 2.3%

   💾 Saved top-20 intermediate results (best so far: 87.05% [exploit])

🌐 Config 31/150 [explore]: inp=0.1139 dt=0.044 γ=5.6088±3.73 ε=0.6397±1.354 ρ=1.26 θlif=0.0276 θrf=0.0349 τ=36.0 C=1.0
   ✅ Test: 26.30%  Train: 31.28%  Gap: 5.0%

🎯 Config 32/150 [exploit]: inp=4.6254 dt=0.139 γ=1.5258±4.14 ε=0.5099±0.739 ρ=1.72 θlif=0.0693 θrf=0.0156 τ=13.9 C=0.1
   ✅ Test: 69.59%  Train: 71.90%  Gap: 2.3%

🎯 Config 33/150 [exploit]: inp=3.5261 dt=0.037 γ=2.9121±4.22 ε=0.2555±1.979 ρ=1.14 θlif=0.0181 θrf=0.0013 τ=16.9 C=0.1
   ✅ Test: 84.49%  Train: 86.51%  Gap: 2.0%

🎯 Config 34/150 [exploit]: inp=4.7211 dt=0.035 γ=2.3032±1.45 ε=0.5720±2.096 ρ=1.81 θlif=0.0740 θrf=0.0127 τ=7.6 C=1.0
   ⏰ TIMEOUT (>300s)

🌐 Config 35/150 [explore]: inp=0.2657 dt=0.187 γ=3.0598±5.85 ε=0.0145±0.765 ρ=1.97 θlif=0.7588 θrf=0.0559 τ=1.8 C=0.01
   ✅ Test: 32.86%  Train: 36.89%  Gap: 4.0%

🌐 Config 36/150 [explore]: inp=1.5746 dt=0.047 γ=0.7205±0.51 ε=0.0155±3.703 ρ=1.30 θlif=0.1506 θrf=0.0922 τ=13.8 C=1.0
   ⏰ TIMEOUT (>300s)

🌐 Config 37/150 [explore]: inp=0.5930 dt=0.022 γ=5.8898±1.68 ε=0.2035±2.378 ρ=2.35 θlif=0.7264 θrf=0.0043 τ=12.1 C=0.01
   ✅ Test: 63.72%  Train: 66.73%  Gap: 3.0%

🎯 Config 38/150 [exploit]: inp=2.3040 dt=0.036 γ=1.3978±4.16 ε=0.3629±0.899 ρ=1.03 θlif=0.0743 θrf=0.0016 τ=44.0 C=1.0
   ⏰ TIMEOUT (>300s)

🎯 Config 39/150 [exploit]: inp=1.2440 dt=0.039 γ=5.3615±1.66 ε=0.3234±0.542 ρ=1.30 θlif=0.0577 θrf=0.0014 τ=20.1 C=0.01
   ✅ Test: 76.91%  Train: 77.78%  Gap: 0.9%

🎯 Config 40/150 [exploit]: inp=1.6984 dt=0.031 γ=1.5730±1.60 ε=0.1594±1.352 ρ=1.32 θlif=0.0217 θrf=0.0044 τ=43.0 C=0.1
   ✅ Test: 81.39%  Train: 83.83%  Gap: 2.4%

   💾 Saved top-20 intermediate results (best so far: 87.05% [exploit])

🎯 Config 41/150 [exploit]: inp=4.1883 dt=0.113 γ=1.6839±4.75 ε=0.0763±1.184 ρ=1.65 θlif=0.0834 θrf=0.0222 τ=11.2 C=0.1
   ❌ FAILED
        File "/home/nfs/amicheli/.local/lib/python3.7/site-packages/sklearn/utils/validation.py", line 116, in _assert_all_finite
          type_err, msg_dtype if msg_dtype is not None else X.dtype
      ValueError: Input contains infinity or a value too large for dtype('float32').

🎯 Config 42/150 [exploit]: inp=5.6485 dt=0.081 γ=4.8119±3.29 ε=0.0621±1.980 ρ=1.72 θlif=0.0246 θrf=0.0013 τ=15.8 C=0.1
   ✅ Test: 75.83%  Train: 78.69%  Gap: 2.9%

🌐 Config 43/150 [explore]: inp=0.6573 dt=0.157 γ=0.5487±4.43 ε=0.1467±2.608 ρ=1.31 θlif=0.3025 θrf=0.0009 τ=43.4 C=0.1
   ❌ FAILED
        File "/home/nfs/amicheli/.local/lib/python3.7/site-packages/sklearn/utils/validation.py", line 116, in _assert_all_finite
          type_err, msg_dtype if msg_dtype is not None else X.dtype
      ValueError: Input contains infinity or a value too large for dtype('float32').

🎯 Config 44/150 [exploit]: inp=1.2496 dt=0.034 γ=1.7758±2.65 ε=0.0620±1.586 ρ=1.45 θlif=0.1656 θrf=0.0031 τ=42.3 C=0.1
   ✅ Test: 79.06%  Train: 82.25%  Gap: 3.2%

🎯 Config 45/150 [exploit]: inp=1.3047 dt=0.044 γ=5.6775±1.57 ε=0.2750±2.007 ρ=1.18 θlif=0.1208 θrf=0.0156 τ=13.0 C=1.0
   ⏰ TIMEOUT (>300s)

🎯 Config 46/150 [exploit]: inp=5.9200 dt=0.096 γ=4.7932±3.16 ε=0.1274±2.240 ρ=1.42 θlif=0.0428 θrf=0.0053 τ=13.6 C=0.1
   ✅ Test: 80.65%  Train: 82.81%  Gap: 2.2%

🎯 Config 47/150 [exploit]: inp=6.1171 dt=0.147 γ=4.2259±4.51 ε=0.6609±2.832 ρ=1.28 θlif=0.1060 θrf=0.0112 τ=10.2 C=1.0
   ⏰ TIMEOUT (>300s)

🎯 Config 48/150 [exploit]: inp=3.9659 dt=0.132 γ=3.6700±2.87 ε=0.1732±2.051 ρ=1.27 θlif=0.1177 θrf=0.0111 τ=5.8 C=0.01
   ✅ Test: 84.77%  Train: 86.05%  Gap: 1.3%

🎯 Config 49/150 [exploit]: inp=7.6165 dt=0.132 γ=1.2200±1.26 ε=0.0835±0.833 ρ=1.10 θlif=0.0140 θrf=0.0186 τ=17.6 C=0.01
   ✅ Test: 71.86%  Train: 73.55%  Gap: 1.7%

🎯 Config 50/150 [exploit]: inp=6.7457 dt=0.120 γ=1.4995±4.49 ε=0.2466±0.668 ρ=1.38 θlif=0.1705 θrf=0.0038 τ=16.4 C=0.1
   ✅ Test: 86.89%  Train: 89.19%  Gap: 2.3%

   💾 Saved top-20 intermediate results (best so far: 87.05% [exploit])

🌐 Config 51/150 [explore]: inp=0.8948 dt=0.077 γ=0.7147±3.42 ε=0.0642±2.539 ρ=1.23 θlif=0.2833 θrf=0.0034 τ=1.1 C=1.0
   ❌ FAILED
        File "/home/nfs/amicheli/.local/lib/python3.7/site-packages/sklearn/utils/validation.py", line 116, in _assert_all_finite
          type_err, msg_dtype if msg_dtype is not None else X.dtype
      ValueError: Input contains infinity or a value too large for dtype('float32').

🎯 Config 52/150 [exploit]: inp=3.4119 dt=0.143 γ=1.3602±1.51 ε=0.0551±1.577 ρ=1.64 θlif=0.0233 θrf=0.0191 τ=23.8 C=0.01
   ✅ Test: 66.91%  Train: 68.71%  Gap: 1.8%

🎯 Config 53/150 [exploit]: inp=2.5872 dt=0.095 γ=3.1153±1.87 ε=0.1839±1.302 ρ=1.78 θlif=0.0146 θrf=0.0122 τ=5.9 C=0.01
   ✅ Test: 59.45%  Train: 61.39%  Gap: 1.9%

🌐 Config 54/150 [explore]: inp=0.4693 dt=0.049 γ=0.4618±1.20 ε=0.0061±3.364 ρ=2.40 θlif=0.0081 θrf=0.0025 τ=67.5 C=0.01
   ✅ Test: 46.19%  Train: 49.18%  Gap: 3.0%

🎯 Config 55/150 [exploit]: inp=1.5649 dt=0.047 γ=4.3875±3.51 ε=0.1054±2.532 ρ=1.20 θlif=0.0458 θrf=0.0078 τ=12.4 C=0.1
   ✅ Test: 84.86%  Train: 87.70%  Gap: 2.8%

🎯 Config 56/150 [exploit]: inp=4.3654 dt=0.103 γ=1.8460±2.32 ε=0.1206±1.598 ρ=1.16 θlif=0.1741 θrf=0.0010 τ=14.6 C=0.1
   ✅ Test: 87.92%  Train: 90.51%  Gap: 2.6%

🎯 Config 57/150 [exploit]: inp=4.9923 dt=0.039 γ=1.8048±2.69 ε=0.6535±1.840 ρ=1.36 θlif=0.0128 θrf=0.0010 τ=20.0 C=0.1
   ✅ Test: 75.98%  Train: 77.71%  Gap: 1.7%

🎯 Config 58/150 [exploit]: inp=5.4854 dt=0.062 γ=1.5198±2.41 ε=0.1036±1.125 ρ=1.10 θlif=0.0190 θrf=0.0073 τ=5.2 C=0.1
   ✅ Test: 80.97%  Train: 83.11%  Gap: 2.1%

🎯 Config 59/150 [exploit]: inp=1.4522 dt=0.049 γ=2.2465±3.72 ε=0.1728±0.640 ρ=1.77 θlif=0.1274 θrf=0.0187 τ=13.7 C=0.1
   ✅ Test: 78.73%  Train: 81.36%  Gap: 2.6%

🎯 Config 60/150 [exploit]: inp=2.3871 dt=0.088 γ=2.0207±2.15 ε=0.0747±0.739 ρ=1.84 θlif=0.1192 θrf=0.0243 τ=9.1 C=0.1
   ✅ Test: 75.36%  Train: 79.21%  Gap: 3.8%

   💾 Saved top-20 intermediate results (best so far: 87.92% [exploit])

🌐 Config 61/150 [explore]: inp=0.1218 dt=0.172 γ=4.3008±3.03 ε=0.4328±2.399 ρ=2.00 θlif=0.0508 θrf=0.0013 τ=2.5 C=0.1
   ✅ Test: 34.58%  Train: 39.15%  Gap: 4.6%

🌐 Config 62/150 [explore]: inp=1.3775 dt=0.032 γ=1.2492±5.22 ε=0.0136±1.303 ρ=1.59 θlif=0.1039 θrf=0.0017 τ=2.4 C=10.0
   ⏰ TIMEOUT (>300s)

🎯 Config 63/150 [exploit]: inp=4.3376 dt=0.089 γ=4.8183±2.83 ε=0.7020±2.035 ρ=1.99 θlif=0.0924 θrf=0.0184 τ=22.4 C=1.0
   ⏰ TIMEOUT (>300s)

🌐 Config 64/150 [explore]: inp=8.3110 dt=0.037 γ=0.6779±5.06 ε=0.9481±1.620 ρ=1.81 θlif=0.0582 θrf=0.0225 τ=9.4 C=0.01
   ✅ Test: 76.54%  Train: 76.94%  Gap: 0.4%

🎯 Config 65/150 [exploit]: inp=3.0218 dt=0.085 γ=3.2145±4.44 ε=0.7916±2.825 ρ=1.52 θlif=0.1469 θrf=0.0017 τ=21.1 C=0.001
   ✅ Test: 83.34%  Train: 83.37%  Gap: 0.0%

🌐 Config 66/150 [explore]: inp=0.1163 dt=0.043 γ=3.3727±1.14 ε=0.3205±2.327 ρ=2.33 θlif=0.1194 θrf=0.0240 τ=68.2 C=0.01
   ✅ Test: 32.26%  Train: 35.67%  Gap: 3.4%

🌐 Config 67/150 [explore]: inp=0.5303 dt=0.023 γ=1.2234±0.97 ε=0.2405±2.513 ρ=1.60 θlif=0.0393 θrf=0.0260 τ=22.1 C=0.1
   ✅ Test: 75.31%  Train: 77.20%  Gap: 1.9%

🎯 Config 68/150 [exploit]: inp=2.7363 dt=0.043 γ=2.7147±3.79 ε=0.1162±2.871 ρ=1.27 θlif=0.0177 θrf=0.0060 τ=9.8 C=0.1
   ✅ Test: 82.46%  Train: 85.14%  Gap: 2.7%

🎯 Config 69/150 [exploit]: inp=7.5179 dt=0.031 γ=2.2776±3.71 ε=0.5517±2.401 ρ=1.47 θlif=0.1336 θrf=0.0026 τ=17.7 C=0.1
   ✅ Test: 84.63%  Train: 86.75%  Gap: 2.1%

🎯 Config 70/150 [exploit]: inp=6.1056 dt=0.059 γ=1.2022±2.55 ε=0.0580±0.679 ρ=1.73 θlif=0.0109 θrf=0.0105 τ=10.3 C=0.01
   ✅ Test: 72.44%  Train: 74.26%  Gap: 1.8%

   💾 Saved top-20 intermediate results (best so far: 87.92% [exploit])

🌐 Config 71/150 [explore]: inp=0.2722 dt=0.047 γ=1.6186±1.78 ε=0.1288±3.639 ρ=0.71 θlif=0.2956 θrf=0.0005 τ=39.1 C=10.0
   ✅ Test: 60.04%  Train: 63.37%  Gap: 3.3%

🎯 Config 72/150 [exploit]: inp=1.0192 dt=0.038 γ=2.8163±3.78 ε=0.4848±2.594 ρ=1.33 θlif=0.0243 θrf=0.0023 τ=15.4 C=0.1
   ✅ Test: 77.38%  Train: 80.11%  Gap: 2.7%

🎯 Config 73/150 [exploit]: inp=4.7553 dt=0.055 γ=3.4400±2.01 ε=0.1607±1.275 ρ=1.53 θlif=0.0711 θrf=0.0354 τ=46.5 C=0.1
   ✅ Test: 86.34%  Train: 88.21%  Gap: 1.9%

🎯 Config 74/150 [exploit]: inp=2.0260 dt=0.034 γ=2.3178±1.17 ε=0.5539±0.696 ρ=1.54 θlif=0.0300 θrf=0.0014 τ=16.5 C=0.01
   ✅ Test: 71.44%  Train: 71.53%  Gap: 0.1%

🌐 Config 75/150 [explore]: inp=3.5056 dt=0.061 γ=0.9064±4.09 ε=0.0622±1.098 ρ=2.41 θlif=0.0574 θrf=0.0033 τ=51.3 C=0.01
   ✅ Test: 72.37%  Train: 75.19%  Gap: 2.8%

🌐 Config 76/150 [explore]: inp=0.4061 dt=0.211 γ=0.3631±5.39 ε=0.4776±1.610 ρ=2.06 θlif=0.0280 θrf=0.0118 τ=3.9 C=1.0
   ❌ FAILED
        File "/home/nfs/amicheli/.local/lib/python3.7/site-packages/sklearn/utils/validation.py", line 116, in _assert_all_finite
          type_err, msg_dtype if msg_dtype is not None else X.dtype
      ValueError: Input contains infinity or a value too large for dtype('float32').

🎯 Config 77/150 [exploit]: inp=4.6470 dt=0.034 γ=5.2549±4.83 ε=0.0710±1.040 ρ=1.88 θlif=0.1352 θrf=0.0090 τ=12.8 C=0.1
   ✅ Test: 86.98%  Train: 89.44%  Gap: 2.5%

🎯 Config 78/150 [exploit]: inp=4.0042 dt=0.031 γ=2.1500±2.23 ε=0.4129±1.159 ρ=1.61 θlif=0.0522 θrf=0.0042 τ=36.6 C=1.0
   ⏰ TIMEOUT (>300s)

🎯 Config 79/150 [exploit]: inp=3.3172 dt=0.048 γ=4.5732±2.87 ε=0.1949±2.624 ρ=1.49 θlif=0.0226 θrf=0.0198 τ=36.3 C=0.001
   ✅ Test: 77.04%  Train: 77.24%  Gap: 0.2%

🌐 Config 80/150 [explore]: inp=2.7761 dt=0.085 γ=4.8413±1.69 ε=0.1131±0.270 ρ=2.08 θlif=0.6135 θrf=0.0180 τ=21.6 C=1.0
   ✅ Test: 62.83%  Train: 66.75%  Gap: 3.9%

   💾 Saved top-20 intermediate results (best so far: 87.92% [exploit])

🎯 Config 81/150 [exploit]: inp=1.1991 dt=0.045 γ=4.3757±3.96 ε=0.2499±2.392 ρ=1.88 θlif=0.0239 θrf=0.0349 τ=7.6 C=0.1
   ✅ Test: 69.35%  Train: 72.75%  Gap: 3.4%

🎯 Config 82/150 [exploit]: inp=1.3959 dt=0.031 γ=2.7285±4.18 ε=0.2248±1.684 ρ=1.75 θlif=0.0384 θrf=0.0012 τ=41.9 C=0.1
   ✅ Test: 83.83%  Train: 86.16%  Gap: 2.3%

🎯 Config 83/150 [exploit]: inp=1.6406 dt=0.120 γ=4.0541±4.83 ε=0.0587±1.184 ρ=1.79 θlif=0.0428 θrf=0.0231 τ=14.6 C=0.01
   ✅ Test: 59.89%  Train: 62.99%  Gap: 3.1%

🎯 Config 84/150 [exploit]: inp=2.4203 dt=0.082 γ=4.6087±3.20 ε=0.0650±2.040 ρ=1.49 θlif=0.0251 θrf=0.0103 τ=16.2 C=0.01
   ✅ Test: 73.61%  Train: 75.54%  Gap: 1.9%

🎯 Config 85/150 [exploit]: inp=1.3132 dt=0.138 γ=2.5498±4.20 ε=0.1933±2.837 ρ=1.91 θlif=0.0104 θrf=0.0036 τ=19.4 C=0.1
   ✅ Test: 51.92%  Train: 55.32%  Gap: 3.4%

🎯 Config 86/150 [exploit]: inp=3.6176 dt=0.146 γ=5.0777±3.83 ε=0.3095±1.635 ρ=1.83 θlif=0.1379 θrf=0.0046 τ=36.1 C=1.0
   ✅ Test: 77.76%  Train: 81.11%  Gap: 3.3%

🎯 Config 87/150 [exploit]: inp=3.0178 dt=0.149 γ=2.5432±3.22 ε=0.1660±2.842 ρ=1.70 θlif=0.0129 θrf=0.0030 τ=11.7 C=1.0
   ⏰ TIMEOUT (>300s)

🎯 Config 88/150 [exploit]: inp=2.4147 dt=0.118 γ=1.2229±3.71 ε=0.3761±0.599 ρ=1.77 θlif=0.0183 θrf=0.0017 τ=38.5 C=0.01
   ✅ Test: 51.71%  Train: 53.98%  Gap: 2.3%

🎯 Config 89/150 [exploit]: inp=2.4118 dt=0.053 γ=3.4864±2.22 ε=0.1473±0.899 ρ=1.62 θlif=0.1099 θrf=0.0032 τ=30.0 C=0.001
   ✅ Test: 79.39%  Train: 79.60%  Gap: 0.2%

🎯 Config 90/150 [exploit]: inp=2.6745 dt=0.051 γ=1.9272±2.25 ε=0.0603±0.962 ρ=1.99 θlif=0.0880 θrf=0.0015 τ=6.8 C=0.1
   ✅ Test: 83.31%  Train: 86.12%  Gap: 2.8%

   💾 Saved top-20 intermediate results (best so far: 87.92% [exploit])

🎯 Config 91/150 [exploit]: inp=1.1842 dt=0.113 γ=2.0665±1.02 ε=0.0551±1.497 ρ=1.04 θlif=0.0941 θrf=0.0060 τ=19.5 C=1.0
   ✅ Test: 71.77%  Train: 75.46%  Gap: 3.7%

🎯 Config 92/150 [exploit]: inp=5.3801 dt=0.067 γ=1.1892±1.79 ε=0.1140±2.744 ρ=1.36 θlif=0.1599 θrf=0.0220 τ=34.9 C=0.1
   ✅ Test: 86.85%  Train: 88.77%  Gap: 1.9%

🌐 Config 93/150 [explore]: inp=1.1263 dt=0.066 γ=1.3129±5.71 ε=0.0076±0.227 ρ=1.27 θlif=0.0119 θrf=0.0007 τ=1.5 C=1.0
   ⏰ TIMEOUT (>300s)

🎯 Config 94/150 [exploit]: inp=3.5357 dt=0.064 γ=1.7779±4.77 ε=0.0850±2.014 ρ=1.52 θlif=0.0735 θrf=0.0037 τ=20.3 C=0.01
   ✅ Test: 86.27%  Train: 87.36%  Gap: 1.1%

🎯 Config 95/150 [exploit]: inp=2.1311 dt=0.135 γ=4.6978±4.44 ε=0.1082±0.711 ρ=1.18 θlif=0.0313 θrf=0.0037 τ=9.9 C=0.1
   ✅ Test: 68.67%  Train: 71.22%  Gap: 2.5%

🎯 Config 96/150 [exploit]: inp=1.3251 dt=0.088 γ=2.0572±2.06 ε=0.1136±2.746 ρ=1.10 θlif=0.0231 θrf=0.0095 τ=6.0 C=0.01
   ✅ Test: 69.47%  Train: 71.77%  Gap: 2.3%

🎯 Config 97/150 [exploit]: inp=7.4282 dt=0.040 γ=5.5838±3.61 ε=0.1679±2.350 ρ=1.44 θlif=0.0256 θrf=0.0027 τ=36.2 C=0.001
   ✅ Test: 77.96%  Train: 77.90%  Gap: -0.1%

🎯 Config 98/150 [exploit]: inp=2.2945 dt=0.076 γ=1.8861±1.68 ε=0.3297±2.760 ρ=1.40 θlif=0.0776 θrf=0.0061 τ=23.2 C=0.01
   ✅ Test: 82.91%  Train: 84.00%  Gap: 1.1%

🎯 Config 99/150 [exploit]: inp=7.6773 dt=0.054 γ=3.5122±1.60 ε=0.7535±0.541 ρ=1.47 θlif=0.0954 θrf=0.0070 τ=7.2 C=0.001
   ✅ Test: 52.19%  Train: 52.68%  Gap: 0.5%

🎯 Config 100/150 [exploit]: inp=7.2707 dt=0.140 γ=4.9252±3.86 ε=0.1462±2.239 ρ=1.44 θlif=0.0195 θrf=0.0462 τ=12.3 C=1.0
   ⏰ TIMEOUT (>300s)

   💾 Saved top-20 intermediate results (best so far: 87.92% [exploit])

🎯 Config 101/150 [exploit]: inp=3.9965 dt=0.036 γ=1.8221±2.25 ε=0.1842±2.471 ρ=1.27 θlif=0.0129 θrf=0.0269 τ=12.3 C=0.1
   ✅ Test: 80.43%  Train: 82.68%  Gap: 2.3%

🎯 Config 102/150 [exploit]: inp=5.2234 dt=0.050 γ=5.6607±2.47 ε=0.0998±2.136 ρ=1.31 θlif=0.1401 θrf=0.0034 τ=27.0 C=0.1
   ✅ Test: 84.99%  Train: 87.66%  Gap: 2.7%

🎯 Config 103/150 [exploit]: inp=4.5578 dt=0.112 γ=1.0176±4.00 ε=0.0580±2.020 ρ=1.49 θlif=0.0460 θrf=0.0129 τ=8.7 C=10.0
   ❌ FAILED
        File "/home/nfs/amicheli/.local/lib/python3.7/site-packages/sklearn/utils/validation.py", line 116, in _assert_all_finite
          type_err, msg_dtype if msg_dtype is not None else X.dtype
      ValueError: Input contains infinity or a value too large for dtype('float32').

🌐 Config 104/150 [explore]: inp=0.2464 dt=0.045 γ=1.7082±3.79 ε=0.0144±0.206 ρ=0.82 θlif=0.0067 θrf=0.0032 τ=1.3 C=0.1
   ✅ Test: 43.05%  Train: 47.48%  Gap: 4.4%

🌐 Config 105/150 [explore]: inp=1.7494 dt=0.114 γ=1.1462±1.29 ε=0.0272±1.844 ρ=1.76 θlif=0.0543 θrf=0.0019 τ=4.2 C=0.1
   ✅ Test: 67.46%  Train: 70.97%  Gap: 3.5%

🎯 Config 106/150 [exploit]: inp=1.0710 dt=0.091 γ=3.8568±4.49 ε=0.7795±1.163 ρ=1.71 θlif=0.1571 θrf=0.0034 τ=17.3 C=0.01
   ✅ Test: 37.26%  Train: 41.61%  Gap: 4.4%

🎯 Config 107/150 [exploit]: inp=6.1084 dt=0.130 γ=1.2368±4.21 ε=0.2210±2.076 ρ=1.51 θlif=0.0215 θrf=0.0029 τ=15.9 C=1.0
   ❌ FAILED
        File "/home/nfs/amicheli/.local/lib/python3.7/site-packages/sklearn/utils/validation.py", line 116, in _assert_all_finite
          type_err, msg_dtype if msg_dtype is not None else X.dtype
      ValueError: Input contains infinity or a value too large for dtype('float32').

🎯 Config 108/150 [exploit]: inp=3.1114 dt=0.036 γ=5.6066±4.01 ε=0.1172±1.983 ρ=1.27 θlif=0.0990 θrf=0.0156 τ=18.1 C=0.1
   ✅ Test: 85.76%  Train: 88.20%  Gap: 2.4%

🎯 Config 109/150 [exploit]: inp=6.2630 dt=0.047 γ=1.6878±3.85 ε=0.2579±2.500 ρ=1.50 θlif=0.0185 θrf=0.0036 τ=10.7 C=10.0
   ⏰ TIMEOUT (>300s)

🎯 Config 110/150 [exploit]: inp=2.0029 dt=0.060 γ=4.4299±2.78 ε=0.1106±2.840 ρ=1.73 θlif=0.0284 θrf=0.0011 τ=33.3 C=1.0
   ⏰ TIMEOUT (>300s)

   💾 Saved top-20 intermediate results (best so far: 87.92% [exploit])

🎯 Config 111/150 [exploit]: inp=5.7470 dt=0.055 γ=4.1390±3.76 ε=0.1625±2.056 ρ=1.26 θlif=0.0967 θrf=0.0056 τ=31.9 C=1.0
   ⏰ TIMEOUT (>300s)

🎯 Config 112/150 [exploit]: inp=2.3091 dt=0.044 γ=2.4467±1.82 ε=0.2112±0.746 ρ=1.52 θlif=0.0399 θrf=0.0071 τ=41.1 C=0.1
   ✅ Test: 78.61%  Train: 81.38%  Gap: 2.8%

🎯 Config 113/150 [exploit]: inp=6.5923 dt=0.070 γ=1.8882±1.30 ε=0.1484±2.373 ρ=1.38 θlif=0.0697 θrf=0.0039 τ=22.8 C=0.1
   ✅ Test: 84.85%  Train: 86.82%  Gap: 2.0%

🎯 Config 114/150 [exploit]: inp=1.3595 dt=0.096 γ=2.9189±2.65 ε=0.3189±0.799 ρ=1.61 θlif=0.1183 θrf=0.0166 τ=22.0 C=1.0
   ✅ Test: 51.02%  Train: 55.54%  Gap: 4.5%

🎯 Config 115/150 [exploit]: inp=3.6589 dt=0.076 γ=2.0921±1.02 ε=0.3522±1.595 ρ=1.87 θlif=0.0689 θrf=0.0045 τ=32.5 C=1.0
   ⏰ TIMEOUT (>300s)

🎯 Config 116/150 [exploit]: inp=3.5222 dt=0.093 γ=5.2835±3.74 ε=0.1219±2.319 ρ=1.48 θlif=0.0151 θrf=0.0084 τ=15.8 C=0.1
   ✅ Test: 72.57%  Train: 74.62%  Gap: 2.0%

🎯 Config 117/150 [exploit]: inp=2.8327 dt=0.114 γ=4.0365±2.57 ε=0.4855±2.726 ρ=1.96 θlif=0.1119 θrf=0.0208 τ=6.1 C=0.1
   ✅ Test: 79.04%  Train: 81.88%  Gap: 2.8%

🎯 Config 118/150 [exploit]: inp=1.5727 dt=0.031 γ=1.5556±3.72 ε=0.0921±2.074 ρ=1.35 θlif=0.1688 θrf=0.0220 τ=9.3 C=0.1
   ✅ Test: 79.21%  Train: 82.15%  Gap: 2.9%

🎯 Config 119/150 [exploit]: inp=1.1898 dt=0.042 γ=3.7415±4.20 ε=0.3268±2.835 ρ=1.45 θlif=0.0130 θrf=0.0186 τ=7.8 C=0.01
   ✅ Test: 70.85%  Train: 72.95%  Gap: 2.1%

🌐 Config 120/150 [explore]: inp=0.1932 dt=0.033 γ=0.6525±2.41 ε=0.1267±2.301 ρ=2.14 θlif=0.1857 θrf=0.0643 τ=30.6 C=0.1
   ✅ Test: 41.48%  Train: 45.21%  Gap: 3.7%

   💾 Saved top-20 intermediate results (best so far: 87.92% [exploit])

🎯 Config 121/150 [exploit]: inp=7.7812 dt=0.037 γ=1.5818±2.39 ε=0.1258±1.142 ρ=1.38 θlif=0.0516 θrf=0.0326 τ=17.6 C=0.01
   ✅ Test: 84.01%  Train: 85.23%  Gap: 1.2%

🎯 Config 122/150 [exploit]: inp=1.6196 dt=0.106 γ=5.5845±4.95 ε=0.1041±2.503 ρ=1.55 θlif=0.0519 θrf=0.0192 τ=27.9 C=10.0
   ✅ Test: 74.04%  Train: 76.78%  Gap: 2.7%

🎯 Config 123/150 [exploit]: inp=1.7448 dt=0.089 γ=5.4379±2.41 ε=0.1687±0.905 ρ=1.03 θlif=0.0493 θrf=0.0028 τ=9.3 C=0.1
   ✅ Test: 72.68%  Train: 75.59%  Gap: 2.9%

🌐 Config 124/150 [explore]: inp=7.8245 dt=0.193 γ=5.8507±2.81 ε=0.0603±1.307 ρ=2.12 θlif=0.2310 θrf=0.0115 τ=7.3 C=1.0
   ⏰ TIMEOUT (>300s)

🎯 Config 125/150 [exploit]: inp=6.0620 dt=0.098 γ=3.6182±2.52 ε=0.1020±0.966 ρ=1.79 θlif=0.0432 θrf=0.0226 τ=26.1 C=1.0
   ⏰ TIMEOUT (>300s)

🎯 Config 126/150 [exploit]: inp=4.4071 dt=0.059 γ=1.4514±4.36 ε=0.1718±2.054 ρ=1.95 θlif=0.1005 θrf=0.0035 τ=7.6 C=0.1
   ✅ Test: 86.30%  Train: 88.26%  Gap: 2.0%

🌐 Config 127/150 [explore]: inp=0.3757 dt=0.021 γ=4.9052±5.28 ε=0.6081±1.254 ρ=2.50 θlif=0.0217 θrf=0.0030 τ=22.4 C=0.1
   ✅ Test: 66.31%  Train: 69.16%  Gap: 2.9%

🎯 Config 128/150 [exploit]: inp=2.5194 dt=0.042 γ=1.8260±4.82 ε=0.3888±1.727 ρ=1.96 θlif=0.1127 θrf=0.0090 τ=6.8 C=0.1
   ✅ Test: 85.31%  Train: 87.42%  Gap: 2.1%

🎯 Config 129/150 [exploit]: inp=1.3661 dt=0.040 γ=2.4280±2.80 ε=0.0778±2.786 ρ=1.22 θlif=0.0158 θrf=0.0453 τ=49.5 C=1.0
   ⏰ TIMEOUT (>300s)

🎯 Config 130/150 [exploit]: inp=1.1148 dt=0.101 γ=1.3997±2.86 ε=0.0629±1.991 ρ=1.05 θlif=0.0163 θrf=0.0493 τ=16.6 C=0.01
   ✅ Test: 60.51%  Train: 63.56%  Gap: 3.1%

   💾 Saved top-20 intermediate results (best so far: 87.92% [exploit])

🌐 Config 131/150 [explore]: inp=1.4146 dt=0.083 γ=0.6078±0.72 ε=0.1544±1.311 ρ=1.25 θlif=0.0088 θrf=0.0480 τ=1.6 C=0.01
   ✅ Test: 57.04%  Train: 59.28%  Gap: 2.2%

🌐 Config 132/150 [explore]: inp=6.1475 dt=0.055 γ=1.3855±3.47 ε=0.0313±1.239 ρ=1.56 θlif=0.0980 θrf=0.0439 τ=87.7 C=1.0
   ⏰ TIMEOUT (>300s)

🎯 Config 133/150 [exploit]: inp=7.6164 dt=0.145 γ=1.0347±3.29 ε=0.2206±1.811 ρ=1.98 θlif=0.1122 θrf=0.0016 τ=44.3 C=10.0
   ❌ FAILED
        File "/home/nfs/amicheli/.local/lib/python3.7/site-packages/sklearn/utils/validation.py", line 116, in _assert_all_finite
          type_err, msg_dtype if msg_dtype is not None else X.dtype
      ValueError: Input contains infinity or a value too large for dtype('float32').

🎯 Config 134/150 [exploit]: inp=3.8728 dt=0.053 γ=4.2008±3.39 ε=0.1207±1.784 ρ=1.11 θlif=0.0150 θrf=0.0041 τ=18.1 C=0.01
   ✅ Test: 79.99%  Train: 80.91%  Gap: 0.9%

🎯 Config 135/150 [exploit]: inp=1.1383 dt=0.039 γ=1.8139±2.16 ε=0.1242±1.925 ρ=1.91 θlif=0.1487 θrf=0.0029 τ=10.7 C=0.001
   ✅ Test: 74.24%  Train: 74.34%  Gap: 0.1%

🎯 Config 136/150 [exploit]: inp=1.2174 dt=0.037 γ=2.0497±3.43 ε=0.0564±2.801 ρ=1.56 θlif=0.1122 θrf=0.0011 τ=6.5 C=0.01
   ✅ Test: 79.86%  Train: 81.27%  Gap: 1.4%

🌐 Config 137/150 [explore]: inp=0.2899 dt=0.156 γ=0.8126±1.51 ε=0.0156±2.515 ρ=1.59 θlif=0.0184 θrf=0.0022 τ=85.3 C=1.0
   ❌ FAILED
        File "/home/nfs/amicheli/.local/lib/python3.7/site-packages/sklearn/utils/validation.py", line 116, in _assert_all_finite
          type_err, msg_dtype if msg_dtype is not None else X.dtype
      ValueError: Input contains infinity or a value too large for dtype('float32').

🌐 Config 138/150 [explore]: inp=0.5379 dt=0.075 γ=2.7268±3.71 ε=0.3499±0.286 ρ=2.33 θlif=0.1282 θrf=0.0028 τ=8.6 C=1.0
   ✅ Test: 20.05%  Train: 25.83%  Gap: 5.8%

🎯 Config 139/150 [exploit]: inp=3.6778 dt=0.031 γ=3.5886±3.85 ε=0.1003±2.028 ρ=1.52 θlif=0.1035 θrf=0.0146 τ=7.1 C=0.1
   ✅ Test: 85.67%  Train: 88.20%  Gap: 2.5%

🎯 Config 140/150 [exploit]: inp=4.5286 dt=0.051 γ=3.9114±3.24 ε=0.0642±1.376 ρ=1.85 θlif=0.0376 θrf=0.0393 τ=6.0 C=0.1
   ✅ Test: 83.69%  Train: 85.98%  Gap: 2.3%

   💾 Saved top-20 intermediate results (best so far: 87.92% [exploit])

🎯 Config 141/150 [exploit]: inp=1.4560 dt=0.093 γ=3.5661±1.24 ε=0.1808±0.791 ρ=1.81 θlif=0.1621 θrf=0.0176 τ=20.6 C=10.0
   ✅ Test: 55.12%  Train: 59.79%  Gap: 4.7%

🎯 Config 142/150 [exploit]: inp=5.7358 dt=0.041 γ=1.2885±4.61 ε=0.2493±0.907 ρ=1.13 θlif=0.1225 θrf=0.0043 τ=28.0 C=0.1
   ✅ Test: 86.23%  Train: 88.31%  Gap: 2.1%

🎯 Config 143/150 [exploit]: inp=2.7443 dt=0.063 γ=2.0991±3.65 ε=0.2279±2.572 ρ=1.32 θlif=0.0330 θrf=0.0010 τ=14.0 C=0.1
   ✅ Test: 82.05%  Train: 84.83%  Gap: 2.8%

🎯 Config 144/150 [exploit]: inp=6.9347 dt=0.051 γ=3.5623±3.27 ε=0.0836±0.652 ρ=1.57 θlif=0.0403 θrf=0.0326 τ=7.3 C=10.0
   ⏰ TIMEOUT (>300s)

🌐 Config 145/150 [explore]: inp=0.2702 dt=0.126 γ=1.5888±3.08 ε=0.0177±2.115 ρ=2.45 θlif=0.0146 θrf=0.0022 τ=2.7 C=0.01
   ✅ Test: 41.29%  Train: 45.40%  Gap: 4.1%

🎯 Config 146/150 [exploit]: inp=1.6180 dt=0.098 γ=2.7555±1.46 ε=0.1305±1.804 ρ=1.04 θlif=0.0212 θrf=0.0013 τ=10.4 C=0.1
   ✅ Test: 68.97%  Train: 72.79%  Gap: 3.8%

🎯 Config 147/150 [exploit]: inp=3.7887 dt=0.090 γ=3.3667±2.34 ε=0.7143±1.531 ρ=1.60 θlif=0.1529 θrf=0.0011 τ=5.8 C=0.01
   ✅ Test: 76.94%  Train: 78.92%  Gap: 2.0%

🎯 Config 148/150 [exploit]: inp=1.9154 dt=0.148 γ=3.0558±2.36 ε=0.2409±0.543 ρ=1.48 θlif=0.0207 θrf=0.0247 τ=12.9 C=1.0
   ✅ Test: 40.49%  Train: 45.16%  Gap: 4.7%

🎯 Config 149/150 [exploit]: inp=7.0749 dt=0.092 γ=4.3458±4.92 ε=0.2482±0.660 ρ=1.20 θlif=0.0764 θrf=0.0273 τ=29.1 C=0.01
   ✅ Test: 84.28%  Train: 85.36%  Gap: 1.1%

🎯 Config 150/150 [exploit]: inp=4.0177 dt=0.060 γ=5.4471±4.17 ε=0.2286±1.134 ρ=1.16 θlif=0.1255 θrf=0.0291 τ=8.2 C=0.1
   ✅ Test: 87.67%  Train: 90.28%  Gap: 2.6%

   💾 Saved top-20 intermediate results (best so far: 87.92% [exploit])

======================================================================
✅ Completed: 111/150 configs successful
❌ Failed:    39/150 configs
🎯 Exploit best: 87.92%  (mean: 75.34%)
🌐 Explore best: 76.54%  (mean: 51.87%)
======================================================================

🏆 TOP 10 CONFIGURATIONS:
Rank  Test%      Train%     Gap     Type      inp_scl   C       dt      gamma    eps      rho    τ      θlif     θrf    
------------------------------------------------------------------------------------------------------------------------
1     87.92%     90.51%     2.6%   exploit   4.3654   0.1    0.103  1.8460  0.1206  1.16  14.6  0.1741  0.0010 
2     87.67%     90.28%     2.6%   exploit   4.0177   0.1    0.060  5.4471  0.2286  1.16  8.2   0.1255  0.0291 
3     87.05%     88.90%     1.8%   exploit   7.0060   0.1    0.036  1.6116  0.0908  1.73  8.1   0.1423  0.0219 
4     86.98%     89.44%     2.5%   exploit   4.6470   0.1    0.034  5.2549  0.0710  1.88  12.8  0.1352  0.0090 
5     86.89%     89.19%     2.3%   exploit   6.7457   0.1    0.120  1.4995  0.2466  1.38  16.4  0.1705  0.0038 
6     86.85%     88.77%     1.9%   exploit   5.3801   0.1    0.067  1.1892  0.1140  1.36  34.9  0.1599  0.0220 
7     86.34%     88.21%     1.9%   exploit   4.7553   0.1    0.055  3.4400  0.1607  1.53  46.5  0.0711  0.0354 
8     86.30%     88.26%     2.0%   exploit   4.4071   0.1    0.059  1.4514  0.1718  1.95  7.6   0.1005  0.0035 
9     86.27%     87.36%     1.1%   exploit   3.5357   0.01   0.064  1.7779  0.0850  1.52  20.3  0.0735  0.0037 
10    86.23%     88.31%     2.1%   exploit   5.7358   0.1    0.041  1.2885  0.2493  1.13  28.0  0.1225  0.0043 

📊 PARAMETER TRENDS (top 10 vs all):
      inp_scaling: top10=5.0596±1.0849  all=2.9343±2.1055
               dt: top10=0.0639±0.0265  all=0.0728±0.0377
            gamma: top10=2.4806±1.5550  all=2.8989±1.4799
          epsilon: top10=0.1538±0.0648  all=0.2284±0.1996
              rho: top10=1.4776±0.2826  all=1.5546±0.3630
       tau_filter: top10=19.7399±12.2963  all=18.7183±14.0368
        theta_lif: top10=0.1275±0.0349  all=0.0893±0.1183
         theta_rf: top10=0.0134±0.0119  all=0.0122±0.0130

📊 REGULARIZATION (C) BREAKDOWN:
  C=0.001  : n=6, test=74.03±10.14%, gap=0.2%
  C=0.01   : n=39, test=66.60±14.59%, gap=2.1%
  C=0.1    : n=54, test=77.32±11.77%, gap=2.6%
  C=1.0    : n=9, test=54.16±19.72%, gap=4.3%
  C=10.0   : n=3, test=63.07±8.02%, gap=3.6%
