psMNIST phase 2 search (readout=final): 150 configs (120 exploit / 30 explore), seed=42
Reference best: {'dt': 0.047, 'gamma': 2.62, 'epsilon': 0.24, 'gamma_range': 3.84, 'epsilon_range': 1.86, 'inp_scaling': 3.67, 'rho': 1.55, 'theta_lif': 0.05, 'theta_rf': 0.005, 'tau_filter': 20.0}
======================================================================

🎯 Config 1/150 [exploit]: inp=1.3981 dt=0.131 γ=1.6445±4.37 ε=0.2543±1.276 ρ=1.34 θlif=0.0201 θrf=0.0296 τ=5.6 C=1.0
   ❌ FAILED
        File "/home/nfs/amicheli/.local/lib/python3.7/site-packages/sklearn/utils/validation.py", line 116, in _assert_all_finite
          type_err, msg_dtype if msg_dtype is not None else X.dtype
      ValueError: Input contains infinity or a value too large for dtype('float32').

🎯 Config 2/150 [exploit]: inp=1.0915 dt=0.140 γ=2.0882±3.65 ε=0.0593±2.552 ρ=1.62 θlif=0.1026 θrf=0.0075 τ=12.9 C=0.1
   ✅ Test: 65.75%  Train: 68.62%  Gap: 2.9%

🌐 Config 3/150 [explore]: inp=5.8604 dt=0.244 γ=2.2296±2.21 ε=0.2457±0.259 ρ=1.13 θlif=0.0300 θrf=0.0007 τ=1.1 C=1.0
   ⏰ TIMEOUT (>300s)

🎯 Config 4/150 [exploit]: inp=6.4506 dt=0.026 γ=4.8875±1.63 ε=0.0526±0.971 ρ=1.18 θlif=0.0135 θrf=0.0026 τ=10.4 C=0.001
   ✅ Test: 70.42%  Train: 70.41%  Gap: -0.0%

🎯 Config 5/150 [exploit]: inp=1.1498 dt=0.019 γ=5.5861±2.49 ε=0.0952±0.897 ρ=1.32 θlif=0.1582 θrf=0.0035 τ=6.5 C=1.0
   ⏰ TIMEOUT (>300s)

🎯 Config 6/150 [exploit]: inp=7.2526 dt=0.015 γ=1.5097±3.91 ε=0.7630±1.654 ρ=1.12 θlif=0.0930 θrf=0.0062 τ=34.4 C=1.0
   ⏰ TIMEOUT (>300s)

🎯 Config 7/150 [exploit]: inp=7.2422 dt=0.115 γ=2.8326±1.74 ε=0.2860±0.542 ρ=1.78 θlif=0.0618 θrf=0.0012 τ=17.4 C=0.1
   ✅ Test: 64.45%  Train: 66.67%  Gap: 2.2%

🎯 Config 8/150 [exploit]: inp=2.6928 dt=0.040 γ=5.5114±3.64 ε=0.5309±1.535 ρ=1.18 θlif=0.0172 θrf=0.0187 τ=28.4 C=1.0
   ⏰ TIMEOUT (>300s)

🌐 Config 9/150 [explore]: inp=1.4954 dt=0.012 γ=2.4365±1.89 ε=0.0205±3.654 ρ=1.68 θlif=0.4513 θrf=0.0010 τ=5.0 C=0.01
   ✅ Test: 71.56%  Train: 73.02%  Gap: 1.5%

🌐 Config 10/150 [explore]: inp=0.7779 dt=0.176 γ=0.7334±0.21 ε=0.0101±2.861 ρ=2.74 θlif=0.0069 θrf=0.0034 τ=1.5 C=0.1
   ❌ FAILED
        File "/home/nfs/amicheli/.local/lib/python3.7/site-packages/sklearn/utils/validation.py", line 116, in _assert_all_finite
          type_err, msg_dtype if msg_dtype is not None else X.dtype
      ValueError: Input contains infinity or a value too large for dtype('float32').

   💾 Saved top-20 intermediate results (best so far: 71.56% [explore])

🎯 Config 11/150 [exploit]: inp=1.3528 dt=0.142 γ=1.1177±1.38 ε=0.1598±1.834 ρ=1.95 θlif=0.0176 θrf=0.0177 τ=30.8 C=1.0
   ✅ Test: 50.51%  Train: 54.35%  Gap: 3.8%

🎯 Config 12/150 [exploit]: inp=7.4270 dt=0.073 γ=3.2613±1.24 ε=0.1137±2.999 ρ=1.30 θlif=0.0163 θrf=0.0474 τ=24.9 C=1.0
   ⏰ TIMEOUT (>300s)

🌐 Config 13/150 [explore]: inp=8.0595 dt=0.016 γ=2.8717±5.38 ε=0.0089±3.641 ρ=2.79 θlif=0.0789 θrf=0.0012 τ=4.4 C=0.001
   ✅ Test: 77.28%  Train: 77.25%  Gap: -0.0%

🎯 Config 14/150 [exploit]: inp=2.6978 dt=0.055 γ=1.1558±1.10 ε=0.2409±2.951 ρ=1.43 θlif=0.0201 θrf=0.0051 τ=9.2 C=1.0
   ⏰ TIMEOUT (>300s)

🎯 Config 15/150 [exploit]: inp=5.1248 dt=0.030 γ=3.9726±1.61 ε=0.6937±1.832 ρ=1.60 θlif=0.0103 θrf=0.0014 τ=34.2 C=0.1
   ⏰ TIMEOUT (>300s)

🎯 Config 16/150 [exploit]: inp=3.7094 dt=0.079 γ=1.8283±3.22 ε=0.7073±2.253 ρ=1.45 θlif=0.0440 θrf=0.0033 τ=25.5 C=0.1
   ✅ Test: 81.34%  Train: 83.26%  Gap: 1.9%

🎯 Config 17/150 [exploit]: inp=2.2839 dt=0.075 γ=1.8278±2.34 ε=0.2449±1.732 ρ=1.22 θlif=0.0142 θrf=0.0023 τ=49.9 C=0.1
   ✅ Test: 70.32%  Train: 72.67%  Gap: 2.3%

🎯 Config 18/150 [exploit]: inp=5.5378 dt=0.013 γ=5.3156±2.80 ε=0.7356±1.272 ρ=1.74 θlif=0.0464 θrf=0.0351 τ=8.6 C=1.0
   ⏰ TIMEOUT (>300s)

🌐 Config 19/150 [explore]: inp=0.1947 dt=0.010 γ=1.2209±1.02 ε=0.0159±0.132 ρ=2.85 θlif=0.0743 θrf=0.0028 τ=25.5 C=0.001
   ✅ Test: 46.28%  Train: 47.55%  Gap: 1.3%

🎯 Config 20/150 [exploit]: inp=2.5909 dt=0.030 γ=3.8699±1.50 ε=0.0953±1.604 ρ=1.09 θlif=0.0788 θrf=0.0402 τ=16.5 C=1.0
   ⏰ TIMEOUT (>300s)

   💾 Saved top-20 intermediate results (best so far: 81.34% [exploit])

🎯 Config 21/150 [exploit]: inp=3.8269 dt=0.014 γ=1.3471±3.39 ε=0.1735±2.061 ρ=1.37 θlif=0.0160 θrf=0.0349 τ=6.3 C=0.1
   ⏰ TIMEOUT (>300s)

🎯 Config 22/150 [exploit]: inp=2.2066 dt=0.081 γ=2.5605±2.92 ε=0.1494±2.266 ρ=1.84 θlif=0.0175 θrf=0.0321 τ=29.7 C=0.1
   ❌ FAILED
        File "/home/nfs/amicheli/.local/lib/python3.7/site-packages/joblib/parallel.py", line 754, in _return_or_raise
          raise self._result
      _pickle.PicklingError: Could not pickle the task to send it to the workers.

🌐 Config 23/150 [explore]: inp=0.6988 dt=0.116 γ=7.2482±0.19 ε=0.0082±1.608 ρ=1.33 θlif=0.6337 θrf=0.0284 τ=2.6 C=1.0
   ❌ FAILED
      joblib.externals.loky.process_executor.TerminatedWorkerError: A worker process managed by the executor was unexpectedly terminated. This could be caused by a segmentation fault while calling the function or by an excessive memory usage causing the Operating System to kill the worker.
      
      The exit codes of the workers are {SIGKILL(-9)}

🎯 Config 24/150 [exploit]: inp=1.2406 dt=0.034 γ=3.2346±2.56 ε=0.6939±2.115 ρ=1.31 θlif=0.1357 θrf=0.0049 τ=35.9 C=0.1
   ❌ FAILED
      joblib.externals.loky.process_executor.TerminatedWorkerError: A worker process managed by the executor was unexpectedly terminated. This could be caused by a segmentation fault while calling the function or by an excessive memory usage causing the Operating System to kill the worker.
      
      The exit codes of the workers are {SIGKILL(-9)}

🎯 Config 25/150 [exploit]: inp=4.4738 dt=0.045 γ=2.4719±2.48 ε=0.1346±2.670 ρ=1.78 θlif=0.1359 θrf=0.0371 τ=8.1 C=0.1
   ❌ FAILED
        File "/home/nfs/amicheli/.local/lib/python3.7/site-packages/joblib/externals/loky/backend/resource_tracker.py", line 274, in main
          del registry[rtype][name]
      KeyError: '/loky-23297-6pknjhd3'

🎯 Config 26/150 [exploit]: inp=1.5542 dt=0.028 γ=1.7755±1.48 ε=0.2335±1.976 ρ=1.78 θlif=0.1714 θrf=0.0018 τ=7.0 C=0.1
   ❌ FAILED
      joblib.externals.loky.process_executor.TerminatedWorkerError: A worker process managed by the executor was unexpectedly terminated. This could be caused by a segmentation fault while calling the function or by an excessive memory usage causing the Operating System to kill the worker.
      
      The exit codes of the workers are {SIGKILL(-9)}

🎯 Config 27/150 [exploit]: inp=6.9280 dt=0.029 γ=4.3468±4.29 ε=0.0510±1.709 ρ=1.25 θlif=0.0841 θrf=0.0384 τ=49.0 C=1.0
   ❌ FAILED
      joblib.externals.loky.process_executor.TerminatedWorkerError: A worker process managed by the executor was unexpectedly terminated. This could be caused by a segmentation fault while calling the function or by an excessive memory usage causing the Operating System to kill the worker.
      
      The exit codes of the workers are {SIGKILL(-9)}

🎯 Config 28/150 [exploit]: inp=4.9980 dt=0.011 γ=2.8301±1.85 ε=0.0553±1.388 ρ=1.60 θlif=0.0573 θrf=0.0033 τ=48.9 C=0.1
   ❌ FAILED
      joblib.externals.loky.process_executor.TerminatedWorkerError: A worker process managed by the executor was unexpectedly terminated. This could be caused by a segmentation fault while calling the function or by an excessive memory usage causing the Operating System to kill the worker.
      
      The exit codes of the workers are {SIGKILL(-9)}

🌐 Config 29/150 [explore]: inp=0.3750 dt=0.015 γ=0.5480±4.16 ε=0.0382±3.133 ρ=0.93 θlif=0.0216 θrf=0.0753 τ=12.2 C=0.1
   ❌ FAILED
      joblib.externals.loky.process_executor.TerminatedWorkerError: A worker process managed by the executor was unexpectedly terminated. This could be caused by a segmentation fault while calling the function or by an excessive memory usage causing the Operating System to kill the worker.
      
      The exit codes of the workers are {SIGKILL(-9)}

🎯 Config 30/150 [exploit]: inp=2.6434 dt=0.040 γ=2.0321±4.44 ε=0.6086±1.323 ρ=1.66 θlif=0.1179 θrf=0.0079 τ=49.1 C=0.01
   ❌ FAILED
        File "/home/nfs/amicheli/.local/lib/python3.7/site-packages/joblib/externals/loky/backend/resource_tracker.py", line 274, in main
          del registry[rtype][name]
      KeyError: '/loky-31007-9_mk4loq'

   💾 Saved top-20 intermediate results (best so far: 81.34% [exploit])

🎯 Config 31/150 [exploit]: inp=3.5900 dt=0.055 γ=4.1441±2.72 ε=0.0803±1.219 ρ=1.06 θlif=0.1721 θrf=0.0177 τ=26.3 C=0.01
   ❌ FAILED
      joblib.externals.loky.process_executor.TerminatedWorkerError: A worker process managed by the executor was unexpectedly terminated. This could be caused by a segmentation fault while calling the function or by an excessive memory usage causing the Operating System to kill the worker.
      
      The exit codes of the workers are {SIGKILL(-9)}

🎯 Config 32/150 [exploit]: inp=2.4438 dt=0.017 γ=4.8956±2.43 ε=0.4895±2.965 ρ=1.00 θlif=0.0220 θrf=0.0113 τ=5.6 C=0.01
   ❌ FAILED
        File "/home/nfs/amicheli/.local/lib/python3.7/site-packages/joblib/externals/loky/backend/resource_tracker.py", line 274, in main
          del registry[rtype][name]
      KeyError: '/loky-34016-d2bdbdnm'

🎯 Config 33/150 [exploit]: inp=3.7260 dt=0.036 γ=1.0304±1.06 ε=0.4655±0.946 ρ=1.63 θlif=0.0297 θrf=0.0040 τ=29.1 C=0.01
   ❌ FAILED
        File "/home/nfs/amicheli/.local/lib/python3.7/site-packages/joblib/externals/loky/backend/resource_tracker.py", line 274, in main
          del registry[rtype][name]
      KeyError: '/dev/shm/joblib_memmapping_folder_35574_a3edcf82b0da4a30aab6f66fd853b996_30050f2f03304f1ebdbc181641e0153b'

🎯 Config 34/150 [exploit]: inp=1.6522 dt=0.054 γ=3.4234±3.94 ε=0.0751±1.563 ρ=1.90 θlif=0.0611 θrf=0.0481 τ=17.1 C=1.0
   ❌ FAILED
        File "/home/nfs/amicheli/.local/lib/python3.7/site-packages/joblib/externals/loky/backend/resource_tracker.py", line 274, in main
          del registry[rtype][name]
      KeyError: '/loky-37122-6rusxdks'

🌐 Config 35/150 [explore]: inp=1.2676 dt=0.025 γ=7.0861±1.27 ε=0.1043±2.550 ρ=1.98 θlif=0.0210 θrf=0.0028 τ=12.0 C=0.1
   ❌ FAILED
        File "/home/nfs/amicheli/.local/lib/python3.7/site-packages/joblib/externals/loky/backend/resource_tracker.py", line 274, in main
          del registry[rtype][name]
      KeyError: '/loky-38586-xsvc7m3w'

🎯 Config 36/150 [exploit]: inp=1.4232 dt=0.049 γ=1.2441±1.76 ε=0.2724±2.685 ρ=1.09 θlif=0.1229 θrf=0.0028 τ=7.2 C=1.0
   ❌ FAILED
      joblib.externals.loky.process_executor.TerminatedWorkerError: A worker process managed by the executor was unexpectedly terminated. This could be caused by a segmentation fault while calling the function or by an excessive memory usage causing the Operating System to kill the worker.
      
      The exit codes of the workers are {SIGKILL(-9)}

🎯 Config 37/150 [exploit]: inp=1.1239 dt=0.011 γ=1.3877±2.12 ε=0.7299±1.703 ρ=1.52 θlif=0.0676 θrf=0.0047 τ=9.1 C=0.01
   ❌ FAILED
      joblib.externals.loky.process_executor.TerminatedWorkerError: A worker process managed by the executor was unexpectedly terminated. This could be caused by a segmentation fault while calling the function or by an excessive memory usage causing the Operating System to kill the worker.
      
      The exit codes of the workers are {SIGKILL(-9)}

🎯 Config 38/150 [exploit]: inp=1.7072 dt=0.024 γ=3.8773±4.93 ε=0.4377±0.731 ρ=1.98 θlif=0.0953 θrf=0.0042 τ=10.6 C=0.1
   ❌ FAILED
        File "/home/nfs/amicheli/.local/lib/python3.7/site-packages/joblib/externals/loky/backend/resource_tracker.py", line 274, in main
          del registry[rtype][name]
      KeyError: '/loky-43274-nhyfxjnn'

🎯 Config 39/150 [exploit]: inp=1.8683 dt=0.027 γ=1.0674±4.19 ε=0.2171±2.556 ρ=1.03 θlif=0.0893 θrf=0.0033 τ=5.4 C=1.0
   ❌ FAILED
      joblib.externals.loky.process_executor.TerminatedWorkerError: A worker process managed by the executor was unexpectedly terminated. This could be caused by a segmentation fault while calling the function or by an excessive memory usage causing the Operating System to kill the worker.
      
      The exit codes of the workers are {SIGKILL(-9)}

🌐 Config 40/150 [explore]: inp=1.5802 dt=0.040 γ=2.0550±3.36 ε=0.0230±2.133 ρ=2.49 θlif=0.0985 θrf=0.0165 τ=25.3 C=0.1
   ❌ FAILED
      joblib.externals.loky.process_executor.TerminatedWorkerError: A worker process managed by the executor was unexpectedly terminated. This could be caused by a segmentation fault while calling the function or by an excessive memory usage causing the Operating System to kill the worker.
      
      The exit codes of the workers are {SIGKILL(-9)}

   💾 Saved top-20 intermediate results (best so far: 81.34% [exploit])

🌐 Config 41/150 [explore]: inp=0.1206 dt=0.006 γ=0.3768±4.13 ε=0.3714±2.209 ρ=2.55 θlif=0.0056 θrf=0.0232 τ=16.0 C=0.1
   ❌ FAILED
        File "/home/nfs/amicheli/.local/lib/python3.7/site-packages/joblib/externals/loky/backend/resource_tracker.py", line 274, in main
          del registry[rtype][name]
      KeyError: '/loky-47854-w2_hr8yy'

🎯 Config 42/150 [exploit]: inp=6.5307 dt=0.083 γ=3.2767±3.78 ε=0.0703±0.814 ρ=1.69 θlif=0.0708 θrf=0.0464 τ=17.5 C=0.1
   ❌ FAILED
        File "/home/nfs/amicheli/.local/lib/python3.7/site-packages/joblib/externals/loky/backend/resource_tracker.py", line 274, in main
          del registry[rtype][name]
      KeyError: '/loky-49320-ztertvmf'

🎯 Config 43/150 [exploit]: inp=4.9725 dt=0.032 γ=5.2588±1.25 ε=0.0682±2.747 ρ=1.14 θlif=0.0202 θrf=0.0092 τ=8.5 C=0.1
   ❌ FAILED
        File "/home/nfs/amicheli/.local/lib/python3.7/site-packages/joblib/externals/loky/backend/resource_tracker.py", line 274, in main
          del registry[rtype][name]
      KeyError: '/loky-50864-dq0b5rn6'

🎯 Config 44/150 [exploit]: inp=1.8521 dt=0.031 γ=1.2410±3.59 ε=0.2641±2.278 ρ=1.56 θlif=0.0109 θrf=0.0190 τ=8.3 C=0.1
   ❌ FAILED
      joblib.externals.loky.process_executor.TerminatedWorkerError: A worker process managed by the executor was unexpectedly terminated. This could be caused by a segmentation fault while calling the function or by an excessive memory usage causing the Operating System to kill the worker.
      
      The exit codes of the workers are {SIGKILL(-9)}

🎯 Config 45/150 [exploit]: inp=1.3516 dt=0.143 γ=3.6928±4.52 ε=0.0808±2.760 ρ=1.55 θlif=0.0363 θrf=0.0398 τ=7.8 C=1.0
   ❌ FAILED
      joblib.externals.loky.process_executor.TerminatedWorkerError: A worker process managed by the executor was unexpectedly terminated. This could be caused by a segmentation fault while calling the function or by an excessive memory usage causing the Operating System to kill the worker.
      
      The exit codes of the workers are {SIGKILL(-9)}

🌐 Config 46/150 [explore]: inp=0.2635 dt=0.041 γ=0.8666±0.94 ε=0.0391±2.109 ρ=1.48 θlif=0.0082 θrf=0.0341 τ=2.3 C=0.1
   ❌ FAILED
        File "/home/nfs/amicheli/.local/lib/python3.7/site-packages/joblib/externals/loky/backend/resource_tracker.py", line 274, in main
          del registry[rtype][name]
      KeyError: '/loky-55345-be_p_hzc'

🌐 Config 47/150 [explore]: inp=0.1061 dt=0.296 γ=6.3490±1.60 ε=0.7762±0.907 ρ=0.86 θlif=0.0242 θrf=0.0362 τ=10.4 C=0.1
   ❌ FAILED
      joblib.externals.loky.process_executor.TerminatedWorkerError: A worker process managed by the executor was unexpectedly terminated. This could be caused by a segmentation fault while calling the function or by an excessive memory usage causing the Operating System to kill the worker.
      
      The exit codes of the workers are {SIGKILL(-9)}

🌐 Config 48/150 [explore]: inp=0.7829 dt=0.009 γ=2.6737±2.41 ε=0.0579±1.318 ρ=2.11 θlif=0.0820 θrf=0.0007 τ=13.5 C=1.0
   ❌ FAILED
      joblib.externals.loky.process_executor.TerminatedWorkerError: A worker process managed by the executor was unexpectedly terminated. This could be caused by a segmentation fault while calling the function or by an excessive memory usage causing the Operating System to kill the worker.
      
      The exit codes of the workers are {SIGKILL(-9)}

🎯 Config 49/150 [exploit]: inp=4.5689 dt=0.059 γ=4.5711±2.72 ε=0.1284±1.390 ρ=1.47 θlif=0.0126 θrf=0.0031 τ=5.9 C=0.1
   ❌ FAILED
      joblib.externals.loky.process_executor.TerminatedWorkerError: A worker process managed by the executor was unexpectedly terminated. This could be caused by a segmentation fault while calling the function or by an excessive memory usage causing the Operating System to kill the worker.
      
      The exit codes of the workers are {SIGKILL(-9)}

🎯 Config 50/150 [exploit]: inp=5.2619 dt=0.028 γ=5.5077±3.94 ε=0.1435±1.956 ρ=1.83 θlif=0.1624 θrf=0.0150 τ=15.2 C=0.1
   ❌ FAILED
      joblib.externals.loky.process_executor.TerminatedWorkerError: A worker process managed by the executor was unexpectedly terminated. This could be caused by a segmentation fault while calling the function or by an excessive memory usage causing the Operating System to kill the worker.
      
      The exit codes of the workers are {SIGKILL(-9)}

   💾 Saved top-20 intermediate results (best so far: 81.34% [exploit])

🎯 Config 51/150 [exploit]: inp=3.0811 dt=0.010 γ=3.2648±1.76 ε=0.1513±2.869 ρ=1.53 θlif=0.0458 θrf=0.0016 τ=18.9 C=1.0
   ❌ FAILED
        File "/home/nfs/amicheli/.local/lib/python3.7/site-packages/joblib/externals/loky/backend/resource_tracker.py", line 274, in main
          del registry[rtype][name]
      KeyError: '/loky-63007-ml2itmt_'

🎯 Config 52/150 [exploit]: inp=2.6345 dt=0.127 γ=1.9643±4.66 ε=0.2022±0.850 ρ=1.17 θlif=0.0156 θrf=0.0011 τ=5.5 C=0.1
   ❌ FAILED
        File "/home/nfs/amicheli/.local/lib/python3.7/site-packages/joblib/externals/loky/backend/resource_tracker.py", line 274, in main
          del registry[rtype][name]
      KeyError: '/loky-64540-usywd8lw'

🎯 Config 53/150 [exploit]: inp=5.2813 dt=0.123 γ=4.1768±1.07 ε=0.0716±1.212 ρ=1.98 θlif=0.1665 θrf=0.0022 τ=43.4 C=10.0
   ❌ FAILED
      joblib.externals.loky.process_executor.TerminatedWorkerError: A worker process managed by the executor was unexpectedly terminated. This could be caused by a segmentation fault while calling the function or by an excessive memory usage causing the Operating System to kill the worker.
      
      The exit codes of the workers are {SIGKILL(-9)}

🌐 Config 54/150 [explore]: inp=0.4931 dt=0.085 γ=0.5136±5.22 ε=0.0217±2.248 ρ=1.32 θlif=0.4499 θrf=0.0686 τ=21.6 C=0.01
   ❌ FAILED
        File "/home/nfs/amicheli/.local/lib/python3.7/site-packages/sklearn/utils/validation.py", line 116, in _assert_all_finite
          type_err, msg_dtype if msg_dtype is not None else X.dtype
      ValueError: Input contains infinity or a value too large for dtype('float32').

🎯 Config 55/150 [exploit]: inp=2.5814 dt=0.046 γ=3.0754±1.30 ε=0.2983±1.586 ρ=1.16 θlif=0.1750 θrf=0.0059 τ=13.8 C=0.1
   ❌ FAILED
      joblib.externals.loky.process_executor.TerminatedWorkerError: A worker process managed by the executor was unexpectedly terminated. This could be caused by a segmentation fault while calling the function or by an excessive memory usage causing the Operating System to kill the worker.
      
      The exit codes of the workers are {SIGKILL(-9)}

🎯 Config 56/150 [exploit]: inp=4.0805 dt=0.061 γ=1.0640±3.86 ε=0.4670±0.905 ρ=1.53 θlif=0.0143 θrf=0.0033 τ=45.2 C=1.0
   ❌ FAILED
      joblib.externals.loky.process_executor.TerminatedWorkerError: A worker process managed by the executor was unexpectedly terminated. This could be caused by a segmentation fault while calling the function or by an excessive memory usage causing the Operating System to kill the worker.
      
      The exit codes of the workers are {SIGKILL(-9)}

🎯 Config 57/150 [exploit]: inp=2.3657 dt=0.015 γ=3.5999±1.08 ε=0.6698±1.119 ρ=2.00 θlif=0.0164 θrf=0.0413 τ=22.2 C=1.0
   ❌ FAILED
      joblib.externals.loky.process_executor.TerminatedWorkerError: A worker process managed by the executor was unexpectedly terminated. This could be caused by a segmentation fault while calling the function or by an excessive memory usage causing the Operating System to kill the worker.
      
      The exit codes of the workers are {SIGKILL(-9)}

🎯 Config 58/150 [exploit]: inp=1.9988 dt=0.050 γ=4.1613±3.27 ε=0.0502±2.726 ρ=1.28 θlif=0.0386 θrf=0.0143 τ=11.1 C=0.1
   ❌ FAILED
        File "/home/nfs/amicheli/.local/lib/python3.7/site-packages/joblib/externals/loky/backend/resource_tracker.py", line 274, in main
          del registry[rtype][name]
      KeyError: '/loky-9667-uo0zv523'

🎯 Config 59/150 [exploit]: inp=1.1517 dt=0.021 γ=3.4361±2.33 ε=0.1531±2.694 ρ=1.84 θlif=0.0116 θrf=0.0250 τ=6.1 C=0.1
   ❌ FAILED
        File "/home/nfs/amicheli/.local/lib/python3.7/site-packages/joblib/externals/loky/backend/resource_tracker.py", line 274, in main
          del registry[rtype][name]
      KeyError: '/loky-11575-jd4rl2ki'

🎯 Config 60/150 [exploit]: inp=7.8857 dt=0.060 γ=2.8121±2.31 ε=0.5389±2.281 ρ=1.09 θlif=0.1736 θrf=0.0020 τ=49.1 C=1.0
   ❌ FAILED
        File "/home/nfs/amicheli/.local/lib/python3.7/site-packages/joblib/externals/loky/backend/resource_tracker.py", line 274, in main
          del registry[rtype][name]
      KeyError: '/dev/shm/joblib_memmapping_folder_13350_cce03a9d34fc48508382fefc2b55354e_5b850905af834272a2a2bb2fdb534a28'

   💾 Saved top-20 intermediate results (best so far: 81.34% [exploit])

🎯 Config 61/150 [exploit]: inp=7.5426 dt=0.082 γ=5.0108±2.00 ε=0.2798±0.866 ρ=1.08 θlif=0.1825 θrf=0.0011 τ=13.5 C=1.0
   ❌ FAILED
        File "/home/nfs/amicheli/.local/lib/python3.7/site-packages/joblib/externals/loky/backend/resource_tracker.py", line 274, in main
          del registry[rtype][name]
      KeyError: '/loky-15319-yoy30cyy'

🎯 Config 62/150 [exploit]: inp=1.8771 dt=0.099 γ=3.9546±3.17 ε=0.3137±1.803 ρ=1.40 θlif=0.0895 θrf=0.0208 τ=10.2 C=0.01
   ❌ FAILED
        File "/home/nfs/amicheli/.local/lib/python3.7/site-packages/joblib/externals/loky/backend/resource_tracker.py", line 274, in main
          del registry[rtype][name]
      KeyError: '/loky-17132-of76s816'

🎯 Config 63/150 [exploit]: inp=2.5369 dt=0.018 γ=3.2755±1.81 ε=0.2672±2.460 ρ=1.45 θlif=0.1770 θrf=0.0011 τ=37.9 C=0.01
   ❌ FAILED
        File "/home/nfs/amicheli/.local/lib/python3.7/site-packages/joblib/externals/loky/backend/resource_tracker.py", line 274, in main
          del registry[rtype][name]
      KeyError: '/loky-19001-c8ej510n'

🎯 Config 64/150 [exploit]: inp=6.4107 dt=0.074 γ=5.4416±4.66 ε=0.1090±2.042 ρ=1.50 θlif=0.0196 θrf=0.0193 τ=8.0 C=0.01
   ❌ FAILED
        File "/home/nfs/amicheli/.local/lib/python3.7/site-packages/joblib/externals/loky/backend/resource_tracker.py", line 274, in main
          del registry[rtype][name]
      KeyError: '/loky-20793-a0fyueqh'

🎯 Config 65/150 [exploit]: inp=4.0229 dt=0.014 γ=1.4894±3.06 ε=0.2736±2.944 ρ=1.16 θlif=0.0781 θrf=0.0031 τ=5.7 C=0.01
   ❌ FAILED
        File "/home/nfs/amicheli/.local/lib/python3.7/site-packages/joblib/externals/loky/backend/resource_tracker.py", line 274, in main
          del registry[rtype][name]
      KeyError: '/loky-22670-kxnrah59'

🎯 Config 66/150 [exploit]: inp=6.1024 dt=0.115 γ=2.2086±1.14 ε=0.0591±2.046 ρ=1.01 θlif=0.0783 θrf=0.0366 τ=47.9 C=1.0
   ❌ FAILED
        File "/home/nfs/amicheli/.local/lib/python3.7/site-packages/joblib/externals/loky/backend/resource_tracker.py", line 274, in main
          del registry[rtype][name]
      KeyError: '/loky-24599-tx35vcoe'

🌐 Config 67/150 [explore]: inp=0.8032 dt=0.098 γ=3.9187±5.95 ε=0.2503±1.740 ρ=0.82 θlif=0.0593 θrf=0.0136 τ=2.0 C=1.0
   ❌ FAILED
      joblib.externals.loky.process_executor.TerminatedWorkerError: A worker process managed by the executor was unexpectedly terminated. This could be caused by a segmentation fault while calling the function or by an excessive memory usage causing the Operating System to kill the worker.
      
      The exit codes of the workers are {SIGKILL(-9)}

🎯 Config 68/150 [exploit]: inp=2.7919 dt=0.015 γ=2.2899±1.20 ε=0.1623±2.966 ρ=1.23 θlif=0.1039 θrf=0.0024 τ=6.3 C=0.1
   ❌ FAILED
      joblib.externals.loky.process_executor.TerminatedWorkerError: A worker process managed by the executor was unexpectedly terminated. This could be caused by a segmentation fault while calling the function or by an excessive memory usage causing the Operating System to kill the worker.
      
      The exit codes of the workers are {SIGKILL(-9)}

🎯 Config 69/150 [exploit]: inp=1.6596 dt=0.012 γ=3.2287±2.28 ε=0.7666±2.586 ρ=1.70 θlif=0.0115 θrf=0.0177 τ=26.6 C=0.01
   ❌ FAILED
        File "/home/nfs/amicheli/.local/lib/python3.7/site-packages/joblib/externals/loky/backend/resource_tracker.py", line 274, in main
          del registry[rtype][name]
      KeyError: '/loky-28659-pmm2kus_'

🎯 Config 70/150 [exploit]: inp=5.5920 dt=0.040 γ=4.4218±2.97 ε=0.0673±2.547 ρ=1.45 θlif=0.0935 θrf=0.0022 τ=9.6 C=0.1
   ❌ FAILED
        File "/home/nfs/amicheli/.local/lib/python3.7/site-packages/joblib/externals/loky/backend/resource_tracker.py", line 274, in main
          del registry[rtype][name]
      KeyError: '/loky-30199-vvhqt0iy'

   💾 Saved top-20 intermediate results (best so far: 81.34% [exploit])

🎯 Config 71/150 [exploit]: inp=6.5126 dt=0.016 γ=1.9979±3.11 ε=0.2761±2.049 ρ=1.65 θlif=0.1777 θrf=0.0052 τ=9.2 C=1.0
   ❌ FAILED
      joblib.externals.loky.process_executor.TerminatedWorkerError: A worker process managed by the executor was unexpectedly terminated. This could be caused by a segmentation fault while calling the function or by an excessive memory usage causing the Operating System to kill the worker.
      
      The exit codes of the workers are {SIGKILL(-9)}

🎯 Config 72/150 [exploit]: inp=6.4525 dt=0.014 γ=1.5674±3.98 ε=0.1065±0.722 ρ=1.34 θlif=0.1568 θrf=0.0037 τ=18.4 C=10.0
   ❌ FAILED
      joblib.externals.loky.process_executor.TerminatedWorkerError: A worker process managed by the executor was unexpectedly terminated. This could be caused by a segmentation fault while calling the function or by an excessive memory usage causing the Operating System to kill the worker.
      
      The exit codes of the workers are {SIGKILL(-9)}

🎯 Config 73/150 [exploit]: inp=2.5211 dt=0.068 γ=3.0148±1.29 ε=0.0774±0.942 ρ=1.92 θlif=0.0210 θrf=0.0469 τ=32.4 C=0.1
   ❌ FAILED
        File "/home/nfs/amicheli/.local/lib/python3.7/site-packages/joblib/externals/loky/backend/resource_tracker.py", line 274, in main
          del registry[rtype][name]
      KeyError: '/dev/shm/joblib_memmapping_folder_34855_ee536c66ad9a4cba9c705a94fecbe48f_bdbeaa2ba69c4ac69972de563b52e0f5'

🎯 Config 74/150 [exploit]: inp=7.4163 dt=0.015 γ=1.6591±2.62 ε=0.6615±0.741 ρ=1.00 θlif=0.0691 θrf=0.0228 τ=38.8 C=1.0
   ❌ FAILED
      joblib.externals.loky.process_executor.TerminatedWorkerError: A worker process managed by the executor was unexpectedly terminated. This could be caused by a segmentation fault while calling the function or by an excessive memory usage causing the Operating System to kill the worker.
      
      The exit codes of the workers are {SIGKILL(-9)}

🌐 Config 75/150 [explore]: inp=1.8531 dt=0.197 γ=7.6924±3.80 ε=0.6869±3.350 ρ=1.18 θlif=0.0126 θrf=0.0060 τ=6.6 C=0.01
   ❌ FAILED
      joblib.externals.loky.process_executor.TerminatedWorkerError: A worker process managed by the executor was unexpectedly terminated. This could be caused by a segmentation fault while calling the function or by an excessive memory usage causing the Operating System to kill the worker.
      
      The exit codes of the workers are {SIGKILL(-9)}

🎯 Config 76/150 [exploit]: inp=6.9219 dt=0.129 γ=2.3420±3.90 ε=0.0570±2.951 ρ=1.90 θlif=0.0776 θrf=0.0217 τ=7.1 C=0.01
   ❌ FAILED
      joblib.externals.loky.process_executor.TerminatedWorkerError: A worker process managed by the executor was unexpectedly terminated. This could be caused by a segmentation fault while calling the function or by an excessive memory usage causing the Operating System to kill the worker.
      
      The exit codes of the workers are {SIGKILL(-9)}

🎯 Config 77/150 [exploit]: inp=4.4437 dt=0.032 γ=3.8304±2.46 ε=0.0504±2.450 ρ=1.89 θlif=0.0959 θrf=0.0024 τ=19.6 C=0.1
   ❌ FAILED
      joblib.externals.loky.process_executor.TerminatedWorkerError: A worker process managed by the executor was unexpectedly terminated. This could be caused by a segmentation fault while calling the function or by an excessive memory usage causing the Operating System to kill the worker.
      
      The exit codes of the workers are {SIGKILL(-9)}

🎯 Config 78/150 [exploit]: inp=3.6199 dt=0.012 γ=1.1556±3.81 ε=0.1101±2.670 ρ=1.22 θlif=0.0842 θrf=0.0012 τ=39.2 C=0.01
   ❌ FAILED
        File "/home/nfs/amicheli/.local/lib/python3.7/site-packages/joblib/externals/loky/backend/resource_tracker.py", line 274, in main
          del registry[rtype][name]
      KeyError: '/loky-42443-wau2ojyk'

🎯 Config 79/150 [exploit]: inp=1.1100 dt=0.025 γ=2.6760±4.43 ε=0.1191±1.905 ρ=1.93 θlif=0.0655 θrf=0.0142 τ=40.6 C=0.1
   ❌ FAILED
        File "/home/nfs/amicheli/.local/lib/python3.7/site-packages/joblib/externals/loky/backend/resource_tracker.py", line 274, in main
          del registry[rtype][name]
      KeyError: '/loky-44032-p96yuxko'

🎯 Config 80/150 [exploit]: inp=1.1028 dt=0.028 γ=2.4834±3.57 ε=0.0646±1.615 ρ=1.75 θlif=0.0117 θrf=0.0031 τ=7.4 C=1.0
   ❌ FAILED
      joblib.externals.loky.process_executor.TerminatedWorkerError: A worker process managed by the executor was unexpectedly terminated. This could be caused by a segmentation fault while calling the function or by an excessive memory usage causing the Operating System to kill the worker.
      
      The exit codes of the workers are {SIGKILL(-9)}

   💾 Saved top-20 intermediate results (best so far: 81.34% [exploit])

🎯 Config 81/150 [exploit]: inp=1.4181 dt=0.035 γ=2.8031±4.49 ε=0.2956±2.476 ρ=1.20 θlif=0.0208 θrf=0.0015 τ=14.2 C=0.1
   ❌ FAILED
        File "/home/nfs/amicheli/.local/lib/python3.7/site-packages/joblib/externals/loky/backend/resource_tracker.py", line 274, in main
          del registry[rtype][name]
      KeyError: '/loky-47061-zd2mrf91'

🎯 Config 82/150 [exploit]: inp=2.7405 dt=0.125 γ=2.8427±2.12 ε=0.0987±2.590 ρ=1.71 θlif=0.0457 θrf=0.0017 τ=20.2 C=0.1
   ❌ FAILED
        File "/home/nfs/amicheli/.local/lib/python3.7/site-packages/joblib/externals/loky/backend/resource_tracker.py", line 274, in main
          del registry[rtype][name]
      KeyError: '/loky-48604-6cv550af'

🌐 Config 83/150 [explore]: inp=2.9242 dt=0.121 γ=1.5472±2.35 ε=0.0283±1.458 ρ=1.83 θlif=0.2442 θrf=0.0090 τ=20.6 C=0.1
   ❌ FAILED
        File "/home/nfs/amicheli/.local/lib/python3.7/site-packages/joblib/externals/loky/backend/resource_tracker.py", line 274, in main
          del registry[rtype][name]
      KeyError: '/loky-50058-6_pyu5jt'

🎯 Config 84/150 [exploit]: inp=1.9786 dt=0.011 γ=1.0386±4.06 ε=0.1060±2.656 ρ=1.68 θlif=0.0125 θrf=0.0101 τ=6.6 C=0.01
   ❌ FAILED
        File "/home/nfs/amicheli/.local/lib/python3.7/site-packages/joblib/externals/loky/backend/resource_tracker.py", line 274, in main
          del registry[rtype][name]
      KeyError: '/dev/shm/joblib_memmapping_folder_51635_0c47c1cb4cdc4746a46e1899817a64c8_245333dbbe2e4b9ebe8630e916d55c27'

🎯 Config 85/150 [exploit]: inp=7.5016 dt=0.025 γ=2.7046±3.38 ε=0.2134±1.316 ρ=1.73 θlif=0.0378 θrf=0.0254 τ=9.3 C=0.01
   ❌ FAILED
      joblib.externals.loky.process_executor.TerminatedWorkerError: A worker process managed by the executor was unexpectedly terminated. This could be caused by a segmentation fault while calling the function or by an excessive memory usage causing the Operating System to kill the worker.
      
      The exit codes of the workers are {SIGKILL(-9)}

🎯 Config 86/150 [exploit]: inp=3.9234 dt=0.078 γ=3.0641±2.94 ε=0.0521±0.869 ρ=1.44 θlif=0.1989 θrf=0.0025 τ=14.6 C=1.0
   ❌ FAILED
      joblib.externals.loky.process_executor.TerminatedWorkerError: A worker process managed by the executor was unexpectedly terminated. This could be caused by a segmentation fault while calling the function or by an excessive memory usage causing the Operating System to kill the worker.
      
      The exit codes of the workers are {SIGKILL(-9)}

🌐 Config 87/150 [explore]: inp=0.1015 dt=0.008 γ=4.1530±1.02 ε=0.1002±2.685 ρ=0.93 θlif=0.0125 θrf=0.0216 τ=31.5 C=0.1
   ❌ FAILED
        File "/home/nfs/amicheli/.local/lib/python3.7/site-packages/joblib/externals/loky/backend/resource_tracker.py", line 274, in main
          del registry[rtype][name]
      KeyError: '/loky-57887-69_gyc33'

🎯 Config 88/150 [exploit]: inp=2.8433 dt=0.016 γ=2.3757±4.41 ε=0.2762±2.300 ρ=1.45 θlif=0.0568 θrf=0.0273 τ=47.6 C=1.0
   ❌ FAILED
        File "/home/nfs/amicheli/.local/lib/python3.7/site-packages/joblib/externals/loky/backend/resource_tracker.py", line 274, in main
          del registry[rtype][name]
      KeyError: '/loky-59360-d9sv_t0j'

🎯 Config 89/150 [exploit]: inp=4.2702 dt=0.012 γ=1.3449±2.42 ε=0.1129±2.572 ρ=1.93 θlif=0.1388 θrf=0.0314 τ=5.1 C=0.1
   ❌ FAILED
        File "/home/nfs/amicheli/.local/lib/python3.7/site-packages/joblib/externals/loky/backend/resource_tracker.py", line 274, in main
          del registry[rtype][name]
      KeyError: '/loky-60883-z1hipltc'

🎯 Config 90/150 [exploit]: inp=1.0782 dt=0.056 γ=2.8199±4.06 ε=0.1598±2.326 ρ=1.79 θlif=0.0314 θrf=0.0029 τ=23.1 C=1.0
   ❌ FAILED
      joblib.externals.loky.process_executor.TerminatedWorkerError: A worker process managed by the executor was unexpectedly terminated. This could be caused by a segmentation fault while calling the function or by an excessive memory usage causing the Operating System to kill the worker.
      
      The exit codes of the workers are {SIGKILL(-9)}

   💾 Saved top-20 intermediate results (best so far: 81.34% [exploit])

🎯 Config 91/150 [exploit]: inp=1.0718 dt=0.114 γ=5.8042±2.08 ε=0.2861±1.392 ρ=1.04 θlif=0.0493 θrf=0.0022 τ=31.1 C=0.01
   ❌ FAILED
      joblib.externals.loky.process_executor.TerminatedWorkerError: A worker process managed by the executor was unexpectedly terminated. This could be caused by a segmentation fault while calling the function or by an excessive memory usage causing the Operating System to kill the worker.
      
      The exit codes of the workers are {SIGKILL(-9)}

🎯 Config 92/150 [exploit]: inp=1.1761 dt=0.012 γ=1.2016±4.61 ε=0.1147±2.909 ρ=1.74 θlif=0.0146 θrf=0.0055 τ=5.4 C=1.0
   ❌ FAILED
      joblib.externals.loky.process_executor.TerminatedWorkerError: A worker process managed by the executor was unexpectedly terminated. This could be caused by a segmentation fault while calling the function or by an excessive memory usage causing the Operating System to kill the worker.
      
      The exit codes of the workers are {SIGKILL(-9)}

🎯 Config 93/150 [exploit]: inp=1.3044 dt=0.102 γ=5.2863±2.52 ε=0.3298±2.084 ρ=1.33 θlif=0.0793 θrf=0.0090 τ=9.5 C=0.001
   ❌ FAILED
        File "/home/nfs/amicheli/.local/lib/python3.7/site-packages/joblib/externals/loky/backend/resource_tracker.py", line 274, in main
          del registry[rtype][name]
      KeyError: '/loky-1919-l05iyjjq'

🎯 Config 94/150 [exploit]: inp=3.6085 dt=0.019 γ=3.8634±3.13 ε=0.2696±1.611 ρ=1.34 θlif=0.0498 θrf=0.0188 τ=9.4 C=0.1
   ❌ FAILED
      joblib.externals.loky.process_executor.TerminatedWorkerError: A worker process managed by the executor was unexpectedly terminated. This could be caused by a segmentation fault while calling the function or by an excessive memory usage causing the Operating System to kill the worker.
      
      The exit codes of the workers are {SIGKILL(-9)}

🎯 Config 95/150 [exploit]: inp=1.2614 dt=0.016 γ=1.4686±4.62 ε=0.7771±2.718 ρ=1.47 θlif=0.0975 θrf=0.0272 τ=24.2 C=0.1
   ❌ FAILED
      joblib.externals.loky.process_executor.TerminatedWorkerError: A worker process managed by the executor was unexpectedly terminated. This could be caused by a segmentation fault while calling the function or by an excessive memory usage causing the Operating System to kill the worker.
      
      The exit codes of the workers are {SIGKILL(-9)}

🎯 Config 96/150 [exploit]: inp=7.4198 dt=0.136 γ=5.1572±3.31 ε=0.1159±0.605 ρ=1.97 θlif=0.1485 θrf=0.0020 τ=21.9 C=0.1
   ❌ FAILED
        File "/home/nfs/amicheli/.local/lib/python3.7/site-packages/joblib/externals/loky/backend/resource_tracker.py", line 274, in main
          del registry[rtype][name]
      KeyError: '/dev/shm/joblib_memmapping_folder_6612_49bfda7b32004c8792b24d65d90ead5f_f77831000549405ba55f33b753cc64d8'

🎯 Config 97/150 [exploit]: inp=3.7304 dt=0.064 γ=1.3777±3.69 ε=0.4244±2.467 ρ=1.44 θlif=0.0531 θrf=0.0308 τ=13.4 C=0.1
   ❌ FAILED
      joblib.externals.loky.process_executor.TerminatedWorkerError: A worker process managed by the executor was unexpectedly terminated. This could be caused by a segmentation fault while calling the function or by an excessive memory usage causing the Operating System to kill the worker.
      
      The exit codes of the workers are {SIGKILL(-9)}

🌐 Config 98/150 [explore]: inp=0.3231 dt=0.026 γ=3.3884±3.57 ε=0.0218±1.612 ρ=2.62 θlif=0.4437 θrf=0.0280 τ=51.2 C=0.01
   ❌ FAILED
      joblib.externals.loky.process_executor.TerminatedWorkerError: A worker process managed by the executor was unexpectedly terminated. This could be caused by a segmentation fault while calling the function or by an excessive memory usage causing the Operating System to kill the worker.
      
      The exit codes of the workers are {SIGKILL(-9)}

🌐 Config 99/150 [explore]: inp=3.0940 dt=0.020 γ=1.4888±2.60 ε=0.0127±3.414 ρ=0.91 θlif=0.0055 θrf=0.0430 τ=47.1 C=0.001
   ❌ FAILED
      joblib.externals.loky.process_executor.TerminatedWorkerError: A worker process managed by the executor was unexpectedly terminated. This could be caused by a segmentation fault while calling the function or by an excessive memory usage causing the Operating System to kill the worker.
      
      The exit codes of the workers are {SIGKILL(-9)}

🎯 Config 100/150 [exploit]: inp=1.9357 dt=0.028 γ=1.9459±3.12 ε=0.0917±0.862 ρ=1.51 θlif=0.1401 θrf=0.0088 τ=33.3 C=0.1
   ❌ FAILED
      joblib.externals.loky.process_executor.TerminatedWorkerError: A worker process managed by the executor was unexpectedly terminated. This could be caused by a segmentation fault while calling the function or by an excessive memory usage causing the Operating System to kill the worker.
      
      The exit codes of the workers are {SIGKILL(-9)}

   💾 Saved top-20 intermediate results (best so far: 81.34% [exploit])

🎯 Config 101/150 [exploit]: inp=1.1036 dt=0.038 γ=5.9495±3.53 ε=0.0504±0.863 ρ=1.57 θlif=0.0156 θrf=0.0010 τ=29.4 C=0.1
   ❌ FAILED
      joblib.externals.loky.process_executor.TerminatedWorkerError: A worker process managed by the executor was unexpectedly terminated. This could be caused by a segmentation fault while calling the function or by an excessive memory usage causing the Operating System to kill the worker.
      
      The exit codes of the workers are {SIGKILL(-9)}

🎯 Config 102/150 [exploit]: inp=2.1491 dt=0.011 γ=3.7662±1.35 ε=0.4991±2.157 ρ=1.62 θlif=0.1067 θrf=0.0096 τ=12.8 C=0.01
   ❌ FAILED
      joblib.externals.loky.process_executor.TerminatedWorkerError: A worker process managed by the executor was unexpectedly terminated. This could be caused by a segmentation fault while calling the function or by an excessive memory usage causing the Operating System to kill the worker.
      
      The exit codes of the workers are {SIGKILL(-9)}

🎯 Config 103/150 [exploit]: inp=4.9426 dt=0.013 γ=2.1577±3.48 ε=0.6211±1.769 ρ=1.92 θlif=0.1122 θrf=0.0268 τ=6.7 C=0.1
   ❌ FAILED
      joblib.externals.loky.process_executor.TerminatedWorkerError: A worker process managed by the executor was unexpectedly terminated. This could be caused by a segmentation fault while calling the function or by an excessive memory usage causing the Operating System to kill the worker.
      
      The exit codes of the workers are {SIGKILL(-9)}

🎯 Config 104/150 [exploit]: inp=1.3048 dt=0.035 γ=1.8159±2.76 ε=0.0677±0.742 ρ=1.05 θlif=0.1295 θrf=0.0243 τ=6.9 C=1.0
   ❌ FAILED
        File "/home/nfs/amicheli/.local/lib/python3.7/site-packages/joblib/externals/loky/backend/resource_tracker.py", line 274, in main
          del registry[rtype][name]
      KeyError: '/loky-17626-dhq0ol0n'

🎯 Config 105/150 [exploit]: inp=1.4356 dt=0.017 γ=5.9850±4.38 ε=0.6642±0.923 ρ=1.66 θlif=0.1093 θrf=0.0326 τ=29.1 C=0.01
   ❌ FAILED
      joblib.externals.loky.process_executor.TerminatedWorkerError: A worker process managed by the executor was unexpectedly terminated. This could be caused by a segmentation fault while calling the function or by an excessive memory usage causing the Operating System to kill the worker.
      
      The exit codes of the workers are {SIGKILL(-9)}

🎯 Config 106/150 [exploit]: inp=2.8797 dt=0.147 γ=1.4237±1.91 ε=0.1263±1.583 ρ=1.97 θlif=0.0628 θrf=0.0106 τ=10.4 C=1.0
   ❌ FAILED
        File "/home/nfs/amicheli/.local/lib/python3.7/site-packages/joblib/externals/loky/backend/resource_tracker.py", line 274, in main
          del registry[rtype][name]
      KeyError: '/loky-18178-n5z8m6pv'

🎯 Config 107/150 [exploit]: inp=1.5451 dt=0.105 γ=2.5276±1.18 ε=0.2646±2.978 ρ=1.45 θlif=0.0738 θrf=0.0037 τ=37.9 C=0.01
   ❌ FAILED
      joblib.externals.loky.process_executor.TerminatedWorkerError: A worker process managed by the executor was unexpectedly terminated. This could be caused by a segmentation fault while calling the function or by an excessive memory usage causing the Operating System to kill the worker.
      
      The exit codes of the workers are {SIGKILL(-9)}

🎯 Config 108/150 [exploit]: inp=1.5500 dt=0.042 γ=3.9161±2.92 ε=0.0779±2.954 ρ=1.10 θlif=0.0105 θrf=0.0200 τ=10.9 C=0.01
   ❌ FAILED
      joblib.externals.loky.process_executor.TerminatedWorkerError: A worker process managed by the executor was unexpectedly terminated. This could be caused by a segmentation fault while calling the function or by an excessive memory usage causing the Operating System to kill the worker.
      
      The exit codes of the workers are {SIGKILL(-9)}

🎯 Config 109/150 [exploit]: inp=1.1925 dt=0.086 γ=3.5304±3.71 ε=0.0965±1.012 ρ=1.44 θlif=0.0614 θrf=0.0084 τ=5.2 C=0.01
   ❌ FAILED
      joblib.externals.loky.process_executor.TerminatedWorkerError: A worker process managed by the executor was unexpectedly terminated. This could be caused by a segmentation fault while calling the function or by an excessive memory usage causing the Operating System to kill the worker.
      
      The exit codes of the workers are {SIGKILL(-9)}

🎯 Config 110/150 [exploit]: inp=1.6026 dt=0.080 γ=5.7837±1.35 ε=0.2332±1.329 ρ=1.08 θlif=0.0585 θrf=0.0018 τ=42.2 C=0.1
   ❌ FAILED
      joblib.externals.loky.process_executor.TerminatedWorkerError: A worker process managed by the executor was unexpectedly terminated. This could be caused by a segmentation fault while calling the function or by an excessive memory usage causing the Operating System to kill the worker.
      
      The exit codes of the workers are {SIGKILL(-9)}

   💾 Saved top-20 intermediate results (best so far: 81.34% [exploit])

🎯 Config 111/150 [exploit]: inp=2.6937 dt=0.030 γ=2.1337±3.55 ε=0.7154±1.374 ρ=1.93 θlif=0.1009 θrf=0.0036 τ=29.1 C=1.0
   ❌ FAILED
      joblib.externals.loky.process_executor.TerminatedWorkerError: A worker process managed by the executor was unexpectedly terminated. This could be caused by a segmentation fault while calling the function or by an excessive memory usage causing the Operating System to kill the worker.
      
      The exit codes of the workers are {SIGKILL(-9)}

🎯 Config 112/150 [exploit]: inp=6.0508 dt=0.026 γ=3.3437±4.41 ε=0.0879±0.720 ρ=1.85 θlif=0.0918 θrf=0.0475 τ=10.2 C=0.01
   ❌ FAILED
      joblib.externals.loky.process_executor.TerminatedWorkerError: A worker process managed by the executor was unexpectedly terminated. This could be caused by a segmentation fault while calling the function or by an excessive memory usage causing the Operating System to kill the worker.
      
      The exit codes of the workers are {SIGKILL(-9)}

🎯 Config 113/150 [exploit]: inp=5.5731 dt=0.012 γ=2.7250±3.95 ε=0.0725±2.078 ρ=1.21 θlif=0.0217 θrf=0.0329 τ=17.3 C=0.1
   ❌ FAILED
        File "/home/nfs/amicheli/.local/lib/python3.7/site-packages/joblib/externals/loky/backend/resource_tracker.py", line 274, in main
          del registry[rtype][name]
      KeyError: '/loky-19473-ggj02pr0'

🎯 Config 114/150 [exploit]: inp=5.0574 dt=0.024 γ=1.2013±2.70 ε=0.1283±0.518 ρ=1.89 θlif=0.0135 θrf=0.0407 τ=27.7 C=1.0
   ❌ FAILED
      joblib.externals.loky.process_executor.TerminatedWorkerError: A worker process managed by the executor was unexpectedly terminated. This could be caused by a segmentation fault while calling the function or by an excessive memory usage causing the Operating System to kill the worker.
      
      The exit codes of the workers are {SIGKILL(-9)}

🎯 Config 115/150 [exploit]: inp=1.3549 dt=0.020 γ=1.1781±3.90 ε=0.0867±1.087 ρ=1.51 θlif=0.1038 θrf=0.0337 τ=32.3 C=0.1
   ❌ FAILED
      joblib.externals.loky.process_executor.TerminatedWorkerError: A worker process managed by the executor was unexpectedly terminated. This could be caused by a segmentation fault while calling the function or by an excessive memory usage causing the Operating System to kill the worker.
      
      The exit codes of the workers are {SIGKILL(-9)}

🌐 Config 116/150 [explore]: inp=9.2800 dt=0.028 γ=5.2090±2.05 ε=0.0710±0.026 ρ=2.40 θlif=0.0147 θrf=0.0068 τ=2.0 C=0.1
   ❌ FAILED
        File "/home/nfs/amicheli/.local/lib/python3.7/site-packages/joblib/externals/loky/backend/resource_tracker.py", line 274, in main
          del registry[rtype][name]
      KeyError: '/loky-20616-khvb6i8r'

🎯 Config 117/150 [exploit]: inp=3.3744 dt=0.031 γ=1.6636±2.99 ε=0.0555±1.235 ρ=1.70 θlif=0.0546 θrf=0.0022 τ=10.7 C=0.01
   ❌ FAILED
      joblib.externals.loky.process_executor.TerminatedWorkerError: A worker process managed by the executor was unexpectedly terminated. This could be caused by a segmentation fault while calling the function or by an excessive memory usage causing the Operating System to kill the worker.
      
      The exit codes of the workers are {SIGKILL(-9)}

🎯 Config 118/150 [exploit]: inp=3.5394 dt=0.017 γ=4.1650±2.45 ε=0.4747±2.546 ρ=1.00 θlif=0.1610 θrf=0.0066 τ=23.9 C=0.1
   ❌ FAILED
        File "<frozen importlib._bootstrap_external>", line 1368, in find_spec
        File "<frozen importlib._bootstrap_external>", line 1408, in _fill_cache
      OSError: [Errno 12] Cannot allocate memory: '/tudelft.net/staff-bulk/ewi/insy/VisionLab/amicheli/envs/pytorch/lib/python3.7/collections'

🎯 Config 119/150 [exploit]: inp=7.1177 dt=0.133 γ=5.1497±4.82 ε=0.0521±1.296 ρ=1.80 θlif=0.0254 θrf=0.0042 τ=20.3 C=0.001
   ❌ FAILED
        File "/home/nfs/amicheli/.local/lib/python3.7/site-packages/joblib/externals/loky/backend/resource_tracker.py", line 274, in main
          del registry[rtype][name]
      KeyError: '/loky-21170-atd_88en'

🎯 Config 120/150 [exploit]: inp=1.7812 dt=0.069 γ=3.6499±2.56 ε=0.0868±1.427 ρ=1.50 θlif=0.0368 θrf=0.0055 τ=30.6 C=0.1
   ❌ FAILED
        File "/home/nfs/amicheli/.local/lib/python3.7/site-packages/joblib/externals/loky/backend/resource_tracker.py", line 274, in main
          del registry[rtype][name]
      KeyError: '/loky-21380-h41xp55c'

   💾 Saved top-20 intermediate results (best so far: 81.34% [exploit])

🌐 Config 121/150 [explore]: inp=0.1642 dt=0.009 γ=3.9816±2.56 ε=0.0338±3.376 ρ=2.35 θlif=0.0684 θrf=0.0530 τ=52.5 C=10.0
   ❌ FAILED
        File "/home/nfs/amicheli/.local/lib/python3.7/site-packages/joblib/externals/loky/backend/resource_tracker.py", line 274, in main
          del registry[rtype][name]
      KeyError: '/loky-21568-msbo6szl'

🌐 Config 122/150 [explore]: inp=2.8560 dt=0.163 γ=1.0680±0.27 ε=0.0301±1.557 ρ=1.44 θlif=0.0137 θrf=0.0101 τ=2.4 C=0.01
   ❌ FAILED
      Extracting features:  99%|████████████████████▊| 99/100 [00:35<00:00,  2.81it/s]
      Extracting features: 100%|████████████████████| 100/100 [00:35<00:00,  2.81it/s]
      Extracting features: 100%|████████████████████| 100/100 [00:35<00:00,  2.81it/s]

🌐 Config 123/150 [explore]: inp=0.9198 dt=0.044 γ=0.7611±1.87 ε=0.0234±2.281 ρ=0.88 θlif=0.0051 θrf=0.0310 τ=78.3 C=0.01
   ❌ FAILED
        File "/home/nfs/amicheli/.local/lib/python3.7/site-packages/joblib/externals/loky/backend/resource_tracker.py", line 274, in main
          del registry[rtype][name]
      KeyError: '/loky-21954-u_ww3hnq'

🎯 Config 124/150 [exploit]: inp=6.4541 dt=0.059 γ=1.6444±1.48 ε=0.2283±2.815 ρ=1.99 θlif=0.0374 θrf=0.0093 τ=20.5 C=0.1
   ❌ FAILED
        File "/home/nfs/amicheli/.local/lib/python3.7/site-packages/joblib/externals/loky/backend/resource_tracker.py", line 274, in main
          del registry[rtype][name]
      KeyError: '/loky-22066-3j90ojx3'

🎯 Config 125/150 [exploit]: inp=2.2745 dt=0.012 γ=2.8119±3.72 ε=0.1990±2.834 ρ=1.09 θlif=0.0457 θrf=0.0168 τ=43.3 C=0.01
   ❌ FAILED
        File "/home/nfs/amicheli/.local/lib/python3.7/site-packages/joblib/externals/loky/backend/resource_tracker.py", line 274, in main
          del registry[rtype][name]
      KeyError: '/loky-22298-w61gdq7b'

🎯 Config 126/150 [exploit]: inp=2.1954 dt=0.031 γ=1.3769±1.31 ε=0.1769±1.466 ρ=1.60 θlif=0.0958 θrf=0.0030 τ=43.1 C=1.0
   ❌ FAILED
        File "/home/nfs/amicheli/.local/lib/python3.7/site-packages/joblib/externals/loky/backend/resource_tracker.py", line 274, in main
          del registry[rtype][name]
      KeyError: '/loky-22417-df8b6a7r'

🎯 Config 127/150 [exploit]: inp=1.3262 dt=0.021 γ=4.4754±2.70 ε=0.3323±2.340 ρ=1.18 θlif=0.0633 θrf=0.0013 τ=42.5 C=0.01
   ❌ FAILED
      Fatal Python error: initfsencoding: Unable to get the locale encoding
      Traceback (most recent call last):
        File "<frozen importlib._bootstrap>", line 983, in _find_and_load

🎯 Config 128/150 [exploit]: inp=7.5030 dt=0.038 γ=2.8380±4.50 ε=0.3938±0.957 ρ=1.20 θlif=0.1006 θrf=0.0322 τ=15.8 C=0.1
   ❌ FAILED
      joblib.externals.loky.process_executor.TerminatedWorkerError: A worker process managed by the executor was unexpectedly terminated. This could be caused by a segmentation fault while calling the function or by an excessive memory usage causing the Operating System to kill the worker.
      
      The exit codes of the workers are {SIGKILL(-9)}

🎯 Config 129/150 [exploit]: inp=2.4592 dt=0.011 γ=1.2536±4.42 ε=0.0595±1.141 ρ=1.57 θlif=0.0224 θrf=0.0181 τ=17.3 C=0.1
   ❌ FAILED
        File "/home/nfs/amicheli/.local/lib/python3.7/site-packages/joblib/externals/loky/backend/resource_tracker.py", line 274, in main
          del registry[rtype][name]
      KeyError: '/loky-22977-qjcqqexu'

🎯 Config 130/150 [exploit]: inp=6.3272 dt=0.042 γ=2.9474±2.13 ε=0.2618±1.102 ρ=1.35 θlif=0.0737 θrf=0.0308 τ=14.0 C=0.1
   ❌ FAILED
      Extracting features:  99%|████████████████████▊| 99/100 [00:35<00:00,  2.80it/s]
      Extracting features: 100%|████████████████████| 100/100 [00:35<00:00,  2.80it/s]
      Extracting features: 100%|████████████████████| 100/100 [00:35<00:00,  2.80it/s]

   💾 Saved top-20 intermediate results (best so far: 81.34% [exploit])

🎯 Config 131/150 [exploit]: inp=1.3732 dt=0.013 γ=1.4866±2.69 ε=0.7473±1.243 ρ=1.37 θlif=0.1488 θrf=0.0108 τ=7.0 C=0.1
   ❌ FAILED
      joblib.externals.loky.process_executor.TerminatedWorkerError: A worker process managed by the executor was unexpectedly terminated. This could be caused by a segmentation fault while calling the function or by an excessive memory usage causing the Operating System to kill the worker.
      
      The exit codes of the workers are {SIGKILL(-9)}

🎯 Config 132/150 [exploit]: inp=6.9733 dt=0.031 γ=1.2434±2.06 ε=0.2174±2.983 ρ=1.64 θlif=0.0632 θrf=0.0082 τ=45.9 C=0.01
   ❌ FAILED
      Extracting features:  99%|████████████████████▊| 99/100 [00:35<00:00,  2.81it/s]
      Extracting features: 100%|████████████████████| 100/100 [00:35<00:00,  2.82it/s]
      Extracting features: 100%|████████████████████| 100/100 [00:35<00:00,  2.82it/s]

🎯 Config 133/150 [exploit]: inp=2.6020 dt=0.023 γ=4.3940±2.47 ε=0.6688±1.666 ρ=1.93 θlif=0.0364 θrf=0.0056 τ=35.5 C=10.0
   ❌ FAILED
      Extracting features:  99%|████████████████████▊| 99/100 [00:34<00:00,  2.84it/s]
      Extracting features: 100%|████████████████████| 100/100 [00:35<00:00,  2.83it/s]
      Extracting features: 100%|████████████████████| 100/100 [00:35<00:00,  2.84it/s]

🎯 Config 134/150 [exploit]: inp=1.9153 dt=0.077 γ=3.7401±3.13 ε=0.1301±1.624 ρ=1.92 θlif=0.1276 θrf=0.0032 τ=9.0 C=1.0
   ❌ FAILED
      Extracting features:  99%|████████████████████▊| 99/100 [00:35<00:00,  2.76it/s]
      Extracting features: 100%|████████████████████| 100/100 [00:36<00:00,  2.77it/s]
      Extracting features: 100%|████████████████████| 100/100 [00:36<00:00,  2.77it/s]

🌐 Config 135/150 [explore]: inp=2.1486 dt=0.048 γ=1.6929±3.04 ε=0.0828±2.328 ρ=1.10 θlif=0.2617 θrf=0.0032 τ=14.7 C=0.01
   ❌ FAILED
      joblib.externals.loky.process_executor.TerminatedWorkerError: A worker process managed by the executor was unexpectedly terminated. This could be caused by a segmentation fault while calling the function or by an excessive memory usage causing the Operating System to kill the worker.
      
      The exit codes of the workers are {SIGKILL(-9)}

🎯 Config 136/150 [exploit]: inp=1.1352 dt=0.118 γ=1.1244±4.35 ε=0.1421±1.189 ρ=1.45 θlif=0.0321 θrf=0.0269 τ=23.3 C=0.1
   ❌ FAILED
        File "/home/nfs/amicheli/.local/lib/python3.7/site-packages/sklearn/utils/validation.py", line 116, in _assert_all_finite
          type_err, msg_dtype if msg_dtype is not None else X.dtype
      ValueError: Input contains infinity or a value too large for dtype('float32').

🎯 Config 137/150 [exploit]: inp=5.2687 dt=0.137 γ=4.3807±4.77 ε=0.4180±0.626 ρ=1.24 θlif=0.0438 θrf=0.0011 τ=6.6 C=0.01
   ❌ FAILED
      Extracting features:  99%|████████████████████▊| 99/100 [00:34<00:00,  2.86it/s]
      Extracting features: 100%|████████████████████| 100/100 [00:34<00:00,  2.87it/s]
      Extracting features: 100%|████████████████████| 100/100 [00:34<00:00,  2.87it/s]

🌐 Config 138/150 [explore]: inp=0.1520 dt=0.100 γ=2.5314±4.95 ε=0.0389±1.000 ρ=1.18 θlif=0.2764 θrf=0.0745 τ=8.7 C=0.1
   ❌ FAILED
        File "/home/nfs/amicheli/.local/lib/python3.7/site-packages/joblib/externals/loky/backend/resource_tracker.py", line 274, in main
          del registry[rtype][name]
      KeyError: '/loky-24537-1tohyxww'

🌐 Config 139/150 [explore]: inp=0.1253 dt=0.119 γ=3.7824±5.81 ε=0.3354±0.673 ρ=2.08 θlif=0.0745 θrf=0.0487 τ=52.0 C=0.1
   ❌ FAILED
      Extracting features:  99%|████████████████████▊| 99/100 [00:35<00:00,  2.81it/s]
      Extracting features: 100%|████████████████████| 100/100 [00:35<00:00,  2.81it/s]
      Extracting features: 100%|████████████████████| 100/100 [00:35<00:00,  2.82it/s]

🎯 Config 140/150 [exploit]: inp=2.6422 dt=0.063 γ=2.6106±3.89 ε=0.1186±1.615 ρ=1.16 θlif=0.0110 θrf=0.0203 τ=34.6 C=0.1
   ❌ FAILED
      Extracting features:  99%|████████████████████▊| 99/100 [00:35<00:00,  2.79it/s]
      Extracting features: 100%|████████████████████| 100/100 [00:35<00:00,  2.79it/s]
      Extracting features: 100%|████████████████████| 100/100 [00:35<00:00,  2.80it/s]

   💾 Saved top-20 intermediate results (best so far: 81.34% [exploit])

🎯 Config 141/150 [exploit]: inp=1.2419 dt=0.012 γ=1.3035±2.22 ε=0.0941±0.732 ρ=1.14 θlif=0.0149 θrf=0.0011 τ=8.7 C=10.0
   ❌ FAILED
        File "/home/nfs/amicheli/.local/lib/python3.7/site-packages/joblib/externals/loky/backend/resource_tracker.py", line 274, in main
          del registry[rtype][name]
      KeyError: '/loky-25194-x6kcj20n'

🌐 Config 142/150 [explore]: inp=0.1549 dt=0.011 γ=8.8562±1.89 ε=0.0934±1.571 ρ=1.53 θlif=0.9831 θrf=0.0021 τ=92.5 C=1.0
   ❌ FAILED
      Extracting features:  99%|████████████████████▊| 99/100 [00:34<00:00,  2.83it/s]
      Extracting features: 100%|████████████████████| 100/100 [00:35<00:00,  2.84it/s]
      Extracting features: 100%|████████████████████| 100/100 [00:35<00:00,  2.84it/s]

🎯 Config 143/150 [exploit]: inp=3.4971 dt=0.100 γ=1.6248±3.43 ε=0.5343±1.539 ρ=1.36 θlif=0.0181 θrf=0.0051 τ=11.5 C=0.1
   ❌ FAILED
      Extracting features:  99%|████████████████████▊| 99/100 [00:35<00:00,  2.77it/s]
      Extracting features: 100%|████████████████████| 100/100 [00:36<00:00,  2.77it/s]
      Extracting features: 100%|████████████████████| 100/100 [00:36<00:00,  2.78it/s]

🎯 Config 144/150 [exploit]: inp=2.8716 dt=0.076 γ=1.2668±2.44 ε=0.7289±2.101 ρ=1.64 θlif=0.0180 θrf=0.0111 τ=9.4 C=0.001
   ❌ FAILED
      Extracting features:  99%|████████████████████▊| 99/100 [00:35<00:00,  2.79it/s]
      Extracting features: 100%|████████████████████| 100/100 [00:35<00:00,  2.79it/s]
      Extracting features: 100%|████████████████████| 100/100 [00:35<00:00,  2.79it/s]

🎯 Config 145/150 [exploit]: inp=1.3215 dt=0.011 γ=5.3240±4.50 ε=0.1310±2.583 ρ=1.14 θlif=0.0933 θrf=0.0231 τ=6.6 C=10.0
   ❌ FAILED
      joblib.externals.loky.process_executor.TerminatedWorkerError: A worker process managed by the executor was unexpectedly terminated. This could be caused by a segmentation fault while calling the function or by an excessive memory usage causing the Operating System to kill the worker.
      
      The exit codes of the workers are {SIGKILL(-9)}

🎯 Config 146/150 [exploit]: inp=1.9999 dt=0.068 γ=1.2102±4.98 ε=0.1335±2.789 ρ=1.32 θlif=0.1108 θrf=0.0094 τ=17.0 C=0.1
   ❌ FAILED
        File "/home/nfs/amicheli/.local/lib/python3.7/site-packages/sklearn/utils/validation.py", line 116, in _assert_all_finite
          type_err, msg_dtype if msg_dtype is not None else X.dtype
      ValueError: Input contains infinity or a value too large for dtype('float32').

🌐 Config 147/150 [explore]: inp=2.6636 dt=0.130 γ=3.3839±3.27 ε=0.0191±1.432 ρ=2.47 θlif=0.5728 θrf=0.0089 τ=16.9 C=1.0
   ❌ FAILED
        File "/home/nfs/amicheli/.local/lib/python3.7/site-packages/joblib/externals/loky/backend/resource_tracker.py", line 274, in main
          del registry[rtype][name]
      KeyError: '/loky-26178-2gmhq1mk'

🎯 Config 148/150 [exploit]: inp=3.9380 dt=0.012 γ=4.5627±1.35 ε=0.0856±1.977 ρ=1.40 θlif=0.1325 θrf=0.0173 τ=42.4 C=0.1
   ❌ FAILED
      joblib.externals.loky.process_executor.TerminatedWorkerError: A worker process managed by the executor was unexpectedly terminated. This could be caused by a segmentation fault while calling the function or by an excessive memory usage causing the Operating System to kill the worker.
      
      The exit codes of the workers are {SIGSEGV(-11)}

🎯 Config 149/150 [exploit]: inp=4.1833 dt=0.040 γ=1.1333±4.46 ε=0.2586±1.595 ρ=1.55 θlif=0.0128 θrf=0.0016 τ=27.1 C=0.1
   ❌ FAILED
        File "/home/nfs/amicheli/.local/lib/python3.7/site-packages/joblib/externals/loky/backend/resource_tracker.py", line 274, in main
          del registry[rtype][name]
      KeyError: '/loky-26520-yze22zlt'

🌐 Config 150/150 [explore]: inp=1.7201 dt=0.270 γ=0.8978±3.69 ε=0.2709±3.568 ρ=2.37 θlif=0.8695 θrf=0.0011 τ=39.2 C=0.01
   ❌ FAILED
        File "/home/nfs/amicheli/.local/lib/python3.7/site-packages/sklearn/utils/validation.py", line 116, in _assert_all_finite
          type_err, msg_dtype if msg_dtype is not None else X.dtype
      ValueError: Input contains infinity or a value too large for dtype('float32').

   💾 Saved top-20 intermediate results (best so far: 81.34% [exploit])

======================================================================
✅ Completed: 9/150 configs successful
❌ Failed:    141/150 configs
🎯 Exploit best: 81.34%  (mean: 67.13%)
🌐 Explore best: 77.28%  (mean: 65.04%)
======================================================================

🏆 TOP 10 CONFIGURATIONS:
Rank  Test%      Train%     Gap     Type      inp_scl   C       dt      gamma    eps      rho    τ      θlif     θrf    
------------------------------------------------------------------------------------------------------------------------
1     81.34%     83.26%     1.9%   exploit   3.7094   0.1    0.079  1.8283  0.7073  1.45  25.5  0.0440  0.0033 
2     77.28%     77.25%     -0.0%   explore   8.0595   0.001  0.016  2.8717  0.0089  2.79  4.4   0.0789  0.0012 
3     71.56%     73.02%     1.5%   explore   1.4954   0.01   0.012  2.4365  0.0205  1.68  5.0   0.4513  0.0010 
4     70.42%     70.41%     -0.0%   exploit   6.4506   0.001  0.026  4.8875  0.0526  1.18  10.4  0.0135  0.0026 
5     70.32%     72.67%     2.3%   exploit   2.2839   0.1    0.075  1.8278  0.2449  1.22  49.9  0.0142  0.0023 
6     65.75%     68.62%     2.9%   exploit   1.0915   0.1    0.140  2.0882  0.0593  1.62  12.9  0.1026  0.0075 
7     64.45%     66.67%     2.2%   exploit   7.2422   0.1    0.115  2.8326  0.2860  1.78  17.4  0.0618  0.0012 
8     50.51%     54.35%     3.8%   exploit   1.3528   1.0    0.142  1.1177  0.1598  1.95  30.8  0.0176  0.0177 
9     46.28%     47.55%     1.3%   explore   0.1947   0.001  0.010  1.2209  0.0159  2.85  25.5  0.0743  0.0028 

📊 PARAMETER TRENDS (top 10 vs all):
      inp_scaling: top10=3.5422±2.7961  all=3.5422±2.7961
               dt: top10=0.0682±0.0516  all=0.0682±0.0516
            gamma: top10=2.3457±1.0728  all=2.3457±1.0728
          epsilon: top10=0.1728±0.2124  all=0.1728±0.2124
              rho: top10=1.8339±0.5769  all=1.8339±0.5769
       tau_filter: top10=20.2014±13.7127  all=20.2014±13.7127
        theta_lif: top10=0.0954±0.1293  all=0.0954±0.1293
         theta_rf: top10=0.0044±0.0051  all=0.0044±0.0051

📊 REGULARIZATION (C) BREAKDOWN:
  C=0.001  : n=3, test=64.66±13.29%, gap=0.4%
  C=0.01   : n=1, test=71.56±0.00%, gap=1.5%
  C=0.1    : n=4, test=70.47±6.65%, gap=2.3%
  C=1.0    : n=1, test=50.51±0.00%, gap=3.8%
slurmstepd: error: Detected 2878 oom-kill event(s) in StepId=12348298.0. Some of your processes may have been killed by the cgroup out-of-memory handler.
srun: error: gpu21: task 0: Out Of Memory
srun: launch/slurm: _step_signal: Terminating StepId=12348298.0
slurmstepd: error: Detected 2878 oom-kill event(s) in StepId=12348298.batch. Some of your processes may have been killed by the cgroup out-of-memory handler.
