Warmed cache: train T=30
Warmed cache: test T=30
Warmed cache: train T=50
Warmed cache: test T=50
Warmed cache: train T=100
Warmed cache: test T=100
Warmed cache: train T=200
Warmed cache: test T=200
All caches warmed.
DVS Gesture Phase 2 (Dual Regime): 150 configs — 60x Regime A / 60x Regime B / 30x wide
Fixed: n_hid=3000, sf=4, T=200, mode=mean, seed=0
======================================================================

🌐 Config 1/150 [Regime wide]: C=0.003 inp=0.0062 dens=0.0472 dt=0.193 g=0.2294+/-0.8647 e=0.0130+/-0.0518 rho=1.472 th_lif=0.2396 th_rf=0.00176 [osc=18.51!]
   -> Test: 49.24%  Train: 99.63%  Gap: 50.4%  r_hrf=0.5076 ⚠️sat  r_lif=0.3360

🔵 Config 2/150 [Regime A]: C=0.0001 inp=0.0547 dens=0.1225 dt=0.164 g=0.0960+/-0.1184 e=0.0219+/-0.0599 rho=1.157 th_lif=0.3242 th_rf=0.00924
   -> Test: 49.24%  Train: 49.12%  Gap: -0.1%  r_hrf=0.4893 ⚠️sat  r_lif=0.9279

🌐 Config 3/150 [Regime wide]: C=0.001 inp=0.0184 dens=0.0407 dt=0.087 g=0.2581+/-0.5819 e=0.1955+/-0.1068 rho=1.096 th_lif=2.4741 th_rf=0.05191
   -> Test: 65.15%  Train: 89.79%  Gap: 24.6%  r_hrf=0.3148  r_lif=0.0191

🔵 Config 4/150 [Regime A]: C=0.003 inp=0.1016 dens=0.1145 dt=0.288 g=0.0891+/-0.1036 e=0.0068+/-0.0805 rho=1.064 th_lif=1.8645 th_rf=0.02333 [osc=17.19!]
   -> Test: 60.61%  Train: 81.24%  Gap: 20.6%  r_hrf=0.4880 ⚠️sat  r_lif=0.7759

🌐 Config 5/150 [Regime wide]: C=0.001 inp=0.0092 dens=0.0115 dt=0.113 g=0.0332+/-0.4012 e=0.2039+/-0.2403 rho=1.413 th_lif=1.2909 th_rf=0.00315
   -> Test: 63.64%  Train: 92.01%  Gap: 28.4%  r_hrf=0.3957  r_lif=0.0319

🌐 Config 6/150 [Regime wide]: C=0.0003 inp=0.1834 dens=0.0256 dt=0.061 g=0.3920+/-1.0379 e=0.0039+/-0.1929 rho=1.232 th_lif=0.7847 th_rf=0.06224
   -> Test: 65.15%  Train: 74.00%  Gap: 8.9%  r_hrf=0.4667 ⚠️sat  r_lif=0.3812

🟠 Config 7/150 [Regime B]: C=0.0003 inp=0.0383 dens=0.0713 dt=0.234 g=0.3488+/-1.4973 e=0.0139+/-0.0688 rho=0.948 th_lif=0.8429 th_rf=0.00675 [osc=27.69!]
   -> Test: 67.05%  Train: 74.93%  Gap: 7.9%  r_hrf=0.5037 ⚠️sat  r_lif=0.4684

🔵 Config 8/150 [Regime A]: C=0.0003 inp=0.0218 dens=0.0883 dt=0.382 g=0.0143+/-0.1227 e=0.0093+/-0.0804 rho=1.506 th_lif=0.4954 th_rf=0.01126
   -> Test: 58.33%  Train: 73.54%  Gap: 15.2%  r_hrf=0.5053 ⚠️sat  r_lif=0.6428

🔵 Config 9/150 [Regime A]: C=0.0003 inp=0.0386 dens=0.0419 dt=0.167 g=0.0390+/-0.0889 e=0.0165+/-0.0494 rho=1.429 th_lif=0.7149 th_rf=0.03208
   -> Test: 66.29%  Train: 76.23%  Gap: 9.9%  r_hrf=0.4890 ⚠️sat  r_lif=0.3184

🌐 Config 10/150 [Regime wide]: C=0.001 inp=0.0195 dens=0.1223 dt=0.351 g=0.0686+/-0.9148 e=0.0306+/-0.0675 rho=1.585 th_lif=1.7383 th_rf=0.00215 [osc=18.41!]
   -> Test: 59.85%  Train: 88.77%  Gap: 28.9%  r_hrf=0.4876 ⚠️sat  r_lif=0.2351

   [saved] best so far: 67.05% [Regime B] r_hrf=0.5037

🔵 Config 11/150 [Regime A]: C=0.001 inp=0.0530 dens=0.0983 dt=0.169 g=0.0734+/-0.0466 e=0.0477+/-0.0103 rho=1.246 th_lif=0.8197 th_rf=0.02096
   -> Test: 69.70%  Train: 79.48%  Gap: 9.8%  r_hrf=0.5099 ⚠️sat  r_lif=0.5585

🔵 Config 12/150 [Regime A]: C=0.001 inp=0.0227 dens=0.0828 dt=0.275 g=0.0551+/-0.1010 e=0.0290+/-0.0109 rho=1.381 th_lif=0.7767 th_rf=0.04268
   -> Test: 68.56%  Train: 88.39%  Gap: 19.8%  r_hrf=0.5011 ⚠️sat  r_lif=0.4060

🟠 Config 13/150 [Regime B]: C=0.0003 inp=0.0466 dens=0.0419 dt=0.097 g=0.3909+/-0.7305 e=0.0774+/-0.2528 rho=1.019 th_lif=1.7283 th_rf=0.01312
   -> Test: 67.80%  Train: 73.17%  Gap: 5.4%  r_hrf=0.4361 ⚠️sat  r_lif=0.0851

🟠 Config 14/150 [Regime B]: C=0.001 inp=0.0355 dens=0.0849 dt=0.177 g=1.4293+/-0.3761 e=0.1308+/-0.0875 rho=0.914 th_lif=0.3944 th_rf=0.01269 [osc=42.37!]
   -> Test: 64.02%  Train: 78.27%  Gap: 14.3%  r_hrf=0.4790 ⚠️sat  r_lif=0.6923

🔵 Config 15/150 [Regime A]: C=0.0001 inp=0.0806 dens=0.0425 dt=0.370 g=0.0326+/-0.0334 e=0.0072+/-0.0427 rho=1.487 th_lif=0.5022 th_rf=0.01234
   -> Test: 51.89%  Train: 54.87%  Gap: 3.0%  r_hrf=0.5096 ⚠️sat  r_lif=0.9128

🟠 Config 16/150 [Regime B]: C=0.0001 inp=0.0121 dens=0.1373 dt=0.206 g=1.0046+/-0.2514 e=0.3201+/-0.1335 rho=1.049 th_lif=0.1556 th_rf=0.00835 [osc=41.21!]
   -> Test: 55.68%  Train: 50.97%  Gap: -4.7%  r_hrf=0.5034 ⚠️sat  r_lif=0.6823

🌐 Config 17/150 [Regime wide]: C=0.0003 inp=0.0434 dens=0.0325 dt=0.376 g=1.1147+/-1.2633 e=0.0047+/-0.2654 rho=1.152 th_lif=2.8836 th_rf=0.00800 [osc=79.35!]
   -> Test: 64.39%  Train: 79.39%  Gap: 15.0%  r_hrf=0.4890 ⚠️sat  r_lif=0.1616

🟠 Config 18/150 [Regime B]: C=0.0003 inp=0.0207 dens=0.0238 dt=0.219 g=0.5963+/-1.1531 e=0.0134+/-0.0533 rho=1.019 th_lif=1.9601 th_rf=0.00479 [osc=33.87!]
   -> Test: 63.64%  Train: 80.04%  Gap: 16.4%  r_hrf=0.4589 ⚠️sat  r_lif=0.0580

🌐 Config 19/150 [Regime wide]: C=0.0003 inp=0.1037 dens=0.0147 dt=0.353 g=2.1832+/-0.9170 e=0.0541+/-0.0448 rho=1.272 th_lif=1.5401 th_rf=0.00105 [osc=104.21!]
   -> Test: 67.05%  Train: 74.47%  Gap: 7.4%  r_hrf=0.4926 ⚠️sat  r_lif=0.4641

🟠 Config 20/150 [Regime B]: C=0.001 inp=0.0297 dens=0.1479 dt=0.088 g=0.3314+/-1.3920 e=0.0763+/-0.2680 rho=0.966 th_lif=0.3526 th_rf=0.00108
   -> Test: 68.18%  Train: 79.76%  Gap: 11.6%  r_hrf=0.4854 ⚠️sat  r_lif=0.4737

   [saved] best so far: 69.70% [Regime A] r_hrf=0.5099

🟠 Config 21/150 [Regime B]: C=0.0003 inp=0.0240 dens=0.0922 dt=0.147 g=1.9122+/-0.8668 e=0.3710+/-0.1005 rho=0.877 th_lif=0.8367 th_rf=0.00961 [osc=40.75!]
   -> Test: 63.26%  Train: 69.92%  Gap: 6.7%  r_hrf=0.4325 ⚠️sat  r_lif=0.2094

🟠 Config 22/150 [Regime B]: C=0.003 inp=0.0125 dens=0.0352 dt=0.051 g=2.1495+/-0.6633 e=0.0315+/-0.0738 rho=1.037 th_lif=0.3641 th_rf=0.03666
   -> Test: 70.83%  Train: 97.31%  Gap: 26.5%  r_hrf=0.2259  r_lif=0.0554

🟠 Config 23/150 [Regime B]: C=0.0001 inp=0.0186 dens=0.0462 dt=0.165 g=0.9558+/-1.1512 e=0.3528+/-0.1086 rho=0.950 th_lif=0.7577 th_rf=0.02955 [osc=32.22!]
   -> Test: 59.47%  Train: 62.40%  Gap: 2.9%  r_hrf=0.4619 ⚠️sat  r_lif=0.1492

🟠 Config 24/150 [Regime B]: C=0.003 inp=0.0374 dens=0.0538 dt=0.300 g=1.4707+/-0.2668 e=0.0293+/-0.2099 rho=0.967 th_lif=0.1879 th_rf=0.00134 [osc=72.70!]
   -> Test: 64.39%  Train: 87.47%  Gap: 23.1%  r_hrf=0.4946 ⚠️sat  r_lif=0.9190

🔵 Config 25/150 [Regime A]: C=0.0003 inp=0.0179 dens=0.1318 dt=0.367 g=0.1336+/-0.1026 e=0.0515+/-0.0864 rho=1.583 th_lif=2.2621 th_rf=0.00666 [osc=26.80!]
   -> Test: 59.85%  Train: 73.07%  Gap: 13.2%  r_hrf=0.4874 ⚠️sat  r_lif=0.1811

🔵 Config 26/150 [Regime A]: C=0.001 inp=0.1118 dens=0.0456 dt=0.152 g=0.1487+/-0.0717 e=0.0120+/-0.0417 rho=1.041 th_lif=0.8857 th_rf=0.02298
   -> Test: 67.05%  Train: 80.78%  Gap: 13.7%  r_hrf=0.5041 ⚠️sat  r_lif=0.6455

🟠 Config 27/150 [Regime B]: C=0.001 inp=0.1072 dens=0.0942 dt=0.143 g=1.0404+/-0.7478 e=0.0205+/-0.1968 rho=1.034 th_lif=0.3370 th_rf=0.00273 [osc=29.08!]
   -> Test: 40.53%  Train: 48.93%  Gap: 8.4%  r_hrf=0.4861 ⚠️sat  r_lif=0.9837

🌐 Config 28/150 [Regime wide]: C=0.01 inp=0.0744 dens=0.1074 dt=0.051 g=0.0391+/-1.2138 e=0.0661+/-0.0629 rho=1.274 th_lif=1.7480 th_rf=0.00154
   -> Test: 76.14%  Train: 96.38%  Gap: 20.2%  r_hrf=0.4239 ⚠️sat  r_lif=0.1146

🟠 Config 29/150 [Regime B]: C=0.001 inp=0.0755 dens=0.0783 dt=0.200 g=0.3182+/-0.2863 e=0.0118+/-0.0097 rho=0.881 th_lif=0.8916 th_rf=0.00440 [osc=22.59!]
   -> Test: 61.74%  Train: 76.14%  Gap: 14.4%  r_hrf=0.4928 ⚠️sat  r_lif=0.7219

🔵 Config 30/150 [Regime A]: C=0.001 inp=0.0324 dens=0.0637 dt=0.245 g=0.0174+/-0.0397 e=0.0316+/-0.0927 rho=1.185 th_lif=1.7339 th_rf=0.00509
   -> Test: 68.18%  Train: 85.79%  Gap: 17.6%  r_hrf=0.4978 ⚠️sat  r_lif=0.1949

   [saved] best so far: 76.14% [Regime wide] r_hrf=0.4239

🔵 Config 31/150 [Regime A]: C=0.003 inp=0.0706 dens=0.0826 dt=0.309 g=0.0662+/-0.0746 e=0.0322+/-0.0614 rho=1.511 th_lif=0.5230 th_rf=0.00646 [osc=15.90!]
   -> Test: 57.58%  Train: 76.14%  Gap: 18.6%  r_hrf=0.4931 ⚠️sat  r_lif=0.9354

🌐 Config 32/150 [Regime wide]: C=0.003 inp=0.0086 dens=0.0647 dt=0.144 g=0.0915+/-1.1809 e=0.0086+/-0.2826 rho=1.103 th_lif=0.1757 th_rf=0.01670
   -> Test: 56.82%  Train: 99.44%  Gap: 42.6%  r_hrf=0.4963 ⚠️sat  r_lif=0.3802

🟠 Config 33/150 [Regime B]: C=0.0003 inp=0.0204 dens=0.0483 dt=0.112 g=2.5231+/-1.4734 e=0.0221+/-0.2426 rho=0.880 th_lif=1.0760 th_rf=0.00377 [osc=35.54!]
   -> Test: 64.02%  Train: 76.97%  Gap: 13.0%  r_hrf=0.3791  r_lif=0.0744

🔵 Config 34/150 [Regime A]: C=0.003 inp=0.0173 dens=0.0977 dt=0.289 g=0.0286+/-0.1341 e=0.0150+/-0.0259 rho=1.449 th_lif=1.8391 th_rf=0.04676
   -> Test: 69.32%  Train: 98.98%  Gap: 29.7%  r_hrf=0.4860 ⚠️sat  r_lif=0.1484

🔵 Config 35/150 [Regime A]: C=0.001 inp=0.0211 dens=0.1412 dt=0.170 g=0.0162+/-0.1016 e=0.0366+/-0.0266 rho=1.462 th_lif=0.8362 th_rf=0.03593
   -> Test: 65.15%  Train: 84.68%  Gap: 19.5%  r_hrf=0.4899 ⚠️sat  r_lif=0.2772

🟠 Config 36/150 [Regime B]: C=0.001 inp=0.1075 dens=0.1262 dt=0.096 g=0.3002+/-0.4485 e=0.4354+/-0.2398 rho=0.859 th_lif=0.1242 th_rf=0.00941
   -> Test: 16.29%  Train: 21.36%  Gap: 5.1%  r_hrf=0.5000 ⚠️sat  r_lif=0.9991

🟠 Config 37/150 [Regime B]: C=0.001 inp=0.0779 dens=0.0854 dt=0.073 g=0.8229+/-0.6003 e=0.0505+/-0.0109 rho=1.035 th_lif=0.2029 th_rf=0.00202
   -> Test: 56.06%  Train: 65.09%  Gap: 9.0%  r_hrf=0.4754 ⚠️sat  r_lif=0.9143

🟠 Config 38/150 [Regime B]: C=0.01 inp=0.0792 dens=0.0312 dt=0.279 g=1.1502+/-0.3294 e=0.0105+/-0.1457 rho=0.914 th_lif=0.1461 th_rf=0.02554 [osc=59.89!]
   -> Test: 52.27%  Train: 76.42%  Gap: 24.1%  r_hrf=0.4987 ⚠️sat  r_lif=0.9801

🔵 Config 39/150 [Regime A]: C=0.003 inp=0.0228 dens=0.1044 dt=0.328 g=0.0269+/-0.1388 e=0.0195+/-0.0805 rho=1.475 th_lif=1.9587 th_rf=0.01817
   -> Test: 66.67%  Train: 97.03%  Gap: 30.4%  r_hrf=0.4963 ⚠️sat  r_lif=0.2057

🔵 Config 40/150 [Regime A]: C=0.003 inp=0.1125 dens=0.1412 dt=0.210 g=0.0637+/-0.0843 e=0.0164+/-0.0745 rho=1.292 th_lif=0.3657 th_rf=0.01474
   -> Test: 26.89%  Train: 33.61%  Gap: 6.7%  r_hrf=0.4995 ⚠️sat  r_lif=0.9970

   [saved] best so far: 76.14% [Regime wide] r_hrf=0.4239

🔵 Config 41/150 [Regime A]: C=0.0003 inp=0.0662 dens=0.0713 dt=0.352 g=0.1217+/-0.0698 e=0.0200+/-0.0646 rho=1.201 th_lif=1.1741 th_rf=0.01031 [osc=24.57!]
   -> Test: 59.85%  Train: 65.46%  Gap: 5.6%  r_hrf=0.4968 ⚠️sat  r_lif=0.7511

🟠 Config 42/150 [Regime B]: C=0.01 inp=0.0124 dens=0.0652 dt=0.212 g=0.4455+/-0.8729 e=0.0728+/-0.2211 rho=0.964 th_lif=0.3619 th_rf=0.00437 [osc=28.34!]
   -> Test: 66.29%  Train: 100.00%  Gap: 33.7%  r_hrf=0.5016 ⚠️sat  r_lif=0.3402

🔵 Config 43/150 [Regime A]: C=0.01 inp=0.0280 dens=0.0413 dt=0.192 g=0.0840+/-0.1215 e=0.0154+/-0.0922 rho=1.325 th_lif=1.6449 th_rf=0.03846
   -> Test: 71.97%  Train: 100.00%  Gap: 28.0%  r_hrf=0.4830 ⚠️sat  r_lif=0.1115

🟠 Config 44/150 [Regime B]: C=0.003 inp=0.0154 dens=0.0278 dt=0.247 g=1.0801+/-0.9448 e=0.0572+/-0.2211 rho=1.030 th_lif=0.1054 th_rf=0.00676 [osc=51.41!]
   -> Test: 60.98%  Train: 99.54%  Gap: 38.6%  r_hrf=0.4897 ⚠️sat  r_lif=0.6261

🔵 Config 45/150 [Regime A]: C=0.001 inp=0.0274 dens=0.0607 dt=0.172 g=0.0281+/-0.0936 e=0.0728+/-0.0454 rho=1.162 th_lif=1.0485 th_rf=0.00517
   -> Test: 66.67%  Train: 87.47%  Gap: 20.8%  r_hrf=0.4951 ⚠️sat  r_lif=0.1847

🟠 Config 46/150 [Regime B]: C=0.003 inp=0.0141 dens=0.0986 dt=0.063 g=0.3709+/-0.4935 e=0.0191+/-0.0719 rho=0.995 th_lif=0.4065 th_rf=0.01074
   -> Test: 70.08%  Train: 95.08%  Gap: 25.0%  r_hrf=0.4277 ⚠️sat  r_lif=0.1158

🔵 Config 47/150 [Regime A]: C=0.0003 inp=0.0476 dens=0.1415 dt=0.349 g=0.0138+/-0.1299 e=0.0259+/-0.0928 rho=1.034 th_lif=2.8859 th_rf=0.01455
   -> Test: 65.15%  Train: 69.17%  Gap: 4.0%  r_hrf=0.4959 ⚠️sat  r_lif=0.3541

🟠 Config 48/150 [Regime B]: C=0.0003 inp=0.0823 dens=0.1011 dt=0.051 g=0.9169+/-1.1980 e=0.0418+/-0.2121 rho=0.907 th_lif=0.1024 th_rf=0.00760
   -> Test: 33.71%  Train: 42.99%  Gap: 9.3%  r_hrf=0.4615 ⚠️sat  r_lif=0.9804

🟠 Config 49/150 [Regime B]: C=0.001 inp=0.0412 dens=0.0928 dt=0.171 g=0.8722+/-0.7001 e=0.3223+/-0.1647 rho=0.887 th_lif=0.1674 th_rf=0.01930 [osc=31.91!]
   -> Test: 55.68%  Train: 64.72%  Gap: 9.0%  r_hrf=0.4950 ⚠️sat  r_lif=0.9434

🌐 Config 50/150 [Regime wide]: C=0.01 inp=0.0091 dens=0.0243 dt=0.052 g=1.6202+/-1.3885 e=0.0324+/-0.2764 rho=0.858 th_lif=2.1672 th_rf=0.00589
   -> Test: 57.95%  Train: 90.06%  Gap: 32.1%  r_hrf=0.0393  r_lif=0.0019

   [saved] best so far: 76.14% [Regime wide] r_hrf=0.4239

🌐 Config 51/150 [Regime wide]: C=0.0003 inp=0.0182 dens=0.1079 dt=0.229 g=1.7548+/-1.1049 e=0.2052+/-0.2261 rho=1.558 th_lif=1.6185 th_rf=0.00463 [osc=60.55!]
   -> Test: 60.61%  Train: 72.52%  Gap: 11.9%  r_hrf=0.4649 ⚠️sat  r_lif=0.1408

🟠 Config 52/150 [Regime B]: C=0.0001 inp=0.0229 dens=0.1358 dt=0.087 g=1.1395+/-0.9610 e=0.1166+/-0.1220 rho=0.899 th_lif=0.1522 th_rf=0.00460 [osc=18.56!]
   -> Test: 57.58%  Train: 53.11%  Gap: -4.5%  r_hrf=0.4770 ⚠️sat  r_lif=0.7003

🔵 Config 53/150 [Regime A]: C=0.01 inp=0.0154 dens=0.0680 dt=0.398 g=0.0465+/-0.0163 e=0.0618+/-0.0890 rho=1.185 th_lif=0.3809 th_rf=0.00553 [osc=17.19!]
   -> Test: 63.26%  Train: 100.00%  Gap: 36.7%  r_hrf=0.5041 ⚠️sat  r_lif=0.5743

🟠 Config 54/150 [Regime B]: C=0.001 inp=0.0564 dens=0.1397 dt=0.051 g=0.7260+/-1.0802 e=0.4142+/-0.2207 rho=0.917 th_lif=0.7344 th_rf=0.04337
   -> Test: 69.70%  Train: 75.12%  Gap: 5.4%  r_hrf=0.4287 ⚠️sat  r_lif=0.2395

🔵 Config 55/150 [Regime A]: C=0.01 inp=0.1129 dens=0.0306 dt=0.259 g=0.0456+/-0.1304 e=0.0354+/-0.0989 rho=1.581 th_lif=2.9678 th_rf=0.03628
   -> Test: 78.41%  Train: 99.35%  Gap: 20.9%  r_hrf=0.4951 ⚠️sat  r_lif=0.2817

🔵 Config 56/150 [Regime A]: C=0.003 inp=0.0292 dens=0.0478 dt=0.192 g=0.0274+/-0.0464 e=0.0161+/-0.0125 rho=1.024 th_lif=1.2202 th_rf=0.02628
   -> Test: 69.32%  Train: 96.84%  Gap: 27.5%  r_hrf=0.4912 ⚠️sat  r_lif=0.1639

🌐 Config 57/150 [Regime wide]: C=0.0003 inp=0.0723 dens=0.1119 dt=0.240 g=0.0183+/-0.6708 e=0.0615+/-0.1965 rho=0.888 th_lif=1.8329 th_rf=0.00492
   -> Test: 65.53%  Train: 69.82%  Gap: 4.3%  r_hrf=0.5061 ⚠️sat  r_lif=0.5198

🌐 Config 58/150 [Regime wide]: C=0.001 inp=0.0058 dens=0.0801 dt=0.102 g=0.0593+/-1.3756 e=0.1256+/-0.2524 rho=1.420 th_lif=0.8057 th_rf=0.00103
   -> Test: 51.89%  Train: 91.18%  Gap: 39.3%  r_hrf=0.4112 ⚠️sat  r_lif=0.0567

🌐 Config 59/150 [Regime wide]: C=0.0001 inp=0.0260 dens=0.0731 dt=0.243 g=0.5146+/-0.6771 e=0.0843+/-0.1432 rho=1.463 th_lif=1.7989 th_rf=0.01300 [osc=34.87!]
   -> Test: 60.23%  Train: 62.02%  Gap: 1.8%  r_hrf=0.4792 ⚠️sat  r_lif=0.1610

🔵 Config 60/150 [Regime A]: C=0.001 inp=0.1164 dens=0.1181 dt=0.264 g=0.1174+/-0.0640 e=0.0726+/-0.0969 rho=1.300 th_lif=0.6142 th_rf=0.02319 [osc=18.12!]
   -> Test: 33.33%  Train: 40.85%  Gap: 7.5%  r_hrf=0.5177 ⚠️sat  r_lif=0.9899

   [saved] best so far: 78.41% [Regime A] r_hrf=0.4951

🟠 Config 61/150 [Regime B]: C=0.001 inp=0.0151 dens=0.0468 dt=0.058 g=0.9912+/-1.2029 e=0.0306+/-0.1509 rho=0.925 th_lif=0.2519 th_rf=0.01357
   -> Test: 73.11%  Train: 87.84%  Gap: 14.7%  r_hrf=0.4082 ⚠️sat  r_lif=0.1325

🟠 Config 62/150 [Regime B]: C=0.01 inp=0.1137 dens=0.0780 dt=0.122 g=0.3099+/-0.6521 e=0.4518+/-0.0590 rho=0.897 th_lif=0.3168 th_rf=0.01038
   -> Test: 45.83%  Train: 61.56%  Gap: 15.7%  r_hrf=0.4954 ⚠️sat  r_lif=0.9750

🌐 Config 63/150 [Regime wide]: C=0.001 inp=0.0338 dens=0.0582 dt=0.302 g=0.3954+/-0.7346 e=0.0034+/-0.0884 rho=1.004 th_lif=2.0029 th_rf=0.01813 [osc=37.96!]
   -> Test: 69.32%  Train: 85.79%  Gap: 16.5%  r_hrf=0.4882 ⚠️sat  r_lif=0.1979

🔵 Config 64/150 [Regime A]: C=0.001 inp=0.0475 dens=0.0884 dt=0.329 g=0.0777+/-0.0536 e=0.0099+/-0.0285 rho=1.103 th_lif=0.4119 th_rf=0.02756 [osc=18.33!]
   -> Test: 56.82%  Train: 69.27%  Gap: 12.4%  r_hrf=0.5116 ⚠️sat  r_lif=0.9263

🟠 Config 65/150 [Regime B]: C=0.0001 inp=0.0105 dens=0.1258 dt=0.296 g=1.4251+/-0.4308 e=0.1984+/-0.1283 rho=1.006 th_lif=0.3733 th_rf=0.03276 [osc=70.71!]
   -> Test: 58.71%  Train: 54.97%  Gap: -3.7%  r_hrf=0.4917 ⚠️sat  r_lif=0.4881

🌐 Config 66/150 [Regime wide]: C=0.0001 inp=0.1504 dens=0.0719 dt=0.366 g=0.0084+/-0.5672 e=0.0071+/-0.0340 rho=1.308 th_lif=1.7484 th_rf=0.01437
   -> Test: 47.73%  Train: 53.48%  Gap: 5.8%  r_hrf=0.5081 ⚠️sat  r_lif=0.9204

🌐 Config 67/150 [Regime wide]: C=0.0003 inp=0.1082 dens=0.1221 dt=0.117 g=0.0035+/-1.1022 e=0.0098+/-0.1138 rho=1.401 th_lif=2.6529 th_rf=0.00572
   -> Test: 67.05%  Train: 70.38%  Gap: 3.3%  r_hrf=0.4887 ⚠️sat  r_lif=0.2745

🟠 Config 68/150 [Regime B]: C=0.0001 inp=0.0415 dens=0.0742 dt=0.285 g=2.3944+/-1.1912 e=0.1409+/-0.2346 rho=1.002 th_lif=1.3272 th_rf=0.04591 [osc=88.06!]
   -> Test: 60.98%  Train: 58.96%  Gap: -2.0%  r_hrf=0.4804 ⚠️sat  r_lif=0.4000

🔵 Config 69/150 [Regime A]: C=0.003 inp=0.0200 dens=0.1136 dt=0.375 g=0.0397+/-0.0161 e=0.0450+/-0.0477 rho=1.308 th_lif=0.9223 th_rf=0.00523
   -> Test: 67.05%  Train: 95.91%  Gap: 28.9%  r_hrf=0.5024 ⚠️sat  r_lif=0.4509

🔵 Config 70/150 [Regime A]: C=0.0003 inp=0.0331 dens=0.0414 dt=0.323 g=0.0476+/-0.0176 e=0.0043+/-0.0908 rho=1.142 th_lif=0.6787 th_rf=0.00638
   -> Test: 65.91%  Train: 75.21%  Gap: 9.3%  r_hrf=0.4975 ⚠️sat  r_lif=0.5191

   [saved] best so far: 78.41% [Regime A] r_hrf=0.4951

🌐 Config 71/150 [Regime wide]: C=0.0003 inp=0.0422 dens=0.0111 dt=0.058 g=0.9656+/-1.2735 e=0.0033+/-0.0719 rho=1.110 th_lif=2.1846 th_rf=0.08266
   -> Test: 67.05%  Train: 78.09%  Gap: 11.0%  r_hrf=0.1721  r_lif=0.0162

🔵 Config 72/150 [Regime A]: C=0.0001 inp=0.0188 dens=0.0486 dt=0.167 g=0.0788+/-0.1143 e=0.0043+/-0.0310 rho=1.333 th_lif=0.4003 th_rf=0.01468
   -> Test: 59.85%  Train: 66.57%  Gap: 6.7%  r_hrf=0.4921 ⚠️sat  r_lif=0.3218

🟠 Config 73/150 [Regime B]: C=0.001 inp=0.0286 dens=0.0565 dt=0.093 g=0.6064+/-0.9424 e=0.0893+/-0.1297 rho=0.969 th_lif=0.1938 th_rf=0.02581
   -> Test: 68.56%  Train: 85.98%  Gap: 17.4%  r_hrf=0.4792 ⚠️sat  r_lif=0.5275

🟠 Config 74/150 [Regime B]: C=0.003 inp=0.0835 dens=0.0445 dt=0.125 g=1.2797+/-0.2412 e=0.3943+/-0.0676 rho=0.997 th_lif=0.1054 th_rf=0.00870 [osc=28.22!]
   -> Test: 48.48%  Train: 64.90%  Gap: 16.4%  r_hrf=0.4786 ⚠️sat  r_lif=0.9790

🟠 Config 75/150 [Regime B]: C=0.0003 inp=0.0107 dens=0.1065 dt=0.060 g=1.7248+/-0.4153 e=0.0161+/-0.2356 rho=0.920 th_lif=0.7442 th_rf=0.03065 [osc=15.82!]
   -> Test: 61.74%  Train: 69.92%  Gap: 8.2%  r_hrf=0.2258  r_lif=0.0441

🔵 Config 76/150 [Regime A]: C=0.001 inp=0.0587 dens=0.1409 dt=0.373 g=0.0614+/-0.0889 e=0.0745+/-0.0276 rho=1.033 th_lif=2.3729 th_rf=0.01452 [osc=18.47!]
   -> Test: 66.67%  Train: 76.51%  Gap: 9.8%  r_hrf=0.4947 ⚠️sat  r_lif=0.5582

🔵 Config 77/150 [Regime A]: C=0.0003 inp=0.0628 dens=0.0490 dt=0.381 g=0.0157+/-0.1094 e=0.0173+/-0.0251 rho=1.548 th_lif=0.4399 th_rf=0.04580
   -> Test: 59.47%  Train: 67.60%  Gap: 8.1%  r_hrf=0.4895 ⚠️sat  r_lif=0.8859

🔵 Config 78/150 [Regime A]: C=0.0003 inp=0.0439 dens=0.0558 dt=0.175 g=0.0474+/-0.0454 e=0.0132+/-0.0534 rho=1.401 th_lif=2.7127 th_rf=0.01218
   -> Test: 65.15%  Train: 73.72%  Gap: 8.6%  r_hrf=0.4752 ⚠️sat  r_lif=0.1070

🔵 Config 79/150 [Regime A]: C=0.0003 inp=0.0144 dens=0.0777 dt=0.187 g=0.0266+/-0.0188 e=0.0036+/-0.0262 rho=1.215 th_lif=2.3814 th_rf=0.00610
   -> Test: 60.61%  Train: 74.84%  Gap: 14.2%  r_hrf=0.4589 ⚠️sat  r_lif=0.0530

🔵 Config 80/150 [Regime A]: C=0.003 inp=0.0957 dens=0.1230 dt=0.222 g=0.0752+/-0.0990 e=0.0286+/-0.0799 rho=1.158 th_lif=0.3196 th_rf=0.04456
   -> Test: 29.17%  Train: 37.05%  Gap: 7.9%  r_hrf=0.4917 ⚠️sat  r_lif=0.9954

   [saved] best so far: 78.41% [Regime A] r_hrf=0.4951

🟠 Config 81/150 [Regime B]: C=0.003 inp=0.1041 dens=0.0865 dt=0.228 g=0.9218+/-0.3908 e=0.0117+/-0.1698 rho=0.913 th_lif=0.5992 th_rf=0.00120 [osc=43.74!]
   -> Test: 47.35%  Train: 56.64%  Gap: 9.3%  r_hrf=0.4857 ⚠️sat  r_lif=0.9724

🌐 Config 82/150 [Regime wide]: C=0.001 inp=0.0878 dens=0.0575 dt=0.086 g=0.1906+/-0.7951 e=0.0034+/-0.2874 rho=1.409 th_lif=0.1441 th_rf=0.00573
   -> Test: 59.09%  Train: 70.57%  Gap: 11.5%  r_hrf=0.4880 ⚠️sat  r_lif=0.9444

🟠 Config 83/150 [Regime B]: C=0.01 inp=0.0841 dens=0.1313 dt=0.211 g=0.3331+/-0.5566 e=0.0399+/-0.1830 rho=0.968 th_lif=0.1507 th_rf=0.00323 [osc=24.30!]
   -> Test: 17.80%  Train: 24.51%  Gap: 6.7%  r_hrf=0.4975 ⚠️sat  r_lif=0.9990

🔵 Config 84/150 [Regime A]: C=0.001 inp=0.0179 dens=0.0321 dt=0.167 g=0.0855+/-0.0305 e=0.0158+/-0.0952 rho=1.188 th_lif=0.7566 th_rf=0.02754
   -> Test: 65.15%  Train: 94.34%  Gap: 29.2%  r_hrf=0.4929 ⚠️sat  r_lif=0.1367

🔵 Config 85/150 [Regime A]: C=0.0003 inp=0.0894 dens=0.0389 dt=0.242 g=0.0290+/-0.1059 e=0.0185+/-0.0412 rho=1.467 th_lif=0.3070 th_rf=0.04004
   -> Test: 56.82%  Train: 64.25%  Gap: 7.4%  r_hrf=0.5010 ⚠️sat  r_lif=0.9264

🔵 Config 86/150 [Regime A]: C=0.003 inp=0.0148 dens=0.0442 dt=0.182 g=0.0664+/-0.0681 e=0.0045+/-0.0212 rho=1.491 th_lif=0.8189 th_rf=0.00505
   -> Test: 58.71%  Train: 99.72%  Gap: 41.0%  r_hrf=0.4776 ⚠️sat  r_lif=0.1472

🔵 Config 87/150 [Regime A]: C=0.003 inp=0.0269 dens=0.0642 dt=0.374 g=0.0592+/-0.0289 e=0.0628+/-0.0356 rho=1.043 th_lif=1.3065 th_rf=0.00610 [osc=18.19!]
   -> Test: 75.38%  Train: 93.50%  Gap: 18.1%  r_hrf=0.5025 ⚠️sat  r_lif=0.3241

🌐 Config 88/150 [Regime wide]: C=0.0003 inp=0.1804 dens=0.0549 dt=0.200 g=0.1399+/-0.2306 e=0.0034+/-0.0217 rho=1.276 th_lif=0.9070 th_rf=0.03469
   -> Test: 46.21%  Train: 54.13%  Gap: 7.9%  r_hrf=0.4967 ⚠️sat  r_lif=0.9389

🟠 Config 89/150 [Regime B]: C=0.001 inp=0.0960 dens=0.1460 dt=0.217 g=0.5203+/-0.1237 e=0.0146+/-0.1822 rho=0.866 th_lif=1.5101 th_rf=0.00292 [osc=31.33!]
   -> Test: 54.17%  Train: 67.32%  Gap: 13.1%  r_hrf=0.4961 ⚠️sat  r_lif=0.7815

🟠 Config 90/150 [Regime B]: C=0.01 inp=0.0107 dens=0.0515 dt=0.200 g=0.3416+/-0.9045 e=0.0150+/-0.2712 rho=0.860 th_lif=0.2366 th_rf=0.01506 [osc=23.42!]
   -> Test: 60.98%  Train: 100.00%  Gap: 39.0%  r_hrf=0.4862 ⚠️sat  r_lif=0.3886

   [saved] best so far: 78.41% [Regime A] r_hrf=0.4951

🔵 Config 91/150 [Regime A]: C=0.003 inp=0.0332 dens=0.0342 dt=0.287 g=0.0250+/-0.0160 e=0.0572+/-0.0853 rho=1.093 th_lif=2.5158 th_rf=0.00616
   -> Test: 73.86%  Train: 96.38%  Gap: 22.5%  r_hrf=0.4830 ⚠️sat  r_lif=0.1151

🟠 Config 92/150 [Regime B]: C=0.001 inp=0.0260 dens=0.0276 dt=0.249 g=0.6054+/-1.3869 e=0.4503+/-0.0722 rho=0.974 th_lif=0.2306 th_rf=0.01607 [osc=38.71!]
   -> Test: 65.53%  Train: 87.47%  Gap: 21.9%  r_hrf=0.4815 ⚠️sat  r_lif=0.6171

🟠 Config 93/150 [Regime B]: C=0.001 inp=0.0436 dens=0.1430 dt=0.070 g=0.5341+/-0.5531 e=0.4326+/-0.1821 rho=1.000 th_lif=0.5002 th_rf=0.04073
   -> Test: 66.67%  Train: 77.44%  Gap: 10.8%  r_hrf=0.4586 ⚠️sat  r_lif=0.3867

🟠 Config 94/150 [Regime B]: C=0.003 inp=0.0945 dens=0.0385 dt=0.107 g=0.3823+/-0.1143 e=0.0966+/-0.1273 rho=0.989 th_lif=0.4341 th_rf=0.00161
   -> Test: 70.83%  Train: 89.88%  Gap: 19.0%  r_hrf=0.4854 ⚠️sat  r_lif=0.6950

🔵 Config 95/150 [Regime A]: C=0.003 inp=0.0271 dens=0.0630 dt=0.166 g=0.1331+/-0.0834 e=0.0579+/-0.0215 rho=1.462 th_lif=2.3326 th_rf=0.03242
   -> Test: 74.24%  Train: 97.68%  Gap: 23.4%  r_hrf=0.4727 ⚠️sat  r_lif=0.0808

🔵 Config 96/150 [Regime A]: C=0.003 inp=0.0304 dens=0.0334 dt=0.157 g=0.0649+/-0.0779 e=0.0725+/-0.0603 rho=1.559 th_lif=2.2167 th_rf=0.00761
   -> Test: 67.05%  Train: 98.51%  Gap: 31.5%  r_hrf=0.4587 ⚠️sat  r_lif=0.0675

🟠 Config 97/150 [Regime B]: C=0.001 inp=0.0182 dens=0.0406 dt=0.050 g=1.4554+/-1.4035 e=0.0472+/-0.0002 rho=1.044 th_lif=0.1692 th_rf=0.01316
   -> Test: 69.32%  Train: 88.49%  Gap: 19.2%  r_hrf=0.3986  r_lif=0.1960

🔵 Config 98/150 [Regime A]: C=0.0003 inp=0.0119 dens=0.0758 dt=0.365 g=0.0473+/-0.1331 e=0.0658+/-0.0322 rho=1.545 th_lif=1.9831 th_rf=0.01364 [osc=15.86!]
   -> Test: 53.41%  Train: 76.23%  Gap: 22.8%  r_hrf=0.4777 ⚠️sat  r_lif=0.1261

🌐 Config 99/150 [Regime wide]: C=0.0003 inp=0.0147 dens=0.0861 dt=0.310 g=2.4424+/-1.2755 e=0.0098+/-0.1288 rho=1.569 th_lif=0.0613 th_rf=0.02882 [osc=96.85!]
   -> Test: 62.12%  Train: 71.87%  Gap: 9.7%  r_hrf=0.4853 ⚠️sat  r_lif=0.7600

🔵 Config 100/150 [Regime A]: C=0.001 inp=0.0607 dens=0.0319 dt=0.190 g=0.0758+/-0.0312 e=0.0065+/-0.0612 rho=1.077 th_lif=0.3617 th_rf=0.01248
   -> Test: 67.05%  Train: 84.12%  Gap: 17.1%  r_hrf=0.4926 ⚠️sat  r_lif=0.7440

   [saved] best so far: 78.41% [Regime A] r_hrf=0.4951

🟠 Config 101/150 [Regime B]: C=0.001 inp=0.0209 dens=0.1420 dt=0.066 g=0.3703+/-0.3392 e=0.0150+/-0.1428 rho=0.912 th_lif=0.2441 th_rf=0.00103
   -> Test: 68.56%  Train: 80.13%  Gap: 11.6%  r_hrf=0.4758 ⚠️sat  r_lif=0.3576

🔵 Config 102/150 [Regime A]: C=0.003 inp=0.0432 dens=0.0360 dt=0.354 g=0.0759+/-0.0492 e=0.0082+/-0.0698 rho=1.360 th_lif=1.8446 th_rf=0.04888 [osc=19.54!]
   -> Test: 76.14%  Train: 97.21%  Gap: 21.1%  r_hrf=0.4973 ⚠️sat  r_lif=0.2610

🔵 Config 103/150 [Regime A]: C=0.0003 inp=0.0494 dens=0.0455 dt=0.208 g=0.0135+/-0.1186 e=0.0706+/-0.0866 rho=1.056 th_lif=0.3685 th_rf=0.01343
   -> Test: 61.74%  Train: 70.29%  Gap: 8.5%  r_hrf=0.5082 ⚠️sat  r_lif=0.7656

🔵 Config 104/150 [Regime A]: C=0.0003 inp=0.0494 dens=0.0381 dt=0.237 g=0.0233+/-0.1153 e=0.0244+/-0.0943 rho=1.112 th_lif=1.9854 th_rf=0.04136
   -> Test: 66.67%  Train: 75.21%  Gap: 8.5%  r_hrf=0.4872 ⚠️sat  r_lif=0.1903

🔵 Config 105/150 [Regime A]: C=0.003 inp=0.0571 dens=0.1378 dt=0.323 g=0.0250+/-0.1354 e=0.0108+/-0.0172 rho=1.141 th_lif=0.9338 th_rf=0.00617
   -> Test: 60.61%  Train: 79.11%  Gap: 18.5%  r_hrf=0.4942 ⚠️sat  r_lif=0.8776

🟠 Config 106/150 [Regime B]: C=0.003 inp=0.0650 dens=0.1102 dt=0.278 g=2.5526+/-0.6563 e=0.2394+/-0.0267 rho=0.965 th_lif=0.5877 th_rf=0.00162 [osc=88.82!]
   -> Test: 53.03%  Train: 66.30%  Gap: 13.3%  r_hrf=0.4756 ⚠️sat  r_lif=0.9496

🟠 Config 107/150 [Regime B]: C=0.003 inp=0.1088 dens=0.0435 dt=0.234 g=1.6190+/-1.4561 e=0.0243+/-0.0194 rho=0.908 th_lif=0.1661 th_rf=0.00145 [osc=59.45!]
   -> Test: 33.71%  Train: 47.91%  Gap: 14.2%  r_hrf=0.4895 ⚠️sat  r_lif=0.9949

🟠 Config 108/150 [Regime B]: C=0.003 inp=0.0700 dens=0.0803 dt=0.079 g=0.7329+/-1.0109 e=0.2168+/-0.0314 rho=1.028 th_lif=0.3227 th_rf=0.00904
   -> Test: 67.80%  Train: 84.59%  Gap: 16.8%  r_hrf=0.4780 ⚠️sat  r_lif=0.7322

🔵 Config 109/150 [Regime A]: C=0.001 inp=0.0141 dens=0.0622 dt=0.356 g=0.0278+/-0.0136 e=0.0346+/-0.0144 rho=1.551 th_lif=1.0414 th_rf=0.01207
   -> Test: 60.23%  Train: 92.29%  Gap: 32.1%  r_hrf=0.4899 ⚠️sat  r_lif=0.2505

🌐 Config 110/150 [Regime wide]: C=0.001 inp=0.0112 dens=0.0445 dt=0.248 g=0.0044+/-1.2215 e=0.0385+/-0.1789 rho=1.087 th_lif=0.0725 th_rf=0.03167
   -> Test: 59.09%  Train: 94.06%  Gap: 35.0%  r_hrf=0.4965 ⚠️sat  r_lif=0.6336

   [saved] best so far: 78.41% [Regime A] r_hrf=0.4951

🔵 Config 111/150 [Regime A]: C=0.001 inp=0.0199 dens=0.0744 dt=0.213 g=0.0227+/-0.0708 e=0.0062+/-0.0151 rho=1.202 th_lif=0.7908 th_rf=0.02000
   -> Test: 63.64%  Train: 89.23%  Gap: 25.6%  r_hrf=0.4974 ⚠️sat  r_lif=0.2513

🔵 Config 112/150 [Regime A]: C=0.001 inp=0.0561 dens=0.0830 dt=0.176 g=0.0157+/-0.0258 e=0.0348+/-0.0205 rho=1.571 th_lif=0.4017 th_rf=0.03996
   -> Test: 59.47%  Train: 77.53%  Gap: 18.1%  r_hrf=0.5070 ⚠️sat  r_lif=0.8177

🔵 Config 113/150 [Regime A]: C=0.0003 inp=0.0746 dens=0.0617 dt=0.160 g=0.0997+/-0.0273 e=0.0661+/-0.0225 rho=1.384 th_lif=2.7963 th_rf=0.03181
   -> Test: 64.77%  Train: 70.01%  Gap: 5.2%  r_hrf=0.4894 ⚠️sat  r_lif=0.1727

🔵 Config 114/150 [Regime A]: C=0.0003 inp=0.0172 dens=0.0571 dt=0.238 g=0.0688+/-0.0410 e=0.0489+/-0.0564 rho=1.020 th_lif=0.4586 th_rf=0.02895
   -> Test: 64.77%  Train: 76.32%  Gap: 11.6%  r_hrf=0.4944 ⚠️sat  r_lif=0.3836

🟠 Config 115/150 [Regime B]: C=0.003 inp=0.0264 dens=0.0232 dt=0.287 g=2.4020+/-0.1243 e=0.0449+/-0.0178 rho=0.968 th_lif=0.3278 th_rf=0.02762 [osc=88.83!]
   -> Test: 67.42%  Train: 98.24%  Gap: 30.8%  r_hrf=0.4900 ⚠️sat  r_lif=0.5508

🟠 Config 116/150 [Regime B]: C=0.001 inp=0.0894 dens=0.1072 dt=0.134 g=0.3438+/-0.3415 e=0.0225+/-0.2916 rho=0.922 th_lif=0.3169 th_rf=0.00156 [osc=15.74!]
   -> Test: 41.67%  Train: 48.84%  Gap: 7.2%  r_hrf=0.4964 ⚠️sat  r_lif=0.9769

🌐 Config 117/150 [Regime wide]: C=0.0003 inp=0.0368 dens=0.0426 dt=0.126 g=0.0108+/-0.7116 e=0.0709+/-0.2576 rho=1.499 th_lif=0.2945 th_rf=0.00329
   -> Test: 64.02%  Train: 74.65%  Gap: 10.6%  r_hrf=0.4909 ⚠️sat  r_lif=0.5172

🌐 Config 118/150 [Regime wide]: C=0.001 inp=0.0084 dens=0.1342 dt=0.366 g=2.9970+/-0.5435 e=0.2630+/-0.0764 rho=1.442 th_lif=0.0958 th_rf=0.00295 [osc=126.71!]
   -> Test: 57.20%  Train: 82.54%  Gap: 25.3%  r_hrf=0.4883 ⚠️sat  r_lif=0.6615

🔵 Config 119/150 [Regime A]: C=0.01 inp=0.1114 dens=0.0856 dt=0.214 g=0.0111+/-0.1202 e=0.0034+/-0.0152 rho=1.219 th_lif=0.5366 th_rf=0.00726
   -> Test: 48.86%  Train: 66.02%  Gap: 17.2%  r_hrf=0.5037 ⚠️sat  r_lif=0.9732

🌐 Config 120/150 [Regime wide]: C=0.0001 inp=0.0410 dens=0.0120 dt=0.383 g=0.0426+/-0.6480 e=0.0044+/-0.0366 rho=1.401 th_lif=0.0994 th_rf=0.02043 [osc=15.83!]
   -> Test: 60.98%  Train: 68.06%  Gap: 7.1%  r_hrf=0.5059 ⚠️sat  r_lif=0.7268

   [saved] best so far: 78.41% [Regime A] r_hrf=0.4951

🌐 Config 121/150 [Regime wide]: C=0.01 inp=0.0170 dens=0.0794 dt=0.081 g=0.0033+/-1.4850 e=0.0210+/-0.2626 rho=1.213 th_lif=0.1658 th_rf=0.03506
   -> Test: 68.56%  Train: 100.00%  Gap: 31.4%  r_hrf=0.4736 ⚠️sat  r_lif=0.4085

🟠 Config 122/150 [Regime B]: C=0.003 inp=0.0285 dens=0.0829 dt=0.063 g=0.4462+/-0.4782 e=0.0379+/-0.0737 rho=0.905 th_lif=0.1921 th_rf=0.00162
   -> Test: 69.70%  Train: 92.48%  Gap: 22.8%  r_hrf=0.4712 ⚠️sat  r_lif=0.4449

🔵 Config 123/150 [Regime A]: C=0.0003 inp=0.0278 dens=0.1318 dt=0.204 g=0.0929+/-0.1346 e=0.0188+/-0.0148 rho=1.479 th_lif=0.4770 th_rf=0.01223
   -> Test: 62.88%  Train: 68.34%  Gap: 5.5%  r_hrf=0.4920 ⚠️sat  r_lif=0.6310

🔵 Config 124/150 [Regime A]: C=0.0001 inp=0.0152 dens=0.0839 dt=0.230 g=0.1058+/-0.0535 e=0.0238+/-0.0108 rho=1.352 th_lif=1.4353 th_rf=0.01725
   -> Test: 59.47%  Train: 61.65%  Gap: 2.2%  r_hrf=0.4802 ⚠️sat  r_lif=0.1257

🟠 Config 125/150 [Regime B]: C=0.001 inp=0.1188 dens=0.1221 dt=0.246 g=0.4534+/-1.4487 e=0.3164+/-0.2295 rho=0.965 th_lif=0.2753 th_rf=0.01985 [osc=33.14!]
   -> Test: 17.80%  Train: 20.98%  Gap: 3.2%  r_hrf=0.4957 ⚠️sat  r_lif=0.9994

🔵 Config 126/150 [Regime A]: C=0.001 inp=0.0279 dens=0.0543 dt=0.381 g=0.0177+/-0.0417 e=0.0207+/-0.0946 rho=1.105 th_lif=0.7143 th_rf=0.01119
   -> Test: 68.18%  Train: 87.65%  Gap: 19.5%  r_hrf=0.4976 ⚠️sat  r_lif=0.5427

🟠 Config 127/150 [Regime B]: C=0.001 inp=0.0496 dens=0.1413 dt=0.059 g=1.3645+/-0.9227 e=0.1208+/-0.2845 rho=0.987 th_lif=0.1947 th_rf=0.00288
   -> Test: 55.68%  Train: 68.43%  Gap: 12.7%  r_hrf=0.4512 ⚠️sat  r_lif=0.8040

🟠 Config 128/150 [Regime B]: C=0.001 inp=0.0763 dens=0.0450 dt=0.145 g=1.2541+/-1.2612 e=0.0117+/-0.2257 rho=0.969 th_lif=0.2050 th_rf=0.00867 [osc=32.59!]
   -> Test: 55.30%  Train: 69.64%  Gap: 14.3%  r_hrf=0.4868 ⚠️sat  r_lif=0.9472

🟠 Config 129/150 [Regime B]: C=0.003 inp=0.0123 dens=0.0323 dt=0.184 g=1.1134+/-0.2850 e=0.0404+/-0.2496 rho=0.929 th_lif=0.4241 th_rf=0.00174 [osc=38.74!]
   -> Test: 59.85%  Train: 99.63%  Gap: 39.8%  r_hrf=0.4781 ⚠️sat  r_lif=0.1897

🟠 Config 130/150 [Regime B]: C=0.0003 inp=0.0458 dens=0.0246 dt=0.074 g=0.3044+/-1.4364 e=0.1017+/-0.0317 rho=0.862 th_lif=1.6049 th_rf=0.00547
   -> Test: 67.05%  Train: 76.69%  Gap: 9.6%  r_hrf=0.3830  r_lif=0.0519

   [saved] best so far: 78.41% [Regime A] r_hrf=0.4951

🔵 Config 131/150 [Regime A]: C=0.0003 inp=0.0736 dens=0.0304 dt=0.162 g=0.0267+/-0.1416 e=0.0514+/-0.0512 rho=1.079 th_lif=0.3339 th_rf=0.00788
   -> Test: 60.61%  Train: 69.92%  Gap: 9.3%  r_hrf=0.5046 ⚠️sat  r_lif=0.7901

🟠 Config 132/150 [Regime B]: C=0.01 inp=0.0168 dens=0.0367 dt=0.299 g=1.4256+/-0.7955 e=0.0227+/-0.2600 rho=0.865 th_lif=0.8758 th_rf=0.00812 [osc=71.49!]
   -> Test: 70.08%  Train: 100.00%  Gap: 29.9%  r_hrf=0.4868 ⚠️sat  r_lif=0.1920

🔵 Config 133/150 [Regime A]: C=0.001 inp=0.0151 dens=0.0368 dt=0.175 g=0.0486+/-0.0434 e=0.0047+/-0.0908 rho=1.133 th_lif=0.8275 th_rf=0.00729
   -> Test: 63.64%  Train: 92.11%  Gap: 28.5%  r_hrf=0.4870 ⚠️sat  r_lif=0.1180

🟠 Config 134/150 [Regime B]: C=0.0001 inp=0.1001 dens=0.0775 dt=0.110 g=0.6965+/-1.4361 e=0.0231+/-0.2269 rho=1.044 th_lif=0.1228 th_rf=0.04136 [osc=18.35!]
   -> Test: 28.41%  Train: 31.38%  Gap: 3.0%  r_hrf=0.4946 ⚠️sat  r_lif=0.9951

🟠 Config 135/150 [Regime B]: C=0.001 inp=0.0150 dens=0.0834 dt=0.089 g=1.4457+/-1.2989 e=0.0196+/-0.0015 rho=0.880 th_lif=0.1010 th_rf=0.01492 [osc=21.49!]
   -> Test: 67.80%  Train: 86.17%  Gap: 18.4%  r_hrf=0.4714 ⚠️sat  r_lif=0.5905

🟠 Config 136/150 [Regime B]: C=0.001 inp=0.1483 dens=0.0214 dt=0.075 g=2.3748+/-0.3026 e=0.0989+/-0.0562 rho=0.885 th_lif=0.3815 th_rf=0.02733 [osc=23.12!]
   -> Test: 68.56%  Train: 81.43%  Gap: 12.9%  r_hrf=0.4396 ⚠️sat  r_lif=0.6633

🔵 Config 137/150 [Regime A]: C=0.001 inp=0.1175 dens=0.0770 dt=0.213 g=0.0454+/-0.0714 e=0.0034+/-0.0441 rho=1.121 th_lif=0.4264 th_rf=0.01776
   -> Test: 40.15%  Train: 48.56%  Gap: 8.4%  r_hrf=0.4991 ⚠️sat  r_lif=0.9869

🌐 Config 138/150 [Regime wide]: C=0.003 inp=0.0228 dens=0.0183 dt=0.343 g=0.0806+/-0.7788 e=0.0643+/-0.2283 rho=1.011 th_lif=0.9169 th_rf=0.06521 [osc=19.47!]
   -> Test: 70.45%  Train: 99.63%  Gap: 29.2%  r_hrf=0.4992 ⚠️sat  r_lif=0.2149

🟠 Config 139/150 [Regime B]: C=0.01 inp=0.0117 dens=0.0292 dt=0.135 g=1.6815+/-0.8358 e=0.0152+/-0.2610 rho=0.896 th_lif=0.5087 th_rf=0.00203 [osc=34.90!]
   -> Test: 63.64%  Train: 100.00%  Gap: 36.4%  r_hrf=0.4494 ⚠️sat  r_lif=0.1024

🌐 Config 140/150 [Regime wide]: C=0.001 inp=0.1384 dens=0.0691 dt=0.123 g=0.6303+/-0.3559 e=0.3327+/-0.0967 rho=1.190 th_lif=2.1389 th_rf=0.03107 [osc=19.57!]
   -> Test: 68.56%  Train: 79.20%  Gap: 10.6%  r_hrf=0.4791 ⚠️sat  r_lif=0.3468

   [saved] best so far: 78.41% [Regime A] r_hrf=0.4951

🔵 Config 141/150 [Regime A]: C=0.003 inp=0.0588 dens=0.1096 dt=0.307 g=0.0195+/-0.1057 e=0.0040+/-0.0690 rho=1.138 th_lif=0.3405 th_rf=0.01100
   -> Test: 56.06%  Train: 64.90%  Gap: 8.8%  r_hrf=0.4947 ⚠️sat  r_lif=0.9758

🟠 Config 142/150 [Regime B]: C=0.0003 inp=0.0179 dens=0.1139 dt=0.208 g=0.9073+/-0.3071 e=0.3590+/-0.2817 rho=1.040 th_lif=0.6567 th_rf=0.00133 [osc=39.67!]
   -> Test: 63.64%  Train: 69.92%  Gap: 6.3%  r_hrf=0.4841 ⚠️sat  r_lif=0.3224

🟠 Config 143/150 [Regime B]: C=0.001 inp=0.0227 dens=0.1108 dt=0.069 g=1.1304+/-1.3072 e=0.0854+/-0.0169 rho=0.926 th_lif=0.7072 th_rf=0.00598
   -> Test: 71.21%  Train: 80.50%  Gap: 9.3%  r_hrf=0.3793  r_lif=0.1200

🟠 Config 144/150 [Regime B]: C=0.0003 inp=0.0156 dens=0.0234 dt=0.073 g=2.9534+/-0.4089 e=0.2785+/-0.1737 rho=0.933 th_lif=0.1261 th_rf=0.00179 [osc=25.18!]
   -> Test: 60.98%  Train: 79.76%  Gap: 18.8%  r_hrf=0.4206 ⚠️sat  r_lif=0.2612

🟠 Config 145/150 [Regime B]: C=0.001 inp=0.1064 dens=0.0847 dt=0.223 g=2.5714+/-1.2811 e=0.0414+/-0.0623 rho=0.883 th_lif=1.3119 th_rf=0.03612 [osc=71.66!]
   -> Test: 57.95%  Train: 71.77%  Gap: 13.8%  r_hrf=0.4772 ⚠️sat  r_lif=0.7755

🌐 Config 146/150 [Regime wide]: C=0.001 inp=0.0129 dens=0.0112 dt=0.098 g=0.5320+/-0.5186 e=0.0583+/-0.1374 rho=1.325 th_lif=0.3375 th_rf=0.00118
   -> Test: 64.02%  Train: 96.29%  Gap: 32.3%  r_hrf=0.4548 ⚠️sat  r_lif=0.1244

🔵 Config 147/150 [Regime A]: C=0.001 inp=0.0337 dens=0.0855 dt=0.291 g=0.0233+/-0.1228 e=0.0040+/-0.0338 rho=1.062 th_lif=0.8567 th_rf=0.00635
   -> Test: 69.32%  Train: 82.45%  Gap: 13.1%  r_hrf=0.4940 ⚠️sat  r_lif=0.5396

🔵 Config 148/150 [Regime A]: C=0.001 inp=0.0148 dens=0.0576 dt=0.358 g=0.0120+/-0.1037 e=0.0037+/-0.0363 rho=1.578 th_lif=1.0693 th_rf=0.00645
   -> Test: 54.17%  Train: 92.48%  Gap: 38.3%  r_hrf=0.4889 ⚠️sat  r_lif=0.2516

🟠 Config 149/150 [Regime B]: C=0.001 inp=0.0132 dens=0.0396 dt=0.151 g=1.7828+/-0.1805 e=0.4201+/-0.0552 rho=0.984 th_lif=0.9027 th_rf=0.03071 [osc=40.26!]
   -> Test: 64.02%  Train: 87.37%  Gap: 23.4%  r_hrf=0.3936  r_lif=0.0761

🌐 Config 150/150 [Regime wide]: C=0.0001 inp=0.0110 dens=0.1382 dt=0.342 g=2.3176+/-0.4519 e=0.0169+/-0.2623 rho=1.001 th_lif=0.8980 th_rf=0.00148 [osc=104.26!]
   -> Test: 59.85%  Train: 61.37%  Gap: 1.5%  r_hrf=0.4889 ⚠️sat  r_lif=0.2657

   [saved] best so far: 78.41% [Regime A] r_hrf=0.4951

======================================================================
Completed: 150/150 configs
Failed:    0/150 configs
🔵 Regime A (Slow+Supercrit): best=78.41%  mean=61.62%  n=60
🟠 Regime B (Fast+Subcrit): best=73.11%  mean=58.22%  n=60
🌐 Regime wide (Exploration): best=76.14%  mean=61.83%  n=30
======================================================================

TOP 10 (n_hid=3000, sf=4, mode=mean, T=200):
Rk   Test%          Train%     Gap     Reg   C        inp      dens    dt     gamma    g_rng   eps     e_rng   rho    th_lif   th_rf    r_hrf   r_lif
---------------------------------------------------------------------------------------------------------------------------------------------------------------------
Traceback (most recent call last):
  File "hyperparam_search_dvs-gesture_round2.py", line 268, in <module>
    print(f"{rank:<4} "
KeyError: 'std_test_acc'
srun: error: gpu07: task 0: Exited with exit code 1
srun: launch/slurm: _step_signal: Terminating StepId=12269152.0
