sMNIST phase 2 search (readout=final): 150 configs (120 exploit / 30 explore), seed=42
Reference best: {'dt': 0.042, 'gamma': 2.7, 'epsilon': 0.08, 'gamma_range': 2.0, 'epsilon_range': 1.0, 'inp_scaling': 2.0, 'rho': 0.99, 'theta_lif': 0.05, 'theta_rf': 0.005, 'tau_filter': 20.0}
======================================================================

🌐 Config 1/150 [explore]: inp=2.0967 dt=0.091 γ=6.5695±4.67 ε=0.3328±0.327 ρ=0.83 θlif=0.0359 θrf=0.0009 τ=2.9 C=0.1
   ⏰ TIMEOUT (>300s)

🎯 Config 2/150 [exploit]: inp=3.6606 dt=0.063 γ=3.0368±1.41 ε=0.2777±0.342 ρ=0.92 θlif=0.0617 θrf=0.0072 τ=6.3 C=0.1
   ✅ Test: 88.33%  Train: 89.78%  Gap: 1.4%

🎯 Config 3/150 [exploit]: inp=2.0138 dt=0.039 γ=2.1645±2.50 ε=0.0645±0.623 ρ=1.01 θlif=0.0341 θrf=0.0394 τ=12.8 C=1.0
   ⏰ TIMEOUT (>300s)

🎯 Config 4/150 [exploit]: inp=0.8714 dt=0.139 γ=1.5108±2.67 ε=0.0245±0.391 ρ=1.04 θlif=0.0445 θrf=0.0200 τ=8.9 C=0.1
   ✅ Test: 81.07%  Train: 84.88%  Gap: 3.8%

🎯 Config 5/150 [exploit]: inp=0.8812 dt=0.129 γ=3.0924±0.98 ε=0.2662±0.613 ρ=0.94 θlif=0.0254 θrf=0.0042 τ=47.8 C=0.1
   ✅ Test: 71.02%  Train: 74.40%  Gap: 3.4%

🎯 Config 6/150 [exploit]: inp=0.5622 dt=0.041 γ=1.8792±2.55 ε=0.0409±0.537 ρ=0.87 θlif=0.0183 θrf=0.0175 τ=6.6 C=10.0
   ⏰ TIMEOUT (>300s)

🎯 Config 7/150 [exploit]: inp=3.0108 dt=0.053 γ=1.3303±0.88 ε=0.0468±1.347 ρ=0.85 θlif=0.0170 θrf=0.0156 τ=45.0 C=0.1
   ✅ Test: 87.57%  Train: 89.56%  Gap: 2.0%

🎯 Config 8/150 [exploit]: inp=4.7870 dt=0.127 γ=1.7371±0.62 ε=0.0707±1.145 ρ=1.01 θlif=0.0139 θrf=0.0024 τ=44.9 C=0.01
   ✅ Test: 76.44%  Train: 78.17%  Gap: 1.7%

🎯 Config 9/150 [exploit]: inp=4.7935 dt=0.031 γ=3.4963±2.44 ε=0.0377±0.482 ρ=0.90 θlif=0.0105 θrf=0.0012 τ=24.2 C=1.0
   ⏰ TIMEOUT (>300s)

🎯 Config 10/150 [exploit]: inp=0.6191 dt=0.065 γ=1.0272±0.59 ε=0.0334±1.212 ρ=0.86 θlif=0.0107 θrf=0.0014 τ=47.1 C=0.1
   ⏰ TIMEOUT (>300s)

   💾 Saved top-20 intermediate results (best so far: 88.33% [exploit])

🌐 Config 11/150 [explore]: inp=0.9052 dt=0.032 γ=1.5202±3.17 ε=0.0851±0.830 ρ=0.76 θlif=0.0417 θrf=0.0506 τ=12.8 C=1.0
   ⏰ TIMEOUT (>300s)

🎯 Config 12/150 [exploit]: inp=4.8295 dt=0.038 γ=1.0311±1.22 ε=0.1761±1.494 ρ=0.95 θlif=0.0754 θrf=0.0026 τ=10.8 C=0.1
   ⏰ TIMEOUT (>300s)

🌐 Config 13/150 [explore]: inp=0.8697 dt=0.036 γ=0.8139±2.95 ε=0.0072±1.543 ρ=0.75 θlif=0.0466 θrf=0.0126 τ=69.3 C=1.0
   ⏰ TIMEOUT (>300s)

🌐 Config 14/150 [explore]: inp=0.1523 dt=0.041 γ=8.1609±0.90 ε=0.0130±1.163 ρ=0.99 θlif=0.1228 θrf=0.0803 τ=1.6 C=0.01
   ✅ Test: 67.91%  Train: 70.09%  Gap: 2.2%

🎯 Config 15/150 [exploit]: inp=3.8939 dt=0.040 γ=1.1921±2.99 ε=0.1371±0.229 ρ=0.88 θlif=0.0116 θrf=0.0053 τ=40.6 C=0.001
   ✅ Test: 80.13%  Train: 80.63%  Gap: 0.5%

🎯 Config 16/150 [exploit]: inp=1.6315 dt=0.112 γ=1.2894±2.07 ε=0.0872±0.887 ρ=1.01 θlif=0.1735 θrf=0.0337 τ=21.1 C=1.0
   ⏰ TIMEOUT (>300s)

🌐 Config 17/150 [explore]: inp=0.1417 dt=0.037 γ=0.3245±2.87 ε=0.2018±1.237 ρ=1.09 θlif=0.0191 θrf=0.0014 τ=91.5 C=1.0
   ⏰ TIMEOUT (>300s)

🎯 Config 18/150 [exploit]: inp=0.8861 dt=0.068 γ=2.4656±3.19 ε=0.0428±0.288 ρ=0.97 θlif=0.0202 θrf=0.0183 τ=14.7 C=0.1
   ✅ Test: 78.31%  Train: 82.48%  Gap: 4.2%

🎯 Config 19/150 [exploit]: inp=1.8601 dt=0.079 γ=1.1444±0.70 ε=0.0315±0.470 ρ=0.95 θlif=0.0395 θrf=0.0162 τ=13.7 C=0.1
   ✅ Test: 88.38%  Train: 91.63%  Gap: 3.2%

🎯 Config 20/150 [exploit]: inp=2.5031 dt=0.035 γ=1.5396±1.59 ε=0.1348±0.334 ρ=0.87 θlif=0.0347 θrf=0.0269 τ=9.7 C=1.0
   ⏰ TIMEOUT (>300s)

   💾 Saved top-20 intermediate results (best so far: 88.38% [exploit])

🎯 Config 21/150 [exploit]: inp=4.1815 dt=0.094 γ=4.9321±0.81 ε=0.2134±1.417 ρ=1.05 θlif=0.1551 θrf=0.0208 τ=6.3 C=0.001
   ✅ Test: 92.21%  Train: 92.02%  Gap: -0.2%

🎯 Config 22/150 [exploit]: inp=3.6534 dt=0.089 γ=4.1069±2.29 ε=0.0441±0.466 ρ=1.03 θlif=0.0184 θrf=0.0366 τ=10.4 C=1.0
   ⏰ TIMEOUT (>300s)

🎯 Config 23/150 [exploit]: inp=1.0245 dt=0.031 γ=2.9140±2.27 ε=0.0217±0.538 ρ=1.02 θlif=0.0120 θrf=0.0042 τ=12.0 C=0.1
   ⏰ TIMEOUT (>300s)

🎯 Config 24/150 [exploit]: inp=1.4754 dt=0.095 γ=2.2930±0.77 ε=0.0733±0.404 ρ=1.05 θlif=0.1969 θrf=0.0228 τ=15.0 C=0.01
   ✅ Test: 89.22%  Train: 90.25%  Gap: 1.0%

🌐 Config 25/150 [explore]: inp=0.4515 dt=0.253 γ=2.4188±1.61 ε=0.0158±0.550 ρ=0.92 θlif=0.1045 θrf=0.0046 τ=20.7 C=0.1
   ✅ Test: 81.64%  Train: 85.40%  Gap: 3.8%

🎯 Config 26/150 [exploit]: inp=1.6586 dt=0.046 γ=1.2774±2.71 ε=0.0421±1.060 ρ=0.95 θlif=0.0343 θrf=0.0033 τ=11.5 C=1.0
   ⏰ TIMEOUT (>300s)

🎯 Config 27/150 [exploit]: inp=0.5843 dt=0.133 γ=2.4888±2.84 ε=0.2246±0.528 ρ=0.98 θlif=0.1225 θrf=0.0015 τ=17.0 C=0.1
   ✅ Test: 74.77%  Train: 78.42%  Gap: 3.6%

🎯 Config 28/150 [exploit]: inp=0.7255 dt=0.149 γ=1.7180±2.62 ε=0.1968±1.402 ρ=0.98 θlif=0.0153 θrf=0.0140 τ=8.0 C=1.0
   ⏰ TIMEOUT (>300s)

🎯 Config 29/150 [exploit]: inp=0.8687 dt=0.138 γ=3.7164±1.69 ε=0.1067±1.468 ρ=1.03 θlif=0.0141 θrf=0.0060 τ=33.0 C=0.01
   ✅ Test: 75.67%  Train: 77.95%  Gap: 2.3%

🎯 Config 30/150 [exploit]: inp=0.6743 dt=0.112 γ=1.3712±1.07 ε=0.0433±0.449 ρ=0.91 θlif=0.0217 θrf=0.0246 τ=35.2 C=10.0
   ✅ Test: 74.07%  Train: 78.27%  Gap: 4.2%

   💾 Saved top-20 intermediate results (best so far: 92.21% [exploit])

🎯 Config 31/150 [exploit]: inp=1.8568 dt=0.149 γ=2.0860±2.39 ε=0.2006±0.844 ρ=0.90 θlif=0.0964 θrf=0.0061 τ=10.2 C=0.01
   ✅ Test: 92.84%  Train: 94.15%  Gap: 1.3%

🌐 Config 32/150 [explore]: inp=1.0737 dt=0.043 γ=8.1036±1.74 ε=0.0234±0.275 ρ=1.04 θlif=0.0388 θrf=0.0026 τ=44.3 C=1.0
   ⏰ TIMEOUT (>300s)

🎯 Config 33/150 [exploit]: inp=4.7747 dt=0.042 γ=4.9795±2.14 ε=0.0386±0.104 ρ=0.99 θlif=0.1456 θrf=0.0022 τ=46.7 C=1.0
   ⏰ TIMEOUT (>300s)

🎯 Config 34/150 [exploit]: inp=1.4606 dt=0.079 γ=1.6645±0.91 ε=0.0228±0.586 ρ=1.05 θlif=0.0617 θrf=0.0085 τ=41.6 C=0.1
   ⏰ TIMEOUT (>300s)

🎯 Config 35/150 [exploit]: inp=0.9919 dt=0.045 γ=4.3166±1.67 ε=0.0892±1.433 ρ=0.98 θlif=0.1874 θrf=0.0197 τ=5.9 C=1.0
   ⏰ TIMEOUT (>300s)

🎯 Config 36/150 [exploit]: inp=0.8370 dt=0.038 γ=1.4005±0.63 ε=0.0219±1.398 ρ=0.87 θlif=0.0466 θrf=0.0012 τ=23.3 C=0.001
   ✅ Test: 85.40%  Train: 85.63%  Gap: 0.2%

🎯 Config 37/150 [exploit]: inp=0.7902 dt=0.050 γ=1.1304±2.81 ε=0.0569±0.691 ρ=1.00 θlif=0.1769 θrf=0.0240 τ=6.7 C=0.1
   ⏰ TIMEOUT (>300s)

🎯 Config 38/150 [exploit]: inp=0.8303 dt=0.038 γ=2.2510±0.66 ε=0.0247±1.296 ρ=0.85 θlif=0.0127 θrf=0.0133 τ=6.5 C=0.1
   ⏰ TIMEOUT (>300s)

🎯 Config 39/150 [exploit]: inp=2.9744 dt=0.074 γ=3.3166±0.75 ε=0.0878±1.059 ρ=0.96 θlif=0.1589 θrf=0.0018 τ=33.4 C=1.0
   ⏰ TIMEOUT (>300s)

🎯 Config 40/150 [exploit]: inp=1.2793 dt=0.033 γ=1.3978±2.26 ε=0.0271±1.184 ρ=0.89 θlif=0.0103 θrf=0.0037 τ=5.2 C=0.1
   ⏰ TIMEOUT (>300s)

   💾 Saved top-20 intermediate results (best so far: 92.84% [exploit])

🎯 Config 41/150 [exploit]: inp=2.4042 dt=0.037 γ=1.2170±2.65 ε=0.1002±1.056 ρ=0.86 θlif=0.1741 θrf=0.0498 τ=9.8 C=0.1
   ⏰ TIMEOUT (>300s)

🎯 Config 42/150 [exploit]: inp=4.0833 dt=0.066 γ=3.6543±3.01 ε=0.0676±0.534 ρ=0.88 θlif=0.0143 θrf=0.0055 τ=5.6 C=0.1
   ⏰ TIMEOUT (>300s)

🎯 Config 43/150 [exploit]: inp=1.0490 dt=0.137 γ=1.7622±1.40 ε=0.2093±1.072 ρ=0.93 θlif=0.0810 θrf=0.0023 τ=10.0 C=1.0
   ⏰ TIMEOUT (>300s)

🎯 Config 44/150 [exploit]: inp=0.7418 dt=0.080 γ=2.6652±1.41 ε=0.0293±1.132 ρ=0.91 θlif=0.0651 θrf=0.0048 τ=5.1 C=0.1
   ⏰ TIMEOUT (>300s)

🎯 Config 45/150 [exploit]: inp=4.9728 dt=0.093 γ=1.7795±0.99 ε=0.0290±1.268 ρ=0.89 θlif=0.0138 θrf=0.0011 τ=7.9 C=0.01
   ⏰ TIMEOUT (>300s)

🎯 Config 46/150 [exploit]: inp=0.7960 dt=0.047 γ=1.5727±2.87 ε=0.0409±1.040 ρ=1.03 θlif=0.0452 θrf=0.0023 τ=6.1 C=0.01
   ⏰ TIMEOUT (>300s)

🎯 Config 47/150 [exploit]: inp=0.7528 dt=0.071 γ=1.6306±2.42 ε=0.0645±1.156 ρ=0.94 θlif=0.0298 θrf=0.0016 τ=23.8 C=0.01
   ⏰ TIMEOUT (>300s)

🎯 Config 48/150 [exploit]: inp=2.3750 dt=0.031 γ=3.2869±0.97 ε=0.1496±1.090 ρ=1.04 θlif=0.0311 θrf=0.0266 τ=29.4 C=0.01
   ⏰ TIMEOUT (>300s)

🎯 Config 49/150 [exploit]: inp=0.8716 dt=0.080 γ=2.2921±2.40 ε=0.0678±1.194 ρ=1.05 θlif=0.0123 θrf=0.0190 τ=9.9 C=1.0
   ⏰ TIMEOUT (>300s)

🌐 Config 50/150 [explore]: inp=8.6981 dt=0.037 γ=3.9240±4.66 ε=0.1410±0.132 ρ=1.09 θlif=0.0085 θrf=0.0072 τ=1.9 C=0.1
   ⏰ TIMEOUT (>300s)

   💾 Saved top-20 intermediate results (best so far: 92.84% [exploit])

🎯 Config 51/150 [exploit]: inp=4.4507 dt=0.083 γ=1.5421±1.11 ε=0.2377±0.355 ρ=1.03 θlif=0.0350 θrf=0.0018 τ=27.9 C=1.0
   ⏰ TIMEOUT (>300s)

🎯 Config 52/150 [exploit]: inp=2.4769 dt=0.082 γ=3.7019±2.24 ε=0.0213±1.145 ρ=0.93 θlif=0.0173 θrf=0.0316 τ=20.6 C=0.1
   ⏰ TIMEOUT (>300s)

🌐 Config 53/150 [explore]: inp=2.2551 dt=0.026 γ=0.3700±1.52 ε=0.1036±1.669 ρ=0.94 θlif=0.0552 θrf=0.0007 τ=1.4 C=0.1
   ⏰ TIMEOUT (>300s)

🌐 Config 54/150 [explore]: inp=0.1038 dt=0.192 γ=3.5436±3.86 ε=0.6001±0.225 ρ=1.07 θlif=0.5717 θrf=0.0217 τ=1.2 C=1.0
   ⏰ TIMEOUT (>300s)

🎯 Config 55/150 [exploit]: inp=0.8763 dt=0.101 γ=4.5712±3.43 ε=0.1074±0.478 ρ=0.93 θlif=0.0650 θrf=0.0026 τ=20.1 C=0.01
   ✅ Test: 90.73%  Train: 92.73%  Gap: 2.0%

🎯 Config 56/150 [exploit]: inp=1.5319 dt=0.076 γ=2.1802±3.17 ε=0.1185±0.792 ρ=0.87 θlif=0.0137 θrf=0.0012 τ=6.0 C=1.0
   ⏰ TIMEOUT (>300s)

🎯 Config 57/150 [exploit]: inp=0.9733 dt=0.069 γ=3.1889±3.47 ε=0.2560±1.108 ρ=1.04 θlif=0.0319 θrf=0.0210 τ=15.3 C=0.1
   ⏰ TIMEOUT (>300s)

🎯 Config 58/150 [exploit]: inp=4.0253 dt=0.080 γ=3.1225±2.19 ε=0.1916±0.876 ρ=1.02 θlif=0.0436 θrf=0.0011 τ=6.1 C=10.0
   ⏰ TIMEOUT (>300s)

🎯 Config 59/150 [exploit]: inp=1.9646 dt=0.149 γ=4.9775±1.20 ε=0.0422±1.153 ρ=0.94 θlif=0.0133 θrf=0.0305 τ=9.3 C=0.1
   ⏰ TIMEOUT (>300s)

🎯 Config 60/150 [exploit]: inp=0.8096 dt=0.065 γ=1.3556±3.02 ε=0.0417±1.211 ρ=1.04 θlif=0.0814 θrf=0.0046 τ=5.0 C=0.01
   ✅ Test: 88.80%  Train: 90.29%  Gap: 1.5%

   💾 Saved top-20 intermediate results (best so far: 92.84% [exploit])

🎯 Config 61/150 [exploit]: inp=1.0110 dt=0.035 γ=1.1249±0.92 ε=0.0454±0.931 ρ=1.03 θlif=0.0427 θrf=0.0322 τ=26.7 C=0.1
   ⏰ TIMEOUT (>300s)

🎯 Config 62/150 [exploit]: inp=0.8810 dt=0.065 γ=1.7570±3.36 ε=0.0539±1.408 ρ=0.95 θlif=0.0821 θrf=0.0293 τ=7.8 C=10.0
   ⏰ TIMEOUT (>300s)

🌐 Config 63/150 [explore]: inp=0.8846 dt=0.085 γ=7.0195±3.39 ε=0.0783±1.204 ρ=0.86 θlif=0.0302 θrf=0.0012 τ=60.2 C=1.0
   ⏰ TIMEOUT (>300s)

🎯 Config 64/150 [exploit]: inp=2.5929 dt=0.045 γ=3.1380±2.21 ε=0.0316±1.178 ρ=0.93 θlif=0.0383 θrf=0.0011 τ=14.7 C=0.1
   ⏰ TIMEOUT (>300s)

🎯 Config 65/150 [exploit]: inp=1.5286 dt=0.053 γ=4.8243±1.16 ε=0.0863±1.154 ρ=1.03 θlif=0.0540 θrf=0.0085 τ=30.0 C=0.001
   ✅ Test: 91.20%  Train: 91.56%  Gap: 0.4%

🌐 Config 66/150 [explore]: inp=0.3078 dt=0.025 γ=2.4302±1.21 ε=0.0071±0.590 ρ=1.05 θlif=0.1049 θrf=0.0239 τ=83.0 C=0.01
   ✅ Test: 76.39%  Train: 78.85%  Gap: 2.5%

🎯 Config 67/150 [exploit]: inp=0.5788 dt=0.082 γ=2.0590±0.89 ε=0.0366±0.564 ρ=1.04 θlif=0.1169 θrf=0.0082 τ=11.0 C=1.0
   ⏰ TIMEOUT (>300s)

🌐 Config 68/150 [explore]: inp=1.9530 dt=0.137 γ=4.9671±2.69 ε=0.1837±1.434 ρ=0.86 θlif=0.1687 θrf=0.0027 τ=21.3 C=0.01
   ⏰ TIMEOUT (>300s)

🎯 Config 69/150 [exploit]: inp=0.7681 dt=0.110 γ=1.6050±0.82 ε=0.2293±1.259 ρ=0.96 θlif=0.0429 θrf=0.0034 τ=9.5 C=0.1
   ⏰ TIMEOUT (>300s)

🎯 Config 70/150 [exploit]: inp=3.0957 dt=0.069 γ=1.9130±2.45 ε=0.0565±1.382 ρ=0.92 θlif=0.0205 θrf=0.0226 τ=10.8 C=0.1
   ⏰ TIMEOUT (>300s)

   💾 Saved top-20 intermediate results (best so far: 92.84% [exploit])

🎯 Config 71/150 [exploit]: inp=2.7985 dt=0.114 γ=1.2074±2.66 ε=0.1027±0.202 ρ=0.99 θlif=0.0611 θrf=0.0254 τ=5.9 C=1.0
   ⏰ TIMEOUT (>300s)

🌐 Config 72/150 [explore]: inp=8.7815 dt=0.039 γ=6.3357±2.29 ε=0.0180±0.026 ρ=0.98 θlif=0.0443 θrf=0.0074 τ=12.5 C=0.1
   ⏰ TIMEOUT (>300s)

🎯 Config 73/150 [exploit]: inp=0.8313 dt=0.095 γ=4.0587±1.20 ε=0.0300±0.934 ρ=0.88 θlif=0.0106 θrf=0.0208 τ=16.9 C=0.01
   ⏰ TIMEOUT (>300s)

🎯 Config 74/150 [exploit]: inp=0.5844 dt=0.048 γ=1.8082±3.45 ε=0.1920±0.612 ρ=0.99 θlif=0.0203 θrf=0.0437 τ=7.2 C=1.0
   ⏰ TIMEOUT (>300s)

🎯 Config 75/150 [exploit]: inp=1.1314 dt=0.039 γ=2.9321±0.95 ε=0.1745±1.262 ρ=1.02 θlif=0.1335 θrf=0.0046 τ=6.0 C=0.01
   ✅ Test: 84.93%  Train: 86.29%  Gap: 1.4%

🎯 Config 76/150 [exploit]: inp=0.7080 dt=0.110 γ=2.0329±2.32 ε=0.1649±1.358 ρ=1.01 θlif=0.0225 θrf=0.0128 τ=5.1 C=0.01
   ✅ Test: 73.60%  Train: 76.47%  Gap: 2.9%

🌐 Config 77/150 [explore]: inp=0.1651 dt=0.036 γ=0.6887±4.85 ε=0.9438±1.239 ρ=0.95 θlif=0.0264 θrf=0.0691 τ=21.3 C=0.1
   ⏰ TIMEOUT (>300s)

🌐 Config 78/150 [explore]: inp=0.1749 dt=0.024 γ=2.5712±3.24 ε=0.0533±1.645 ρ=1.04 θlif=0.0303 θrf=0.0833 τ=6.0 C=1.0
   ⏰ TIMEOUT (>300s)

🎯 Config 79/150 [exploit]: inp=2.1538 dt=0.149 γ=1.2005±2.12 ε=0.0724±0.779 ρ=0.97 θlif=0.1212 θrf=0.0165 τ=26.6 C=0.01
   ⏰ TIMEOUT (>300s)

🎯 Config 80/150 [exploit]: inp=4.0330 dt=0.062 γ=3.7145±2.17 ε=0.0465±1.027 ρ=1.02 θlif=0.0107 θrf=0.0016 τ=5.3 C=1.0
   ⏰ TIMEOUT (>300s)

   💾 Saved top-20 intermediate results (best so far: 92.84% [exploit])

🎯 Config 81/150 [exploit]: inp=0.5366 dt=0.037 γ=1.5216±2.12 ε=0.2040±1.339 ρ=0.92 θlif=0.0222 θrf=0.0093 τ=47.2 C=0.1
   ⏰ TIMEOUT (>300s)

🎯 Config 82/150 [exploit]: inp=0.8536 dt=0.053 γ=3.0802±0.59 ε=0.0300±0.943 ρ=1.04 θlif=0.0485 θrf=0.0102 τ=16.7 C=0.001
   ✅ Test: 85.61%  Train: 86.04%  Gap: 0.4%

🎯 Config 83/150 [exploit]: inp=2.4164 dt=0.140 γ=4.6335±1.44 ε=0.0780±1.435 ρ=0.99 θlif=0.0487 θrf=0.0042 τ=31.3 C=1.0
   ⏰ TIMEOUT (>300s)

🎯 Config 84/150 [exploit]: inp=0.5191 dt=0.064 γ=1.4552±0.50 ε=0.2244±0.233 ρ=1.04 θlif=0.0539 θrf=0.0096 τ=42.9 C=0.1
   ⏰ TIMEOUT (>300s)

🎯 Config 85/150 [exploit]: inp=0.5281 dt=0.119 γ=3.5010±2.64 ε=0.0385±1.242 ρ=1.00 θlif=0.0228 θrf=0.0365 τ=7.3 C=1.0
   ⏰ TIMEOUT (>300s)

🎯 Config 86/150 [exploit]: inp=2.4623 dt=0.032 γ=3.3515±2.44 ε=0.0366±1.295 ρ=0.91 θlif=0.0364 θrf=0.0024 τ=12.7 C=0.1
   ⏰ TIMEOUT (>300s)

🎯 Config 87/150 [exploit]: inp=0.5970 dt=0.144 γ=3.2456±3.45 ε=0.0552±0.627 ρ=1.04 θlif=0.0955 θrf=0.0165 τ=6.5 C=0.1
   ✅ Test: 85.24%  Train: 88.69%  Gap: 3.4%

🌐 Config 88/150 [explore]: inp=0.1361 dt=0.030 γ=0.5422±0.54 ε=0.4422±0.295 ρ=0.71 θlif=0.0081 θrf=0.0018 τ=11.7 C=0.1
   ✅ Test: 75.86%  Train: 77.75%  Gap: 1.9%

🎯 Config 89/150 [exploit]: inp=0.7915 dt=0.074 γ=4.0328±2.32 ε=0.0438±1.476 ρ=0.89 θlif=0.0127 θrf=0.0019 τ=15.0 C=0.01
   ✅ Test: 81.13%  Train: 83.14%  Gap: 2.0%

🌐 Config 90/150 [explore]: inp=2.1689 dt=0.045 γ=1.6131±4.32 ε=0.1269±0.540 ρ=0.81 θlif=0.0275 θrf=0.0987 τ=2.2 C=1.0
   ⏰ TIMEOUT (>300s)

   💾 Saved top-20 intermediate results (best so far: 92.84% [exploit])

🌐 Config 91/150 [explore]: inp=3.9452 dt=0.021 γ=2.4363±1.08 ε=0.0569±0.951 ρ=0.99 θlif=0.9391 θrf=0.0620 τ=10.6 C=1.0
   ⏰ TIMEOUT (>300s)

🌐 Config 92/150 [explore]: inp=2.4843 dt=0.029 γ=0.7435±3.66 ε=0.6930±0.125 ρ=0.90 θlif=0.5381 θrf=0.0018 τ=1.0 C=10.0
   ⏰ TIMEOUT (>300s)

🌐 Config 93/150 [explore]: inp=1.6798 dt=0.076 γ=3.1629±2.60 ε=0.0412±1.146 ρ=0.82 θlif=0.1621 θrf=0.0008 τ=72.8 C=0.01
   ⏰ TIMEOUT (>300s)

🎯 Config 94/150 [exploit]: inp=0.7606 dt=0.140 γ=4.4678±1.46 ε=0.1247±1.288 ρ=0.96 θlif=0.1375 θrf=0.0170 τ=10.1 C=0.001
   ✅ Test: 81.82%  Train: 82.59%  Gap: 0.8%

🎯 Config 95/150 [exploit]: inp=0.8836 dt=0.034 γ=3.5854±3.04 ε=0.0453±0.501 ρ=1.00 θlif=0.0524 θrf=0.0176 τ=11.7 C=0.001
   ✅ Test: 87.65%  Train: 87.48%  Gap: -0.2%

🎯 Config 96/150 [exploit]: inp=0.9800 dt=0.110 γ=2.0908±1.13 ε=0.0326±0.477 ρ=0.93 θlif=0.1735 θrf=0.0056 τ=15.1 C=0.1
   ✅ Test: 90.43%  Train: 93.62%  Gap: 3.2%

🎯 Config 97/150 [exploit]: inp=0.8615 dt=0.094 γ=1.3964±2.59 ε=0.0308±1.045 ρ=0.97 θlif=0.1166 θrf=0.0481 τ=26.2 C=0.1
   ✅ Test: 87.39%  Train: 92.32%  Gap: 4.9%

🎯 Config 98/150 [exploit]: inp=3.4761 dt=0.093 γ=2.0155±1.23 ε=0.1145±0.675 ρ=0.93 θlif=0.0883 θrf=0.0010 τ=21.6 C=0.01
   ✅ Test: 91.99%  Train: 93.16%  Gap: 1.2%

🎯 Config 99/150 [exploit]: inp=1.3295 dt=0.042 γ=3.1951±1.22 ε=0.0246±1.131 ρ=0.95 θlif=0.1131 θrf=0.0045 τ=8.8 C=0.01
   ✅ Test: 89.04%  Train: 90.11%  Gap: 1.1%

🎯 Config 100/150 [exploit]: inp=2.0532 dt=0.094 γ=1.5829±0.56 ε=0.1577±0.397 ρ=0.87 θlif=0.1036 θrf=0.0288 τ=12.8 C=1.0
   ⏰ TIMEOUT (>300s)

   💾 Saved top-20 intermediate results (best so far: 92.84% [exploit])

🎯 Config 101/150 [exploit]: inp=0.8499 dt=0.036 γ=2.1721±1.03 ε=0.0882±0.911 ρ=1.02 θlif=0.0369 θrf=0.0186 τ=26.9 C=1.0
   ⏰ TIMEOUT (>300s)

🌐 Config 102/150 [explore]: inp=5.3723 dt=0.227 γ=3.4856±4.86 ε=0.0055±0.685 ρ=0.74 θlif=0.2982 θrf=0.0663 τ=9.1 C=0.01
   ✅ Test: 92.12%  Train: 93.50%  Gap: 1.4%

🎯 Config 103/150 [exploit]: inp=4.8615 dt=0.076 γ=1.4130±3.30 ε=0.0337±0.495 ρ=0.90 θlif=0.1086 θrf=0.0236 τ=37.5 C=0.1
   ❌ FAILED
      Extracting features:  99%|████████████████████▊| 99/100 [00:58<00:00,  1.69it/s]
      Extracting features: 100%|████████████████████| 100/100 [00:59<00:00,  1.69it/s]
      Extracting features: 100%|████████████████████| 100/100 [00:59<00:00,  1.69it/s]

🎯 Config 104/150 [exploit]: inp=1.5023 dt=0.112 γ=3.8792±1.48 ε=0.0596±0.244 ρ=1.00 θlif=0.1411 θrf=0.0040 τ=21.0 C=10.0
   ❌ FAILED
      Extracting features:  99%|████████████████████▊| 99/100 [00:57<00:00,  1.72it/s]
      Extracting features: 100%|████████████████████| 100/100 [00:58<00:00,  1.70it/s]
      Extracting features: 100%|████████████████████| 100/100 [00:58<00:00,  1.71it/s]

🎯 Config 105/150 [exploit]: inp=4.2367 dt=0.052 γ=1.2498±1.91 ε=0.0237±1.062 ρ=0.97 θlif=0.0142 θrf=0.0034 τ=5.6 C=0.1
   ❌ FAILED
      Extracting features:  99%|████████████████████▊| 99/100 [00:57<00:00,  1.72it/s]
      Extracting features: 100%|████████████████████| 100/100 [00:57<00:00,  1.72it/s]
      Extracting features: 100%|████████████████████| 100/100 [00:57<00:00,  1.73it/s]

🎯 Config 106/150 [exploit]: inp=2.7767 dt=0.055 γ=4.2935±2.31 ε=0.1444±0.229 ρ=0.88 θlif=0.0237 θrf=0.0033 τ=9.4 C=0.001
   ❌ FAILED
      Extracting features:  99%|████████████████████▊| 99/100 [00:57<00:00,  1.72it/s]
      Extracting features: 100%|████████████████████| 100/100 [00:57<00:00,  1.71it/s]
      Extracting features: 100%|████████████████████| 100/100 [00:57<00:00,  1.73it/s]

🎯 Config 107/150 [exploit]: inp=1.8538 dt=0.114 γ=4.2339±3.29 ε=0.2634±0.580 ρ=1.04 θlif=0.0235 θrf=0.0028 τ=27.8 C=0.01
   ❌ FAILED
      Extracting features:  99%|████████████████████▊| 99/100 [00:56<00:00,  1.76it/s]
      Extracting features: 100%|████████████████████| 100/100 [00:57<00:00,  1.76it/s]
      Extracting features: 100%|████████████████████| 100/100 [00:57<00:00,  1.75it/s]

🎯 Config 108/150 [exploit]: inp=1.6148 dt=0.031 γ=1.7938±1.14 ε=0.1977±1.117 ρ=1.02 θlif=0.0339 θrf=0.0322 τ=15.0 C=0.1
   ❌ FAILED
      Extracting features:  99%|████████████████████▊| 99/100 [00:57<00:00,  1.73it/s]
      Extracting features: 100%|████████████████████| 100/100 [00:57<00:00,  1.72it/s]
      Extracting features: 100%|████████████████████| 100/100 [00:57<00:00,  1.73it/s]

🎯 Config 109/150 [exploit]: inp=0.9656 dt=0.068 γ=4.4169±0.57 ε=0.0403±0.982 ρ=0.90 θlif=0.0110 θrf=0.0116 τ=9.1 C=0.1
   ❌ FAILED
      Extracting features:  99%|████████████████████▊| 99/100 [00:55<00:00,  1.77it/s]
      Extracting features: 100%|████████████████████| 100/100 [00:56<00:00,  1.77it/s]
      Extracting features: 100%|████████████████████| 100/100 [00:56<00:00,  1.77it/s]

🎯 Config 110/150 [exploit]: inp=3.8667 dt=0.075 γ=2.6687±2.16 ε=0.1499±1.384 ρ=1.05 θlif=0.0352 θrf=0.0064 τ=16.9 C=1.0
   ❌ FAILED
      Extracting features:  99%|████████████████████▊| 99/100 [00:57<00:00,  1.73it/s]
      Extracting features: 100%|████████████████████| 100/100 [00:57<00:00,  1.74it/s]
      Extracting features: 100%|████████████████████| 100/100 [00:57<00:00,  1.74it/s]

   💾 Saved top-20 intermediate results (best so far: 92.84% [exploit])

🎯 Config 111/150 [exploit]: inp=1.9052 dt=0.032 γ=2.7223±1.28 ε=0.1146±0.620 ρ=0.92 θlif=0.0205 θrf=0.0088 τ=12.2 C=0.1
   ❌ FAILED
      Extracting features:  99%|████████████████████▊| 99/100 [00:56<00:00,  1.73it/s]
      Extracting features: 100%|████████████████████| 100/100 [00:57<00:00,  1.73it/s]
      Extracting features: 100%|████████████████████| 100/100 [00:57<00:00,  1.75it/s]

🎯 Config 112/150 [exploit]: inp=1.3092 dt=0.067 γ=2.3772±1.50 ε=0.0327±0.621 ρ=0.95 θlif=0.1459 θrf=0.0076 τ=12.7 C=0.1
   ❌ FAILED
      Extracting features:  99%|████████████████████▊| 99/100 [00:56<00:00,  1.76it/s]
      Extracting features: 100%|████████████████████| 100/100 [00:57<00:00,  1.74it/s]
      Extracting features: 100%|████████████████████| 100/100 [00:57<00:00,  1.74it/s]

🌐 Config 113/150 [explore]: inp=1.3197 dt=0.038 γ=4.8513±4.08 ε=0.0747±1.433 ρ=0.91 θlif=0.0369 θrf=0.0012 τ=21.6 C=0.1
   ❌ FAILED
      Extracting features:  99%|████████████████████▊| 99/100 [00:56<00:00,  1.72it/s]
      Extracting features: 100%|████████████████████| 100/100 [00:57<00:00,  1.71it/s]
      Extracting features: 100%|████████████████████| 100/100 [00:57<00:00,  1.74it/s]

🌐 Config 114/150 [explore]: inp=0.1419 dt=0.135 γ=2.0432±4.80 ε=0.1144±0.712 ρ=0.90 θlif=0.0299 θrf=0.0152 τ=1.9 C=0.01
   ❌ FAILED
      Extracting features:  99%|████████████████████▊| 99/100 [00:57<00:00,  1.72it/s]
      Extracting features: 100%|████████████████████| 100/100 [00:57<00:00,  1.73it/s]
      Extracting features: 100%|████████████████████| 100/100 [00:57<00:00,  1.73it/s]

🎯 Config 115/150 [exploit]: inp=1.8072 dt=0.066 γ=2.4256±1.01 ε=0.0396±1.499 ρ=1.04 θlif=0.1069 θrf=0.0012 τ=42.6 C=10.0
   ❌ FAILED
      Extracting features:  99%|████████████████████▊| 99/100 [00:57<00:00,  1.72it/s]
      Extracting features: 100%|████████████████████| 100/100 [00:57<00:00,  1.72it/s]
      Extracting features: 100%|████████████████████| 100/100 [00:57<00:00,  1.73it/s]

🎯 Config 116/150 [exploit]: inp=0.8350 dt=0.058 γ=1.0751±1.59 ε=0.1589±1.250 ρ=0.99 θlif=0.0455 θrf=0.0208 τ=33.1 C=0.1
   ❌ FAILED
      Extracting features:  99%|████████████████████▊| 99/100 [00:56<00:00,  1.75it/s]
      Extracting features: 100%|████████████████████| 100/100 [00:57<00:00,  1.74it/s]
      Extracting features: 100%|████████████████████| 100/100 [00:57<00:00,  1.74it/s]

🌐 Config 117/150 [explore]: inp=2.3741 dt=0.026 γ=7.0470±0.97 ε=0.8055±1.129 ρ=0.73 θlif=0.1474 θrf=0.0811 τ=1.6 C=1.0
   ❌ FAILED
      Extracting features:  99%|████████████████████▊| 99/100 [00:58<00:00,  1.72it/s]
      Extracting features: 100%|████████████████████| 100/100 [00:58<00:00,  1.72it/s]
      Extracting features: 100%|████████████████████| 100/100 [00:58<00:00,  1.71it/s]

🎯 Config 118/150 [exploit]: inp=3.5766 dt=0.100 γ=4.8019±2.97 ε=0.0301±1.417 ρ=0.87 θlif=0.0865 θrf=0.0196 τ=28.1 C=0.1
   ❌ FAILED
      Extracting features:  99%|████████████████████▊| 99/100 [00:57<00:00,  1.74it/s]
      Extracting features: 100%|████████████████████| 100/100 [00:58<00:00,  1.73it/s]
      Extracting features: 100%|████████████████████| 100/100 [00:58<00:00,  1.72it/s]

🎯 Config 119/150 [exploit]: inp=0.5056 dt=0.056 γ=3.2401±1.85 ε=0.2035±0.349 ρ=1.03 θlif=0.0217 θrf=0.0031 τ=17.6 C=0.01
   ❌ FAILED
      Extracting features:  99%|████████████████████▊| 99/100 [00:56<00:00,  1.74it/s]
      Extracting features: 100%|████████████████████| 100/100 [00:57<00:00,  1.75it/s]
      Extracting features: 100%|████████████████████| 100/100 [00:57<00:00,  1.75it/s]

🎯 Config 120/150 [exploit]: inp=3.0095 dt=0.051 γ=1.5419±2.00 ε=0.0228±1.480 ρ=0.99 θlif=0.0959 θrf=0.0264 τ=37.0 C=0.01
   ❌ FAILED
      Extracting features:  99%|████████████████████▊| 99/100 [00:58<00:00,  1.69it/s]
      Extracting features: 100%|████████████████████| 100/100 [00:59<00:00,  1.68it/s]
      Extracting features: 100%|████████████████████| 100/100 [00:59<00:00,  1.69it/s]

   💾 Saved top-20 intermediate results (best so far: 92.84% [exploit])

🎯 Config 121/150 [exploit]: inp=4.1727 dt=0.056 γ=1.4750±1.04 ε=0.0478±1.022 ρ=1.04 θlif=0.0119 θrf=0.0037 τ=24.0 C=1.0
   ❌ FAILED
      Extracting features:  99%|████████████████████▊| 99/100 [00:55<00:00,  1.78it/s]
      Extracting features: 100%|████████████████████| 100/100 [00:55<00:00,  1.79it/s]
      Extracting features: 100%|████████████████████| 100/100 [00:55<00:00,  1.79it/s]

🌐 Config 122/150 [explore]: inp=0.3007 dt=0.055 γ=0.7304±1.41 ε=0.1897±1.244 ρ=0.99 θlif=0.3146 θrf=0.0020 τ=17.1 C=0.001
   ❌ FAILED
      Extracting features:  99%|████████████████████▊| 99/100 [00:55<00:00,  1.78it/s]
      Extracting features: 100%|████████████████████| 100/100 [00:56<00:00,  1.79it/s]
      Extracting features: 100%|████████████████████| 100/100 [00:56<00:00,  1.78it/s]

🎯 Config 123/150 [exploit]: inp=0.6117 dt=0.074 γ=3.5226±1.50 ε=0.0354±0.469 ρ=0.86 θlif=0.0523 θrf=0.0055 τ=19.2 C=0.01
   ❌ FAILED
      Extracting features:  99%|████████████████████▊| 99/100 [00:55<00:00,  1.80it/s]
      Extracting features: 100%|████████████████████| 100/100 [00:55<00:00,  1.80it/s]
      Extracting features: 100%|████████████████████| 100/100 [00:55<00:00,  1.79it/s]

🎯 Config 124/150 [exploit]: inp=2.4934 dt=0.072 γ=1.8148±2.69 ε=0.0287±0.797 ρ=0.87 θlif=0.0111 θrf=0.0057 τ=26.5 C=0.001
   ❌ FAILED
      Extracting features:  99%|████████████████████▊| 99/100 [00:55<00:00,  1.80it/s]
      Extracting features: 100%|████████████████████| 100/100 [00:55<00:00,  1.80it/s]
      Extracting features: 100%|████████████████████| 100/100 [00:55<00:00,  1.80it/s]

🎯 Config 125/150 [exploit]: inp=2.1621 dt=0.071 γ=1.5198±1.36 ε=0.0602±0.112 ρ=0.88 θlif=0.0209 θrf=0.0020 τ=22.7 C=0.1
   ❌ FAILED
      Extracting features:  99%|████████████████████▊| 99/100 [00:55<00:00,  1.78it/s]
      Extracting features: 100%|████████████████████| 100/100 [00:55<00:00,  1.78it/s]
      Extracting features: 100%|████████████████████| 100/100 [00:55<00:00,  1.79it/s]

🎯 Config 126/150 [exploit]: inp=2.8694 dt=0.066 γ=1.4378±2.97 ε=0.0251±0.336 ρ=1.04 θlif=0.0136 θrf=0.0069 τ=9.5 C=1.0
   ❌ FAILED
      Extracting features:  99%|████████████████████▊| 99/100 [00:54<00:00,  1.80it/s]
      Extracting features: 100%|████████████████████| 100/100 [00:55<00:00,  1.80it/s]
      Extracting features: 100%|████████████████████| 100/100 [00:55<00:00,  1.80it/s]

🎯 Config 127/150 [exploit]: inp=4.0102 dt=0.094 γ=1.3739±1.93 ε=0.0277±0.993 ρ=0.85 θlif=0.0300 θrf=0.0033 τ=36.0 C=10.0
   ❌ FAILED
      Extracting features:  99%|████████████████████▊| 99/100 [00:55<00:00,  1.78it/s]
      Extracting features: 100%|████████████████████| 100/100 [00:55<00:00,  1.78it/s]
      Extracting features: 100%|████████████████████| 100/100 [00:55<00:00,  1.79it/s]

🎯 Config 128/150 [exploit]: inp=0.7809 dt=0.044 γ=1.1091±2.23 ε=0.0461±0.268 ρ=1.03 θlif=0.1595 θrf=0.0011 τ=47.1 C=0.1
   ❌ FAILED
      Extracting features:  99%|████████████████████▊| 99/100 [00:55<00:00,  1.79it/s]
      Extracting features: 100%|████████████████████| 100/100 [00:56<00:00,  1.79it/s]
      Extracting features: 100%|████████████████████| 100/100 [00:56<00:00,  1.79it/s]

🎯 Config 129/150 [exploit]: inp=0.5567 dt=0.040 γ=2.9314±1.29 ε=0.1045±1.060 ρ=1.03 θlif=0.0755 θrf=0.0163 τ=6.1 C=0.1
   ❌ FAILED
      Extracting features:  99%|████████████████████▊| 99/100 [00:55<00:00,  1.79it/s]
      Extracting features: 100%|████████████████████| 100/100 [00:55<00:00,  1.79it/s]
      Extracting features: 100%|████████████████████| 100/100 [00:55<00:00,  1.80it/s]

🎯 Config 130/150 [exploit]: inp=2.0203 dt=0.054 γ=2.3919±2.03 ε=0.2665±1.246 ρ=0.89 θlif=0.0173 θrf=0.0035 τ=30.2 C=10.0
   ❌ FAILED
      Extracting features:  99%|████████████████████▊| 99/100 [00:55<00:00,  1.79it/s]
      Extracting features: 100%|████████████████████| 100/100 [00:56<00:00,  1.79it/s]
      Extracting features: 100%|████████████████████| 100/100 [00:56<00:00,  1.78it/s]

   💾 Saved top-20 intermediate results (best so far: 92.84% [exploit])

🎯 Config 131/150 [exploit]: inp=1.0055 dt=0.057 γ=1.2442±1.79 ε=0.2460±1.450 ρ=0.90 θlif=0.0828 θrf=0.0067 τ=5.8 C=1.0
   ❌ FAILED
      Extracting features:  99%|████████████████████▊| 99/100 [00:54<00:00,  1.80it/s]
      Extracting features: 100%|████████████████████| 100/100 [00:55<00:00,  1.80it/s]
      Extracting features: 100%|████████████████████| 100/100 [00:55<00:00,  1.80it/s]

🎯 Config 132/150 [exploit]: inp=1.1756 dt=0.031 γ=4.1457±2.42 ε=0.1788±0.313 ρ=0.86 θlif=0.0117 θrf=0.0085 τ=10.0 C=10.0
   ❌ FAILED
      Extracting features:  99%|████████████████████▊| 99/100 [00:56<00:00,  1.77it/s]
      Extracting features: 100%|████████████████████| 100/100 [00:56<00:00,  1.77it/s]
      Extracting features: 100%|████████████████████| 100/100 [00:56<00:00,  1.77it/s]

🎯 Config 133/150 [exploit]: inp=0.5781 dt=0.057 γ=1.7716±1.74 ε=0.1885±1.278 ρ=1.04 θlif=0.0414 θrf=0.0152 τ=5.5 C=0.1
   ❌ FAILED
      Extracting features:  99%|████████████████████▊| 99/100 [00:55<00:00,  1.79it/s]
      Extracting features: 100%|████████████████████| 100/100 [00:55<00:00,  1.79it/s]
      Extracting features: 100%|████████████████████| 100/100 [00:55<00:00,  1.79it/s]

🌐 Config 134/150 [explore]: inp=2.3758 dt=0.056 γ=6.2248±1.12 ε=0.0053±1.495 ρ=0.70 θlif=0.4657 θrf=0.0148 τ=2.3 C=0.1
   ❌ FAILED
      Extracting features:  99%|████████████████████▊| 99/100 [00:54<00:00,  1.80it/s]
      Extracting features: 100%|████████████████████| 100/100 [00:55<00:00,  1.80it/s]
      Extracting features: 100%|████████████████████| 100/100 [00:55<00:00,  1.81it/s]

🌐 Config 135/150 [explore]: inp=5.0184 dt=0.127 γ=8.3625±1.84 ε=0.1882±0.970 ρ=0.80 θlif=0.4613 θrf=0.0136 τ=48.7 C=0.1
   ❌ FAILED
      Extracting features:  99%|████████████████████▊| 99/100 [00:55<00:00,  1.78it/s]
      Extracting features: 100%|████████████████████| 100/100 [00:56<00:00,  1.79it/s]
      Extracting features: 100%|████████████████████| 100/100 [00:56<00:00,  1.77it/s]

🎯 Config 136/150 [exploit]: inp=1.2566 dt=0.091 γ=1.0013±2.38 ε=0.2045±0.906 ρ=0.98 θlif=0.0270 θrf=0.0077 τ=23.3 C=0.01
   ❌ FAILED
      Extracting features:  99%|████████████████████▊| 99/100 [00:54<00:00,  1.80it/s]
      Extracting features: 100%|████████████████████| 100/100 [00:55<00:00,  1.80it/s]
      Extracting features: 100%|████████████████████| 100/100 [00:55<00:00,  1.80it/s]

🎯 Config 137/150 [exploit]: inp=2.8771 dt=0.141 γ=1.9405±1.48 ε=0.0939±0.213 ρ=0.93 θlif=0.0122 θrf=0.0028 τ=10.1 C=0.1
   ❌ FAILED
      Extracting features:  99%|████████████████████▊| 99/100 [00:55<00:00,  1.80it/s]
      Extracting features: 100%|████████████████████| 100/100 [00:55<00:00,  1.79it/s]
      Extracting features: 100%|████████████████████| 100/100 [00:55<00:00,  1.80it/s]

🎯 Config 138/150 [exploit]: inp=1.0638 dt=0.032 γ=2.2462±2.32 ε=0.0538±1.128 ρ=0.95 θlif=0.0121 θrf=0.0028 τ=20.7 C=0.01
   ❌ FAILED
      Extracting features:  99%|████████████████████▊| 99/100 [00:55<00:00,  1.79it/s]
      Extracting features: 100%|████████████████████| 100/100 [00:55<00:00,  1.79it/s]
      Extracting features: 100%|████████████████████| 100/100 [00:55<00:00,  1.79it/s]

🌐 Config 139/150 [explore]: inp=7.3984 dt=0.236 γ=0.7734±2.25 ε=0.5226±0.974 ρ=1.07 θlif=0.0272 θrf=0.0053 τ=4.2 C=0.01
   ❌ FAILED
        File "/home/nfs/amicheli/.local/lib/python3.7/site-packages/sklearn/utils/validation.py", line 116, in _assert_all_finite
          type_err, msg_dtype if msg_dtype is not None else X.dtype
      ValueError: Input contains infinity or a value too large for dtype('float32').

🎯 Config 140/150 [exploit]: inp=2.1922 dt=0.047 γ=1.1210±2.42 ε=0.1057±0.233 ρ=0.87 θlif=0.0333 θrf=0.0025 τ=7.3 C=1.0
   ❌ FAILED
      Extracting features:  99%|████████████████████▊| 99/100 [00:54<00:00,  1.80it/s]
      Extracting features: 100%|████████████████████| 100/100 [00:55<00:00,  1.80it/s]
      Extracting features: 100%|████████████████████| 100/100 [00:55<00:00,  1.80it/s]

   💾 Saved top-20 intermediate results (best so far: 92.84% [exploit])

🎯 Config 141/150 [exploit]: inp=2.6478 dt=0.032 γ=1.0040±3.02 ε=0.0430±0.819 ρ=1.03 θlif=0.0332 θrf=0.0018 τ=12.6 C=0.1
   ❌ FAILED
      Extracting features:  99%|████████████████████▊| 99/100 [00:55<00:00,  1.77it/s]
      Extracting features: 100%|████████████████████| 100/100 [00:56<00:00,  1.77it/s]
      Extracting features: 100%|████████████████████| 100/100 [00:56<00:00,  1.78it/s]

🎯 Config 142/150 [exploit]: inp=3.4318 dt=0.081 γ=1.3910±2.86 ε=0.0307±0.968 ρ=0.90 θlif=0.1336 θrf=0.0063 τ=10.7 C=1.0
   ❌ FAILED
      Extracting features:  99%|████████████████████▊| 99/100 [00:55<00:00,  1.80it/s]
      Extracting features: 100%|████████████████████| 100/100 [00:55<00:00,  1.80it/s]
      Extracting features: 100%|████████████████████| 100/100 [00:55<00:00,  1.80it/s]

🎯 Config 143/150 [exploit]: inp=1.3218 dt=0.033 γ=1.4863±1.70 ε=0.1496±0.806 ρ=1.01 θlif=0.0188 θrf=0.0200 τ=6.1 C=0.001
   ❌ FAILED
      Extracting features:  99%|████████████████████▊| 99/100 [00:55<00:00,  1.78it/s]
      Extracting features: 100%|████████████████████| 100/100 [00:56<00:00,  1.78it/s]
      Extracting features: 100%|████████████████████| 100/100 [00:56<00:00,  1.78it/s]

🎯 Config 144/150 [exploit]: inp=0.7043 dt=0.050 γ=2.3426±0.68 ε=0.1747±0.974 ρ=0.96 θlif=0.1390 θrf=0.0024 τ=44.7 C=0.01
   ❌ FAILED
      Extracting features:  99%|████████████████████▊| 99/100 [00:54<00:00,  1.80it/s]
      Extracting features: 100%|████████████████████| 100/100 [00:55<00:00,  1.80it/s]
      Extracting features: 100%|████████████████████| 100/100 [00:55<00:00,  1.80it/s]

🎯 Config 145/150 [exploit]: inp=0.5122 dt=0.039 γ=1.0833±0.62 ε=0.0425±1.462 ρ=1.04 θlif=0.0272 θrf=0.0138 τ=36.5 C=0.1
   ❌ FAILED
      Extracting features:  99%|████████████████████▊| 99/100 [00:55<00:00,  1.79it/s]
      Extracting features: 100%|████████████████████| 100/100 [00:55<00:00,  1.79it/s]
      Extracting features: 100%|████████████████████| 100/100 [00:55<00:00,  1.79it/s]

🎯 Config 146/150 [exploit]: inp=3.8184 dt=0.097 γ=1.2734±0.74 ε=0.1219±0.580 ρ=0.97 θlif=0.0601 θrf=0.0049 τ=9.6 C=1.0
   ❌ FAILED
      Extracting features:  99%|████████████████████▊| 99/100 [00:55<00:00,  1.79it/s]
      Extracting features: 100%|████████████████████| 100/100 [00:55<00:00,  1.79it/s]
      Extracting features: 100%|████████████████████| 100/100 [00:55<00:00,  1.79it/s]

🎯 Config 147/150 [exploit]: inp=2.6889 dt=0.031 γ=2.1348±1.91 ε=0.1014±1.137 ρ=0.95 θlif=0.0715 θrf=0.0014 τ=19.7 C=0.01
   ❌ FAILED
      Extracting features:  99%|████████████████████▊| 99/100 [00:55<00:00,  1.78it/s]
      Extracting features: 100%|████████████████████| 100/100 [00:56<00:00,  1.78it/s]
      Extracting features: 100%|████████████████████| 100/100 [00:56<00:00,  1.78it/s]

🌐 Config 148/150 [explore]: inp=0.4172 dt=0.048 γ=3.6205±1.66 ε=0.0073±1.930 ρ=1.06 θlif=0.0104 θrf=0.0007 τ=47.4 C=0.001
   ❌ FAILED
      Extracting features:  99%|████████████████████▊| 99/100 [00:55<00:00,  1.80it/s]
      Extracting features: 100%|████████████████████| 100/100 [00:55<00:00,  1.80it/s]
      Extracting features: 100%|████████████████████| 100/100 [00:55<00:00,  1.80it/s]

🎯 Config 149/150 [exploit]: inp=1.1881 dt=0.033 γ=2.9853±1.32 ε=0.2500±1.049 ρ=0.93 θlif=0.0196 θrf=0.0014 τ=7.9 C=0.001
   ❌ FAILED
      Extracting features:  99%|████████████████████▊| 99/100 [00:54<00:00,  1.80it/s]
      Extracting features: 100%|████████████████████| 100/100 [00:55<00:00,  1.80it/s]
      Extracting features: 100%|████████████████████| 100/100 [00:55<00:00,  1.80it/s]

🎯 Config 150/150 [exploit]: inp=2.7727 dt=0.031 γ=2.4010±2.61 ε=0.1043±1.084 ρ=0.86 θlif=0.0711 θrf=0.0102 τ=5.1 C=0.01
   ❌ FAILED
      Extracting features:  99%|████████████████████▊| 99/100 [00:55<00:00,  1.77it/s]
      Extracting features: 100%|████████████████████| 100/100 [00:55<00:00,  1.78it/s]
      Extracting features: 100%|████████████████████| 100/100 [00:55<00:00,  1.79it/s]

   💾 Saved top-20 intermediate results (best so far: 92.84% [exploit])

======================================================================
✅ Completed: 34/150 configs successful
❌ Failed:    116/150 configs
🎯 Exploit best: 92.84%  (mean: 84.31%)
🌐 Explore best: 92.12%  (mean: 78.78%)
======================================================================

🏆 TOP 10 CONFIGURATIONS:
Rank  Test%      Train%     Gap     Type      inp_scl   C       dt      gamma    eps      rho    τ      θlif     θrf    
------------------------------------------------------------------------------------------------------------------------
1     92.84%     94.15%     1.3%   exploit   1.8568   0.01   0.149  2.0860  0.2006  0.90  10.2  0.0964  0.0061 
2     92.21%     92.02%     -0.2%   exploit   4.1815   0.001  0.094  4.9321  0.2134  1.05  6.3   0.1551  0.0208 
3     92.12%     93.50%     1.4%   explore   5.3723   0.01   0.227  3.4856  0.0055  0.74  9.1   0.2982  0.0663 
4     91.99%     93.16%     1.2%   exploit   3.4761   0.01   0.093  2.0155  0.1145  0.93  21.6  0.0883  0.0010 
5     91.20%     91.56%     0.4%   exploit   1.5286   0.001  0.053  4.8243  0.0863  1.03  30.0  0.0540  0.0085 
6     90.73%     92.73%     2.0%   exploit   0.8763   0.01   0.101  4.5712  0.1074  0.93  20.1  0.0650  0.0026 
7     90.43%     93.62%     3.2%   exploit   0.9800   0.1    0.110  2.0908  0.0326  0.93  15.1  0.1735  0.0056 
8     89.22%     90.25%     1.0%   exploit   1.4754   0.01   0.095  2.2930  0.0733  1.05  15.0  0.1969  0.0228 
9     89.04%     90.11%     1.1%   exploit   1.3295   0.01   0.042  3.1951  0.0246  0.95  8.8   0.1131  0.0045 
10    88.80%     90.29%     1.5%   exploit   0.8096   0.01   0.065  1.3556  0.0417  1.04  5.0   0.0814  0.0046 

📊 PARAMETER TRENDS (top 10 vs all):
      inp_scaling: top10=2.1886±1.5047  all=1.5393±1.3772
               dt: top10=0.1030±0.0503  all=0.0937±0.0526
            gamma: top10=3.0849±1.2477  all=2.7547±1.4720
          epsilon: top10=0.0900±0.0676  all=0.0983±0.0967
              rho: top10=0.9547±0.0906  all=0.9558±0.0812
       tau_filter: top10=14.1179±7.4644  all=20.1790±16.5930
        theta_lif: top10=0.1322±0.0713  all=0.0800±0.0635
         theta_rf: top10=0.0143±0.0187  all=0.0148±0.0176

📊 REGULARIZATION (C) BREAKDOWN:
  C=0.001  : n=7, test=86.29±4.14%, gap=0.3%
  C=0.01   : n=14, test=83.63±7.96%, gap=1.7%
  C=0.1    : n=12, test=82.50±6.09%, gap=3.2%
  C=10.0   : n=1, test=74.07±0.00%, gap=4.2%
slurmstepd: error: Detected 541 oom-kill event(s) in StepId=12348856.0. Some of your processes may have been killed by the cgroup out-of-memory handler.
srun: error: insy16: task 0: Out Of Memory
srun: launch/slurm: _step_signal: Terminating StepId=12348856.0
slurmstepd: error: Detected 541 oom-kill event(s) in StepId=12348856.batch. Some of your processes may have been killed by the cgroup out-of-memory handler.
