
🔍 Config 1/50: inp=0.0127 dt=0.017 γ=0.029±0.87 ε=0.0131±0.174 ρ=0.55 θlif=0.0180 θrf=0.4185 τ=8.4 C=0.1
⏰ Config 1 seed 0 TIMEOUT (>900s)

🔍 Config 2/50: inp=0.1830 dt=0.029 γ=0.025±0.26 ε=0.8121±0.904 ρ=0.74 θlif=0.0327 θrf=0.4268 τ=74.4 C=10.0
⏰ Config 2 seed 0 TIMEOUT (>900s)

🔍 Config 3/50: inp=0.2523 dt=0.152 γ=0.810±0.12 ε=0.0143±0.409 ρ=0.67 θlif=0.0176 θrf=0.0019 τ=45.4 C=0.01
   ✅ Test: 22.56±0.49%  Train: 27.94%  Gap: 5.4%

🔍 Config 4/50: inp=0.1579 dt=0.039 γ=0.380±0.59 ε=0.0428±0.463 ρ=0.69 θlif=0.2232 θrf=0.0015 τ=57.6 C=1.0
⏰ Config 4 seed 0 TIMEOUT (>900s)

🔍 Config 5/50: inp=0.0013 dt=0.028 γ=0.082±1.09 ε=0.0869±0.735 ρ=1.28 θlif=0.1916 θrf=0.0017 τ=48.5 C=0.001
   ✅ Test: 10.00±0.00%  Train: 10.05%  Gap: 0.0%

🔍 Config 6/50: inp=0.0010 dt=0.017 γ=0.014±1.53 ε=0.5839±0.234 ρ=1.31 θlif=0.5212 θrf=0.1150 τ=32.8 C=10.0
   ✅ Test: 10.00±0.00%  Train: 10.04%  Gap: 0.0%

🔍 Config 7/50: inp=0.0095 dt=0.017 γ=0.279±1.89 ε=0.0276±0.854 ρ=0.68 θlif=0.0292 θrf=0.1765 τ=22.4 C=0.01
   ✅ Test: 27.99±0.35%  Train: 31.82%  Gap: 3.8%

🔍 Config 8/50: inp=0.0744 dt=0.140 γ=0.983±1.73 ε=0.7147±0.269 ρ=1.22 θlif=0.5364 θrf=0.0105 τ=6.9 C=1.0
   ✅ Test: 10.35±0.56%  Train: 17.84%  Gap: 7.5%

🔍 Config 9/50: inp=0.0078 dt=0.088 γ=0.060±0.80 ε=0.0129±0.138 ρ=1.38 θlif=0.6503 θrf=0.0166 τ=24.9 C=0.1
   ✅ Test: 15.33±0.13%  Train: 19.65%  Gap: 4.3%

🔍 Config 10/50: inp=0.3472 dt=0.082 γ=0.032±0.90 ε=0.2762±0.194 ρ=1.11 θlif=0.0184 θrf=0.0207 τ=35.9 C=1.0
⏰ Config 10 seed 0 TIMEOUT (>900s)

🔍 Config 11/50: inp=0.0126 dt=0.133 γ=0.015±0.59 ε=1.8719±0.744 ρ=1.08 θlif=0.0161 θrf=0.4424 τ=5.8 C=1.0
   ✅ Test: 21.86±0.58%  Train: 28.07%  Gap: 6.2%

🔍 Config 12/50: inp=0.0010 dt=0.033 γ=0.074±0.20 ε=0.5287±0.037 ρ=0.78 θlif=0.0164 θrf=0.0288 τ=32.8 C=0.001
   ✅ Test: 17.53±0.31%  Train: 20.98%  Gap: 3.4%

🔍 Config 13/50: inp=0.0130 dt=0.012 γ=0.120±1.68 ε=0.1167±0.184 ρ=0.63 θlif=0.0142 θrf=0.1360 τ=9.6 C=0.1
⏰ Config 13 seed 1 TIMEOUT (>900s)

🔍 Config 14/50: inp=0.0069 dt=0.039 γ=0.384±1.82 ε=0.0323±0.671 ρ=1.11 θlif=0.4417 θrf=0.0117 τ=9.5 C=0.001
   ✅ Test: 10.05±0.02%  Train: 10.12%  Gap: 0.1%

🔍 Config 15/50: inp=0.0018 dt=0.064 γ=0.088±0.79 ε=0.2293±0.025 ρ=1.25 θlif=0.0231 θrf=0.0106 τ=19.6 C=0.1
   ✅ Test: 18.58±0.08%  Train: 25.41%  Gap: 6.8%

🔍 Config 16/50: inp=0.0033 dt=0.141 γ=1.881±1.62 ε=0.9176±0.163 ρ=0.95 θlif=0.6826 θrf=0.0034 τ=40.1 C=0.01
   ✅ Test: 10.12±0.03%  Train: 10.21%  Gap: 0.1%

🔍 Config 17/50: inp=0.0038 dt=0.127 γ=1.044±1.00 ε=0.0279±0.721 ρ=0.66 θlif=0.0278 θrf=0.1497 τ=13.5 C=0.1
   ✅ Test: 20.17±0.42%  Train: 27.29%  Gap: 7.1%

🔍 Config 18/50: inp=0.0539 dt=0.026 γ=0.470±1.88 ε=0.0169±0.541 ρ=1.10 θlif=0.8958 θrf=0.0106 τ=36.0 C=0.01
   ✅ Test: 23.91±0.47%  Train: 29.19%  Gap: 5.3%

🔍 Config 19/50: inp=0.0012 dt=0.012 γ=1.351±0.11 ε=1.6110±0.999 ρ=0.88 θlif=0.0390 θrf=0.0012 τ=33.0 C=1.0
   ✅ Test: 10.00±0.00%  Train: 10.05%  Gap: 0.0%

🔍 Config 20/50: inp=0.0043 dt=0.031 γ=0.171±0.72 ε=0.0964±0.472 ρ=1.46 θlif=0.5846 θrf=0.0014 τ=11.4 C=0.01
   ✅ Test: 10.00±0.00%  Train: 10.06%  Gap: 0.1%

🔍 Config 21/50: inp=0.0071 dt=0.035 γ=0.726±1.66 ε=0.4280±0.040 ρ=0.52 θlif=0.0301 θrf=0.0597 τ=18.5 C=10.0
⏰ Config 21 seed 0 TIMEOUT (>900s)

🔍 Config 22/50: inp=0.0030 dt=0.140 γ=0.012±0.72 ε=0.0191±0.457 ρ=1.48 θlif=0.1270 θrf=0.0119 τ=12.0 C=10.0
❌ Config 22 seed 0 FAILED
     File "/home/nfs/amicheli/.local/lib/python3.7/site-packages/sklearn/utils/validation.py", line 116, in _assert_all_finite
       type_err, msg_dtype if msg_dtype is not None else X.dtype
   ValueError: Input contains infinity or a value too large for dtype('float32').

🔍 Config 23/50: inp=0.0020 dt=0.043 γ=0.132±0.55 ε=0.7105±0.897 ρ=0.50 θlif=0.4129 θrf=0.0242 τ=37.6 C=10.0
   ✅ Test: 10.00±0.00%  Train: 10.05%  Gap: 0.1%

🔍 Config 24/50: inp=0.2714 dt=0.010 γ=0.236±1.59 ε=0.4089±0.864 ρ=1.47 θlif=0.0111 θrf=0.0047 τ=71.7 C=10.0
⏰ Config 24 seed 0 TIMEOUT (>900s)

🔍 Config 25/50: inp=0.0016 dt=0.025 γ=0.325±1.30 ε=0.8191±0.765 ρ=0.99 θlif=0.1863 θrf=0.0059 τ=7.9 C=0.1
   ✅ Test: 10.00±0.00%  Train: 10.06%  Gap: 0.1%

🔍 Config 26/50: inp=0.0208 dt=0.135 γ=1.388±0.95 ε=0.1349±0.365 ρ=1.36 θlif=0.0364 θrf=0.0073 τ=30.6 C=1.0
   ✅ Test: 18.70±0.31%  Train: 25.18%  Gap: 6.5%

🔍 Config 27/50: inp=0.2798 dt=0.089 γ=1.684±1.62 ε=0.0413±0.268 ρ=0.51 θlif=0.1069 θrf=0.0396 τ=26.3 C=0.1
   ✅ Test: 22.99±0.24%  Train: 29.79%  Gap: 6.8%

🔍 Config 28/50: inp=0.0040 dt=0.144 γ=0.014±0.92 ε=0.0225±0.145 ρ=1.22 θlif=0.3714 θrf=0.0290 τ=28.4 C=0.001
❌ Config 28 seed 0 FAILED
     File "/home/nfs/amicheli/.local/lib/python3.7/site-packages/sklearn/utils/validation.py", line 116, in _assert_all_finite
       type_err, msg_dtype if msg_dtype is not None else X.dtype
   ValueError: Input contains infinity or a value too large for dtype('float32').

🔍 Config 29/50: inp=0.0954 dt=0.012 γ=0.016±1.79 ε=0.1975±0.021 ρ=0.64 θlif=0.3718 θrf=0.3704 τ=21.9 C=1.0
⏰ Config 29 seed 0 TIMEOUT (>900s)

🔍 Config 30/50: inp=0.0357 dt=0.011 γ=0.050±1.66 ε=0.3350±0.778 ρ=0.76 θlif=0.1851 θrf=0.0333 τ=13.3 C=1.0
⏰ Config 30 seed 0 TIMEOUT (>900s)

🔍 Config 31/50: inp=0.0111 dt=0.125 γ=0.017±1.90 ε=0.0249±0.195 ρ=1.42 θlif=0.4942 θrf=0.0046 τ=6.8 C=0.01
❌ Config 31 seed 0 FAILED
     File "/home/nfs/amicheli/.local/lib/python3.7/site-packages/sklearn/utils/validation.py", line 116, in _assert_all_finite
       type_err, msg_dtype if msg_dtype is not None else X.dtype
   ValueError: Input contains infinity or a value too large for dtype('float32').

🔍 Config 32/50: inp=0.1036 dt=0.019 γ=0.077±1.60 ε=0.0295±0.377 ρ=0.60 θlif=0.6934 θrf=0.0071 τ=14.2 C=0.1
   ✅ Test: 27.05±0.27%  Train: 32.63%  Gap: 5.6%

🔍 Config 33/50: inp=0.0114 dt=0.189 γ=0.035±1.28 ε=0.7787±0.990 ρ=0.86 θlif=0.0344 θrf=0.0438 τ=85.0 C=0.1
❌ Config 33 seed 0 FAILED
     File "/home/nfs/amicheli/.local/lib/python3.7/site-packages/sklearn/utils/validation.py", line 116, in _assert_all_finite
       type_err, msg_dtype if msg_dtype is not None else X.dtype
   ValueError: Input contains infinity or a value too large for dtype('float32').

🔍 Config 34/50: inp=0.0037 dt=0.164 γ=0.031±1.80 ε=0.0150±0.218 ρ=0.73 θlif=0.0134 θrf=0.0459 τ=9.0 C=10.0
❌ Config 34 seed 0 FAILED
     File "/home/nfs/amicheli/.local/lib/python3.7/site-packages/sklearn/utils/validation.py", line 116, in _assert_all_finite
       type_err, msg_dtype if msg_dtype is not None else X.dtype
   ValueError: Input contains infinity or a value too large for dtype('float32').

🔍 Config 35/50: inp=0.0054 dt=0.037 γ=0.014±0.39 ε=0.3455±0.631 ρ=0.69 θlif=0.0156 θrf=0.0304 τ=31.7 C=0.001
   ✅ Test: 25.65±0.95%  Train: 28.44%  Gap: 2.8%

🔍 Config 36/50: inp=0.0579 dt=0.099 γ=0.040±0.67 ε=0.1167±0.361 ρ=1.34 θlif=0.4223 θrf=0.4205 τ=35.6 C=1.0
⏰ Config 36 seed 0 TIMEOUT (>900s)

🔍 Config 37/50: inp=0.3681 dt=0.136 γ=0.077±0.99 ε=0.4261±0.056 ρ=1.27 θlif=0.0592 θrf=0.0158 τ=7.9 C=0.001
   ✅ Test: 22.18±0.07%  Train: 24.80%  Gap: 2.6%

🔍 Config 38/50: inp=0.0736 dt=0.083 γ=0.028±0.16 ε=0.3567±0.712 ρ=1.06 θlif=0.0264 θrf=0.1590 τ=6.4 C=0.1
   ✅ Test: 27.08±0.77%  Train: 32.66%  Gap: 5.6%

🔍 Config 39/50: inp=0.0018 dt=0.188 γ=0.490±0.87 ε=0.0706±0.835 ρ=1.23 θlif=0.1854 θrf=0.0496 τ=6.7 C=10.0
   ✅ Test: 19.02±0.45%  Train: 25.63%  Gap: 6.6%

🔍 Config 40/50: inp=0.0138 dt=0.038 γ=0.022±0.81 ε=0.2437±0.302 ρ=0.52 θlif=0.0301 θrf=0.2086 τ=5.6 C=0.01
   ✅ Test: 31.31±0.27%  Train: 34.07%  Gap: 2.8%

🔍 Config 41/50: inp=0.0025 dt=0.055 γ=0.062±1.61 ε=0.0667±0.668 ρ=1.37 θlif=0.2904 θrf=0.0031 τ=25.5 C=0.01
   ✅ Test: 10.00±0.00%  Train: 10.05%  Gap: 0.0%

🔍 Config 42/50: inp=0.2235 dt=0.154 γ=0.336±1.73 ε=0.2074±0.871 ρ=1.43 θlif=0.0650 θrf=0.0080 τ=6.5 C=10.0
❌ Config 42 seed 0 FAILED
     File "/home/nfs/amicheli/.local/lib/python3.7/site-packages/sklearn/utils/validation.py", line 116, in _assert_all_finite
       type_err, msg_dtype if msg_dtype is not None else X.dtype
   ValueError: Input contains infinity or a value too large for dtype('float32').

🔍 Config 43/50: inp=0.0341 dt=0.166 γ=0.237±0.80 ε=1.3517±0.377 ρ=1.37 θlif=0.5107 θrf=0.0165 τ=54.2 C=1.0
   ✅ Test: 22.35±0.63%  Train: 28.96%  Gap: 6.6%

🔍 Config 44/50: inp=0.0759 dt=0.018 γ=0.052±1.10 ε=1.3009±0.283 ρ=0.94 θlif=0.6624 θrf=0.0224 τ=30.2 C=0.01
   ✅ Test: 25.16±0.25%  Train: 28.99%  Gap: 3.8%

🔍 Config 45/50: inp=0.0059 dt=0.070 γ=0.733±0.20 ε=0.0403±0.813 ρ=0.76 θlif=0.0870 θrf=0.0940 τ=86.5 C=0.001
   ✅ Test: 26.10±0.20%  Train: 28.58%  Gap: 2.5%

🔍 Config 46/50: inp=0.0500 dt=0.117 γ=0.013±0.58 ε=0.0101±0.983 ρ=1.42 θlif=0.0204 θrf=0.0105 τ=17.2 C=0.001
❌ Config 46 seed 0 FAILED
     File "/home/nfs/amicheli/.local/lib/python3.7/site-packages/sklearn/utils/validation.py", line 116, in _assert_all_finite
       type_err, msg_dtype if msg_dtype is not None else X.dtype
   ValueError: Input contains infinity or a value too large for dtype('float32').

🔍 Config 47/50: inp=0.3266 dt=0.051 γ=0.576±1.22 ε=1.4689±0.334 ρ=0.77 θlif=0.1865 θrf=0.0033 τ=14.0 C=10.0
⏰ Config 47 seed 0 TIMEOUT (>900s)

🔍 Config 48/50: inp=0.0027 dt=0.090 γ=0.306±0.66 ε=0.0332±0.554 ρ=1.01 θlif=0.0424 θrf=0.0934 τ=10.6 C=1.0
   ✅ Test: 18.00±0.31%  Train: 24.91%  Gap: 6.9%

🔍 Config 49/50: inp=0.0020 dt=0.103 γ=0.013±0.51 ε=0.0384±0.248 ρ=1.33 θlif=0.1787 θrf=0.0034 τ=66.7 C=0.1
   ✅ Test: 16.25±0.31%  Train: 20.76%  Gap: 4.5%

🔍 Config 50/50: inp=0.0078 dt=0.069 γ=0.153±0.81 ε=0.0136±0.343 ρ=0.78 θlif=0.0152 θrf=0.0029 τ=11.0 C=0.1
   ✅ Test: 22.79±0.27%  Train: 29.49%  Gap: 6.7%

======================================================================
✅ Completed: 32/50 configs successful
❌ Failed:    18/50 configs
======================================================================

🏆 TOP 10 CONFIGURATIONS:
Rank  Test%          Train%     Gap      inp_scl   C       dt      gamma   eps      rho    τ       θlif     θrf    
--------------------------------------------------------------------------------------------------------------
1     31.31±0.27    34.1%     2.8%   0.0138   0.01   0.038  0.022  0.2437  0.52  5.6    0.0301  0.2086 
2     27.99±0.35    31.8%     3.8%   0.0095   0.01   0.017  0.279  0.0276  0.68  22.4   0.0292  0.1765 
3     27.08±0.77    32.7%     5.6%   0.0736   0.1    0.083  0.028  0.3567  1.06  6.4    0.0264  0.1590 
4     27.05±0.27    32.6%     5.6%   0.1036   0.1    0.019  0.077  0.0295  0.60  14.2   0.6934  0.0071 
5     26.10±0.20    28.6%     2.5%   0.0059   0.001  0.070  0.733  0.0403  0.76  86.5   0.0870  0.0940 
6     25.65±0.95    28.4%     2.8%   0.0054   0.001  0.037  0.014  0.3455  0.69  31.7   0.0156  0.0304 
7     25.16±0.25    29.0%     3.8%   0.0759   0.01   0.018  0.052  1.3009  0.94  30.2   0.6624  0.0224 
8     23.91±0.47    29.2%     5.3%   0.0539   0.01   0.026  0.470  0.0169  1.10  36.0   0.8958  0.0106 
9     22.99±0.24    29.8%     6.8%   0.2798   0.1    0.089  1.684  0.0413  0.51  26.3   0.1069  0.0396 
10    22.79±0.27    29.5%     6.7%   0.0078   0.1    0.069  0.153  0.0136  0.78  11.0   0.0152  0.0029 

📊 PARAMETER TRENDS (top 10 vs all):
      inp_scaling: top10=0.0629±0.0799  all=0.0449±0.0876
               dt: top10=0.0466±0.0269  all=0.0754±0.0512
            gamma: top10=0.3512±0.4970  all=0.4219±0.5225
          epsilon: top10=0.2416±0.3769  all=0.3998±0.5077
              rho: top10=0.7629±0.1993  all=1.0030±0.2949
       tau_filter: top10=27.0287±22.3119  all=26.3187±18.9903
        theta_lif: top10=0.2562±0.3298  all=0.2567±0.2672
         theta_rf: top10=0.0751±0.0745  all=0.0552±0.0901

📊 REGULARIZATION (C) BREAKDOWN:
  C=0.001  : n=6, test=18.59±6.67%, gap=1.9%
  C=0.01   : n=8, test=20.13±8.20%, gap=2.7%
  C=0.1    : n=9, test=20.03±5.32%, gap=5.3%
  C=1.0    : n=6, test=16.88±4.99%, gap=5.6%
  C=10.0   : n=3, test=13.01±4.25%, gap=2.2%
