Adiac phase 2 search (readout=final): 150 configs (120 exploit / 30 explore), seed=42
Reference best: {'dt': 0.097, 'gamma': 3.077, 'epsilon': 0.02, 'gamma_range': 3.28, 'epsilon_range': 0.2, 'inp_scaling': 9.87, 'rho': 0.87, 'theta_lif': 0.05, 'theta_rf': 0.005, 'tau_filter': 20.0}
======================================================================

🎯 Config 1/150 [exploit]: inp=19.6636 dt=0.058 γ=3.7215±3.29 ε=0.0661±0.475 ρ=0.67 θlif=0.1121 θrf=0.0220 τ=16.3 C=1.0
   ✅ Test: 47.44%  Train: 100.00%  Gap: 52.6%

🎯 Config 2/150 [exploit]: inp=4.0545 dt=0.024 γ=3.0123±2.63 ε=0.0144±0.706 ρ=0.78 θlif=0.0237 θrf=0.0312 τ=38.2 C=1.0
   ✅ Test: 45.38%  Train: 100.00%  Gap: 54.6%

🎯 Config 3/150 [exploit]: inp=7.9841 dt=0.047 γ=2.5265±3.79 ε=0.0090±0.165 ρ=1.01 θlif=0.1526 θrf=0.0124 τ=23.4 C=1.0
   ✅ Test: 44.10%  Train: 100.00%  Gap: 55.9%

🎯 Config 4/150 [exploit]: inp=13.4107 dt=0.042 γ=1.9165±3.77 ε=0.0133±0.326 ρ=0.97 θlif=0.1364 θrf=0.0013 τ=6.1 C=0.01
   ✅ Test: 38.46%  Train: 61.94%  Gap: 23.5%

🎯 Config 5/150 [exploit]: inp=8.5143 dt=0.067 γ=4.3506±4.79 ε=0.0059±0.217 ρ=0.99 θlif=0.0151 θrf=0.0025 τ=9.0 C=0.1
   ✅ Test: 44.36%  Train: 97.22%  Gap: 52.9%

🎯 Config 6/150 [exploit]: inp=16.4891 dt=0.041 γ=4.2063±3.06 ε=0.0110±0.106 ρ=0.64 θlif=0.0738 θrf=0.0138 τ=18.9 C=0.1
   ✅ Test: 45.13%  Train: 92.50%  Gap: 47.4%

🎯 Config 7/150 [exploit]: inp=3.4308 dt=0.040 γ=5.4498±1.57 ε=0.0184±0.768 ρ=0.66 θlif=0.0131 θrf=0.0058 τ=21.1 C=10.0
   ✅ Test: 46.67%  Train: 100.00%  Gap: 53.3%

🎯 Config 8/150 [exploit]: inp=14.2701 dt=0.028 γ=3.8954±4.40 ε=0.0366±0.200 ρ=0.64 θlif=0.0241 θrf=0.0011 τ=21.4 C=10.0
   ✅ Test: 46.15%  Train: 100.00%  Gap: 53.8%

🎯 Config 9/150 [exploit]: inp=6.5696 dt=0.272 γ=2.6625±1.38 ε=0.0211±0.357 ρ=0.69 θlif=0.1436 θrf=0.0023 τ=14.7 C=1.0
   ✅ Test: 53.08%  Train: 100.00%  Gap: 46.9%

🎯 Config 10/150 [exploit]: inp=4.2475 dt=0.080 γ=1.8159±2.36 ε=0.0260±0.482 ρ=1.02 θlif=0.1031 θrf=0.0182 τ=20.4 C=0.01
   ✅ Test: 35.90%  Train: 71.39%  Gap: 35.5%

   💾 Saved top-20 intermediate results (best so far: 53.08% [exploit])

🎯 Config 11/150 [exploit]: inp=5.2754 dt=0.126 γ=1.2091±2.49 ε=0.0152±0.132 ρ=0.96 θlif=0.1841 θrf=0.0090 τ=9.2 C=10.0
   ✅ Test: 48.97%  Train: 100.00%  Gap: 51.0%

🎯 Config 12/150 [exploit]: inp=24.8669 dt=0.114 γ=2.1964±2.24 ε=0.0052±0.775 ρ=0.84 θlif=0.0827 θrf=0.0046 τ=31.0 C=0.1
   ✅ Test: 51.79%  Train: 96.94%  Gap: 45.1%

🎯 Config 13/150 [exploit]: inp=3.1721 dt=0.075 γ=1.3467±3.97 ε=0.0871±0.722 ρ=0.60 θlif=0.0686 θrf=0.0149 τ=18.4 C=1.0
   ✅ Test: 45.90%  Train: 100.00%  Gap: 54.1%

🎯 Config 14/150 [exploit]: inp=6.8362 dt=0.028 γ=1.1560±2.37 ε=0.0134±0.524 ρ=0.97 θlif=0.0309 θrf=0.0240 τ=25.6 C=0.1
   ✅ Test: 42.05%  Train: 95.00%  Gap: 52.9%

🌐 Config 15/150 [explore]: inp=20.0895 dt=0.283 γ=1.1911±3.83 ε=0.0552±0.601 ρ=0.80 θlif=0.0148 θrf=0.0028 τ=12.0 C=0.1
   ✅ Test: 50.51%  Train: 99.72%  Gap: 49.2%

🎯 Config 16/150 [exploit]: inp=21.5131 dt=0.182 γ=1.9918±4.12 ε=0.0176±0.145 ρ=0.99 θlif=0.0171 θrf=0.0186 τ=40.8 C=0.01
   ✅ Test: 43.33%  Train: 74.44%  Gap: 31.1%

🎯 Config 17/150 [exploit]: inp=5.1259 dt=0.038 γ=3.7479±3.47 ε=0.0115±0.282 ρ=0.93 θlif=0.0426 θrf=0.0080 τ=5.5 C=0.1
   ✅ Test: 45.90%  Train: 95.83%  Gap: 49.9%

🎯 Config 18/150 [exploit]: inp=9.7033 dt=0.142 γ=2.2998±1.22 ε=0.0571±0.322 ρ=0.68 θlif=0.0245 θrf=0.0182 τ=5.7 C=0.1
   ✅ Test: 46.92%  Train: 98.89%  Gap: 52.0%

🎯 Config 19/150 [exploit]: inp=5.0386 dt=0.024 γ=2.1547±4.73 ε=0.0213±0.488 ρ=1.05 θlif=0.1532 θrf=0.0136 τ=15.2 C=0.01
   ✅ Test: 33.33%  Train: 72.50%  Gap: 39.2%

🎯 Config 20/150 [exploit]: inp=8.4910 dt=0.074 γ=1.3507±2.68 ε=0.0095±0.296 ρ=0.74 θlif=0.0263 θrf=0.0280 τ=19.7 C=0.01
   ✅ Test: 35.13%  Train: 65.00%  Gap: 29.9%

   💾 Saved top-20 intermediate results (best so far: 53.08% [exploit])

🎯 Config 21/150 [exploit]: inp=4.7831 dt=0.026 γ=2.3013±3.46 ε=0.0185±0.430 ρ=0.80 θlif=0.0392 θrf=0.0020 τ=27.5 C=0.1
   ✅ Test: 43.85%  Train: 97.22%  Gap: 53.4%

🎯 Config 22/150 [exploit]: inp=4.0491 dt=0.089 γ=1.7634±2.88 ε=0.0517±0.133 ρ=1.10 θlif=0.0296 θrf=0.0038 τ=7.8 C=1.0
   ✅ Test: 45.38%  Train: 100.00%  Gap: 54.6%

🎯 Config 23/150 [exploit]: inp=10.9155 dt=0.084 γ=4.4607±1.43 ε=0.0371±0.493 ρ=0.88 θlif=0.0605 θrf=0.0069 τ=9.1 C=1.0
   ✅ Test: 47.44%  Train: 100.00%  Gap: 52.6%

🎯 Config 24/150 [exploit]: inp=28.6755 dt=0.065 γ=4.4325±3.38 ε=0.0311±0.348 ρ=1.02 θlif=0.1459 θrf=0.0035 τ=25.9 C=0.1
   ✅ Test: 48.97%  Train: 95.00%  Gap: 46.0%

🎯 Config 25/150 [exploit]: inp=3.5274 dt=0.036 γ=2.0029±3.90 ε=0.0376±0.254 ρ=0.89 θlif=0.0196 θrf=0.0371 τ=19.8 C=0.1
   ✅ Test: 45.64%  Train: 95.00%  Gap: 49.4%

🌐 Config 26/150 [explore]: inp=6.8323 dt=0.024 γ=0.6184±5.07 ε=0.2073±0.728 ρ=0.84 θlif=0.5876 θrf=0.0078 τ=95.8 C=0.1
   ✅ Test: 30.00%  Train: 98.89%  Gap: 68.9%

🎯 Config 27/150 [exploit]: inp=11.6334 dt=0.261 γ=2.0690±3.98 ε=0.0170±0.562 ρ=1.01 θlif=0.0147 θrf=0.0075 τ=24.9 C=0.001
   ✅ Test: 35.64%  Train: 55.00%  Gap: 19.4%

🎯 Config 28/150 [exploit]: inp=5.6743 dt=0.206 γ=1.3833±1.98 ε=0.0640±0.107 ρ=0.66 θlif=0.0146 θrf=0.0068 τ=10.7 C=0.1
   ✅ Test: 47.69%  Train: 100.00%  Gap: 52.3%

🎯 Config 29/150 [exploit]: inp=7.9430 dt=0.072 γ=5.5305±1.98 ε=0.0062±0.560 ρ=1.06 θlif=0.0541 θrf=0.0193 τ=41.9 C=1.0
   ✅ Test: 49.74%  Train: 100.00%  Gap: 50.3%

🎯 Config 30/150 [exploit]: inp=11.0070 dt=0.021 γ=5.7958±2.84 ε=0.0376±0.229 ρ=0.64 θlif=0.0112 θrf=0.0038 τ=15.7 C=0.1
   ✅ Test: 47.95%  Train: 90.56%  Gap: 42.6%

   💾 Saved top-20 intermediate results (best so far: 53.08% [exploit])

🎯 Config 31/150 [exploit]: inp=19.3515 dt=0.240 γ=1.3751±4.90 ε=0.0242±0.241 ρ=0.80 θlif=0.0125 θrf=0.0123 τ=34.4 C=0.1
   ✅ Test: 51.79%  Train: 99.44%  Gap: 47.6%

🎯 Config 32/150 [exploit]: inp=5.7928 dt=0.033 γ=2.6926±4.64 ε=0.0136±0.564 ρ=0.84 θlif=0.1961 θrf=0.0024 τ=26.5 C=0.01
   ✅ Test: 32.05%  Train: 67.78%  Gap: 35.7%

🎯 Config 33/150 [exploit]: inp=14.6084 dt=0.059 γ=1.2383±5.00 ε=0.0946±0.159 ρ=0.86 θlif=0.0213 θrf=0.0011 τ=20.8 C=1.0
   ✅ Test: 50.77%  Train: 100.00%  Gap: 49.2%

🎯 Config 34/150 [exploit]: inp=13.0915 dt=0.033 γ=6.5329±1.51 ε=0.0078±0.223 ρ=0.77 θlif=0.0107 θrf=0.0050 τ=30.5 C=0.01
   ✅ Test: 36.15%  Train: 58.33%  Gap: 22.2%

🎯 Config 35/150 [exploit]: inp=9.6878 dt=0.064 γ=5.9886±1.09 ε=0.0100±0.081 ρ=0.72 θlif=0.0501 θrf=0.0219 τ=13.4 C=10.0
   ✅ Test: 46.67%  Train: 100.00%  Gap: 53.3%

🌐 Config 36/150 [explore]: inp=0.5227 dt=0.128 γ=0.7670±0.75 ε=0.2056±1.629 ρ=0.76 θlif=0.0361 θrf=0.0220 τ=4.7 C=0.001
   ✅ Test: 25.64%  Train: 55.00%  Gap: 29.4%

🎯 Config 37/150 [exploit]: inp=3.7460 dt=0.053 γ=6.7221±1.50 ε=0.0390±0.448 ρ=0.69 θlif=0.1588 θrf=0.0024 τ=12.0 C=0.01
   ✅ Test: 34.87%  Train: 71.94%  Gap: 37.1%

🎯 Config 38/150 [exploit]: inp=7.2247 dt=0.110 γ=1.2598±2.95 ε=0.0179±0.700 ρ=0.75 θlif=0.0174 θrf=0.0029 τ=9.2 C=0.1
   ✅ Test: 49.23%  Train: 97.22%  Gap: 48.0%

🎯 Config 39/150 [exploit]: inp=11.8366 dt=0.220 γ=2.8392±4.14 ε=0.0319±0.763 ρ=0.65 θlif=0.0653 θrf=0.0092 τ=7.0 C=0.1
   ✅ Test: 51.03%  Train: 100.00%  Gap: 49.0%

🎯 Config 40/150 [exploit]: inp=18.6568 dt=0.226 γ=1.8243±2.59 ε=0.0469±0.115 ρ=1.00 θlif=0.0639 θrf=0.0173 τ=30.9 C=0.1
   ✅ Test: 48.72%  Train: 99.72%  Gap: 51.0%

   💾 Saved top-20 intermediate results (best so far: 53.08% [exploit])

🎯 Config 41/150 [exploit]: inp=5.0454 dt=0.043 γ=2.1621±4.88 ε=0.0504±0.640 ρ=0.83 θlif=0.1781 θrf=0.0011 τ=38.6 C=1.0
   ✅ Test: 42.05%  Train: 100.00%  Gap: 57.9%

🌐 Config 42/150 [explore]: inp=23.7335 dt=0.012 γ=8.7295±3.71 ε=0.0114±0.819 ρ=1.15 θlif=0.6457 θrf=0.0044 τ=29.0 C=0.1
   ✅ Test: 28.72%  Train: 99.17%  Gap: 70.4%

🎯 Config 43/150 [exploit]: inp=4.4946 dt=0.114 γ=3.9690±1.03 ε=0.0094±0.363 ρ=0.87 θlif=0.0550 θrf=0.0028 τ=19.4 C=0.01
   ✅ Test: 37.95%  Train: 76.39%  Gap: 38.4%

🎯 Config 44/150 [exploit]: inp=12.8688 dt=0.100 γ=1.4063±2.44 ε=0.0455±0.487 ρ=0.90 θlif=0.0915 θrf=0.0263 τ=40.2 C=1.0
   ✅ Test: 48.21%  Train: 100.00%  Gap: 51.8%

🎯 Config 45/150 [exploit]: inp=25.7365 dt=0.032 γ=1.3169±2.47 ε=0.0159±0.660 ρ=1.07 θlif=0.0490 θrf=0.0013 τ=15.0 C=1.0
   ✅ Test: 44.10%  Train: 100.00%  Gap: 55.9%

🎯 Config 46/150 [exploit]: inp=28.1116 dt=0.021 γ=2.8011±4.59 ε=0.0063±0.772 ρ=0.77 θlif=0.0236 θrf=0.0043 τ=13.1 C=0.1
   ✅ Test: 43.85%  Train: 92.22%  Gap: 48.4%

🎯 Config 47/150 [exploit]: inp=23.6021 dt=0.136 γ=2.6385±1.38 ε=0.0270±0.097 ρ=0.91 θlif=0.0425 θrf=0.0087 τ=13.1 C=0.01
   ✅ Test: 40.51%  Train: 70.28%  Gap: 29.8%

🌐 Config 48/150 [explore]: inp=14.0672 dt=0.335 γ=2.8044±3.10 ε=0.0071±1.982 ρ=0.68 θlif=0.1483 θrf=0.0036 τ=2.1 C=0.1
   ✅ Test: 46.67%  Train: 100.00%  Gap: 53.3%

🌐 Config 49/150 [explore]: inp=6.8638 dt=0.058 γ=0.3876±1.51 ε=0.0279±0.982 ρ=1.18 θlif=0.0342 θrf=0.0027 τ=10.2 C=0.01
   ✅ Test: 37.69%  Train: 66.67%  Gap: 29.0%

🎯 Config 50/150 [exploit]: inp=12.2366 dt=0.022 γ=2.7194±3.81 ε=0.0178±0.776 ρ=0.88 θlif=0.0522 θrf=0.0295 τ=7.5 C=1.0
   ✅ Test: 43.08%  Train: 100.00%  Gap: 56.9%

   💾 Saved top-20 intermediate results (best so far: 53.08% [exploit])

🎯 Config 51/150 [exploit]: inp=3.5463 dt=0.271 γ=3.2386±1.70 ε=0.0067±0.133 ρ=0.72 θlif=0.0486 θrf=0.0038 τ=37.6 C=10.0
   ✅ Test: 44.62%  Train: 100.00%  Gap: 55.4%

🌐 Config 52/150 [explore]: inp=0.9298 dt=0.210 γ=2.3099±2.47 ε=0.0053±0.506 ρ=0.99 θlif=0.1167 θrf=0.0587 τ=4.5 C=10.0
   ✅ Test: 28.46%  Train: 100.00%  Gap: 71.5%

🎯 Config 53/150 [exploit]: inp=6.8269 dt=0.055 γ=3.5736±3.35 ε=0.0054±0.289 ρ=0.82 θlif=0.0235 θrf=0.0222 τ=41.4 C=1.0
   ✅ Test: 49.49%  Train: 100.00%  Gap: 50.5%

🌐 Config 54/150 [explore]: inp=14.7174 dt=0.008 γ=7.4960±1.40 ε=0.0026±0.424 ρ=1.16 θlif=0.2031 θrf=0.0909 τ=3.8 C=1.0
   ✅ Test: 29.23%  Train: 100.00%  Gap: 70.8%

🎯 Config 55/150 [exploit]: inp=4.7111 dt=0.251 γ=6.4583±1.70 ε=0.0161±0.613 ρ=0.64 θlif=0.1443 θrf=0.0176 τ=7.7 C=0.1
   ✅ Test: 46.41%  Train: 100.00%  Gap: 53.6%

🌐 Config 56/150 [explore]: inp=3.3974 dt=0.077 γ=0.5268±3.58 ε=0.0207±0.494 ρ=0.83 θlif=0.0061 θrf=0.0671 τ=1.1 C=1.0
   ✅ Test: 49.49%  Train: 100.00%  Gap: 50.5%

🎯 Config 57/150 [exploit]: inp=15.1695 dt=0.021 γ=6.6366±2.27 ε=0.0104±0.775 ρ=0.74 θlif=0.0315 θrf=0.0215 τ=8.7 C=1.0
   ✅ Test: 42.56%  Train: 100.00%  Gap: 57.4%

🌐 Config 58/150 [explore]: inp=9.0961 dt=0.450 γ=0.7239±4.06 ε=0.0170±0.344 ρ=0.36 θlif=0.0636 θrf=0.0039 τ=65.6 C=1.0
   ❌ FAILED
        File "/home/nfs/amicheli/.local/lib/python3.7/site-packages/sklearn/utils/validation.py", line 116, in _assert_all_finite
          type_err, msg_dtype if msg_dtype is not None else X.dtype
      ValueError: Input contains infinity or a value too large for dtype('float32').

🎯 Config 59/150 [exploit]: inp=6.1503 dt=0.224 γ=2.8331±1.77 ε=0.0335±0.149 ρ=0.79 θlif=0.0610 θrf=0.0465 τ=23.9 C=1.0
   ✅ Test: 48.21%  Train: 100.00%  Gap: 51.8%

🎯 Config 60/150 [exploit]: inp=28.8966 dt=0.028 γ=2.1477±3.61 ε=0.0923±0.315 ρ=0.70 θlif=0.1120 θrf=0.0054 τ=5.2 C=0.1
   ✅ Test: 44.62%  Train: 92.78%  Gap: 48.2%

   💾 Saved top-20 intermediate results (best so far: 53.08% [exploit])

🎯 Config 61/150 [exploit]: inp=3.4140 dt=0.027 γ=1.4649±3.55 ε=0.0443±0.118 ρ=0.65 θlif=0.0134 θrf=0.0398 τ=33.9 C=0.1
   ✅ Test: 43.59%  Train: 94.44%  Gap: 50.9%

🎯 Config 62/150 [exploit]: inp=3.7042 dt=0.145 γ=3.9256±4.21 ε=0.0071±0.181 ρ=0.90 θlif=0.0108 θrf=0.0127 τ=11.9 C=0.1
   ✅ Test: 44.36%  Train: 100.00%  Gap: 55.6%

🎯 Config 63/150 [exploit]: inp=25.8216 dt=0.126 γ=1.9758±4.90 ε=0.0165±0.699 ρ=1.07 θlif=0.1043 θrf=0.0038 τ=26.1 C=0.1
   ✅ Test: 51.79%  Train: 98.33%  Gap: 46.5%

🎯 Config 64/150 [exploit]: inp=4.2978 dt=0.295 γ=1.0965±3.74 ε=0.0053±0.794 ρ=1.07 θlif=0.0154 θrf=0.0118 τ=5.1 C=0.1
   ✅ Test: 45.90%  Train: 100.00%  Gap: 54.1%

🎯 Config 65/150 [exploit]: inp=22.0987 dt=0.222 γ=5.6300±2.66 ε=0.0567±0.143 ρ=0.95 θlif=0.0557 θrf=0.0018 τ=6.6 C=1.0
   ✅ Test: 48.72%  Train: 100.00%  Gap: 51.3%

🎯 Config 66/150 [exploit]: inp=6.8519 dt=0.270 γ=2.9280±1.38 ε=0.0825±0.533 ρ=0.72 θlif=0.0392 θrf=0.0012 τ=20.0 C=0.01
   ✅ Test: 42.05%  Train: 89.72%  Gap: 47.7%

🎯 Config 67/150 [exploit]: inp=14.5208 dt=0.046 γ=1.6230±2.55 ε=0.0150±0.323 ρ=1.08 θlif=0.0391 θrf=0.0162 τ=17.2 C=0.001
   ✅ Test: 26.41%  Train: 38.33%  Gap: 11.9%

🎯 Config 68/150 [exploit]: inp=6.7874 dt=0.087 γ=4.5354±4.79 ε=0.0415±0.747 ρ=0.99 θlif=0.0108 θrf=0.0014 τ=9.6 C=1.0
   ✅ Test: 48.46%  Train: 100.00%  Gap: 51.5%

🎯 Config 69/150 [exploit]: inp=8.5031 dt=0.090 γ=1.0605±2.24 ε=0.0054±0.167 ρ=0.83 θlif=0.0151 θrf=0.0046 τ=38.4 C=1.0
   ✅ Test: 49.49%  Train: 100.00%  Gap: 50.5%

🎯 Config 70/150 [exploit]: inp=11.2255 dt=0.077 γ=2.0000±2.03 ε=0.0982±0.633 ρ=1.05 θlif=0.1006 θrf=0.0076 τ=12.7 C=0.01
   ✅ Test: 36.92%  Train: 66.39%  Gap: 29.5%

   💾 Saved top-20 intermediate results (best so far: 53.08% [exploit])

🌐 Config 71/150 [explore]: inp=1.1185 dt=0.437 γ=3.0742±1.68 ε=0.0350±1.950 ρ=1.19 θlif=0.2901 θrf=0.0035 τ=8.8 C=1.0
   ✅ Test: 24.10%  Train: 100.00%  Gap: 75.9%

🎯 Config 72/150 [exploit]: inp=7.2941 dt=0.195 γ=2.0211±4.02 ε=0.0141±0.052 ρ=0.72 θlif=0.0751 θrf=0.0063 τ=11.6 C=0.1
   ✅ Test: 47.95%  Train: 100.00%  Gap: 52.1%

🎯 Config 73/150 [exploit]: inp=15.9678 dt=0.256 γ=6.4459±4.84 ε=0.0080±0.193 ρ=0.60 θlif=0.0370 θrf=0.0038 τ=28.2 C=1.0
   ✅ Test: 51.03%  Train: 100.00%  Gap: 49.0%

🎯 Config 74/150 [exploit]: inp=18.9653 dt=0.072 γ=2.2082±1.69 ε=0.0058±0.232 ρ=0.73 θlif=0.1153 θrf=0.0129 τ=15.3 C=1.0
   ✅ Test: 46.92%  Train: 100.00%  Gap: 53.1%

🎯 Config 75/150 [exploit]: inp=8.2453 dt=0.245 γ=3.8036±3.84 ε=0.0137±0.663 ρ=1.05 θlif=0.1948 θrf=0.0372 τ=6.9 C=0.1
   ✅ Test: 46.67%  Train: 100.00%  Gap: 53.3%

🎯 Config 76/150 [exploit]: inp=13.8021 dt=0.069 γ=1.3633±1.40 ε=0.0067±0.714 ρ=0.81 θlif=0.0117 θrf=0.0050 τ=14.6 C=1.0
   ✅ Test: 50.26%  Train: 100.00%  Gap: 49.7%

🌐 Config 77/150 [explore]: inp=2.7649 dt=0.005 γ=3.7161±0.95 ε=0.0140±1.325 ρ=0.58 θlif=0.4433 θrf=0.0046 τ=44.1 C=0.01
   ✅ Test: 19.49%  Train: 45.56%  Gap: 26.1%

🎯 Config 78/150 [exploit]: inp=3.4912 dt=0.061 γ=5.4786±2.52 ε=0.0071±0.710 ρ=0.96 θlif=0.1177 θrf=0.0015 τ=5.5 C=0.1
   ✅ Test: 45.90%  Train: 100.00%  Gap: 54.1%

🎯 Config 79/150 [exploit]: inp=15.4929 dt=0.051 γ=1.0260±3.17 ε=0.0088±0.526 ρ=0.82 θlif=0.0176 θrf=0.0249 τ=27.8 C=0.1
   ✅ Test: 48.72%  Train: 91.39%  Gap: 42.7%

🎯 Config 80/150 [exploit]: inp=26.1259 dt=0.148 γ=1.6244±2.68 ε=0.0079±0.731 ρ=0.76 θlif=0.1758 θrf=0.0252 τ=41.8 C=1.0
   ✅ Test: 50.00%  Train: 100.00%  Gap: 50.0%

   💾 Saved top-20 intermediate results (best so far: 53.08% [exploit])

🎯 Config 81/150 [exploit]: inp=21.3364 dt=0.021 γ=5.5291±2.02 ε=0.0304±0.216 ρ=1.00 θlif=0.0427 θrf=0.0195 τ=6.5 C=1.0
   ✅ Test: 45.64%  Train: 100.00%  Gap: 54.4%

🎯 Config 82/150 [exploit]: inp=4.9724 dt=0.075 γ=1.3823±4.40 ε=0.0295±0.656 ρ=0.65 θlif=0.1395 θrf=0.0021 τ=48.7 C=0.1
   ✅ Test: 47.18%  Train: 98.33%  Gap: 51.2%

🎯 Config 83/150 [exploit]: inp=5.9283 dt=0.079 γ=6.5310±4.64 ε=0.0462±0.509 ρ=1.01 θlif=0.1292 θrf=0.0016 τ=11.3 C=1.0
   ✅ Test: 48.46%  Train: 100.00%  Gap: 51.5%

🎯 Config 84/150 [exploit]: inp=14.1357 dt=0.068 γ=1.3575±4.55 ε=0.0509±0.654 ρ=0.73 θlif=0.0367 θrf=0.0423 τ=12.6 C=0.001
   ✅ Test: 24.10%  Train: 38.33%  Gap: 14.2%

🎯 Config 85/150 [exploit]: inp=27.4859 dt=0.183 γ=3.6554±1.36 ε=0.0182±0.472 ρ=1.01 θlif=0.0120 θrf=0.0132 τ=7.1 C=1.0
   ✅ Test: 48.21%  Train: 100.00%  Gap: 51.8%

🌐 Config 86/150 [explore]: inp=0.6887 dt=0.054 γ=0.5433±1.50 ε=0.0032±0.161 ρ=0.96 θlif=0.0075 θrf=0.0078 τ=60.3 C=0.1
   ✅ Test: 31.28%  Train: 100.00%  Gap: 68.7%

🌐 Config 87/150 [explore]: inp=9.1956 dt=0.269 γ=1.2891±1.11 ε=0.4415±0.852 ρ=1.23 θlif=0.0693 θrf=0.0304 τ=99.5 C=0.01
   ✅ Test: 34.87%  Train: 75.56%  Gap: 40.7%

🎯 Config 88/150 [exploit]: inp=4.0035 dt=0.120 γ=1.4896±2.48 ε=0.0262±0.705 ρ=0.82 θlif=0.0391 θrf=0.0367 τ=9.3 C=0.1
   ✅ Test: 48.21%  Train: 99.72%  Gap: 51.5%

🌐 Config 89/150 [explore]: inp=7.9711 dt=0.005 γ=1.5684±2.50 ε=0.0331±1.946 ρ=0.89 θlif=0.0116 θrf=0.0042 τ=8.5 C=1.0
   ✅ Test: 43.33%  Train: 100.00%  Gap: 56.7%

🎯 Config 90/150 [exploit]: inp=6.4723 dt=0.285 γ=1.0687±3.77 ε=0.0064±0.544 ρ=0.88 θlif=0.0682 θrf=0.0016 τ=7.0 C=0.001
   ✅ Test: 29.74%  Train: 46.67%  Gap: 16.9%

   💾 Saved top-20 intermediate results (best so far: 53.08% [exploit])

🌐 Config 91/150 [explore]: inp=1.6778 dt=0.015 γ=0.6582±3.79 ε=0.0032±0.657 ρ=0.84 θlif=0.3081 θrf=0.0083 τ=21.7 C=10.0
   ✅ Test: 23.08%  Train: 100.00%  Gap: 76.9%

🌐 Config 92/150 [explore]: inp=8.7852 dt=0.012 γ=2.4652±5.82 ε=0.0056±1.480 ρ=1.33 θlif=0.0141 θrf=0.0822 τ=22.0 C=0.01
   ✅ Test: 39.23%  Train: 63.06%  Gap: 23.8%

🎯 Config 93/150 [exploit]: inp=6.2131 dt=0.073 γ=1.1248±1.18 ε=0.0128±0.222 ρ=1.05 θlif=0.1776 θrf=0.0270 τ=10.9 C=1.0
   ✅ Test: 45.64%  Train: 100.00%  Gap: 54.4%

🎯 Config 94/150 [exploit]: inp=11.8192 dt=0.249 γ=2.8606±4.38 ε=0.0388±0.076 ρ=0.77 θlif=0.0487 θrf=0.0011 τ=6.8 C=10.0
   ✅ Test: 51.79%  Train: 100.00%  Gap: 48.2%

🎯 Config 95/150 [exploit]: inp=4.2228 dt=0.054 γ=1.1970±2.29 ε=0.0085±0.268 ρ=1.09 θlif=0.1858 θrf=0.0106 τ=8.0 C=1.0
   ✅ Test: 40.00%  Train: 100.00%  Gap: 60.0%

🎯 Config 96/150 [exploit]: inp=5.7566 dt=0.171 γ=2.9138±2.17 ε=0.0445±0.237 ρ=0.95 θlif=0.0207 θrf=0.0042 τ=32.9 C=0.01
   ✅ Test: 41.54%  Train: 82.78%  Gap: 41.2%

🌐 Config 97/150 [explore]: inp=13.8839 dt=0.206 γ=4.1211±0.68 ε=0.0050±1.896 ρ=0.53 θlif=0.0675 θrf=0.0014 τ=6.8 C=1.0
   ✅ Test: 50.77%  Train: 100.00%  Gap: 49.2%

🎯 Config 98/150 [exploit]: inp=12.1283 dt=0.114 γ=1.7879±2.65 ε=0.0313±0.135 ρ=0.80 θlif=0.0164 θrf=0.0097 τ=5.1 C=0.001
   ✅ Test: 28.21%  Train: 42.78%  Gap: 14.6%

🎯 Config 99/150 [exploit]: inp=20.4623 dt=0.065 γ=1.3542±4.86 ε=0.0127±0.466 ρ=0.81 θlif=0.0952 θrf=0.0361 τ=13.8 C=1.0
   ✅ Test: 49.74%  Train: 100.00%  Gap: 50.3%

🎯 Config 100/150 [exploit]: inp=5.6025 dt=0.023 γ=5.5763±2.14 ε=0.0062±0.088 ρ=0.75 θlif=0.1310 θrf=0.0280 τ=8.3 C=1.0
   ✅ Test: 37.18%  Train: 100.00%  Gap: 62.8%

   💾 Saved top-20 intermediate results (best so far: 53.08% [exploit])

🎯 Config 101/150 [exploit]: inp=14.6942 dt=0.026 γ=4.3229±2.62 ε=0.0383±0.314 ρ=1.08 θlif=0.0233 θrf=0.0284 τ=8.5 C=1.0
   ✅ Test: 45.90%  Train: 100.00%  Gap: 54.1%

🎯 Config 102/150 [exploit]: inp=7.5168 dt=0.079 γ=1.7991±3.45 ε=0.0909±0.771 ρ=1.09 θlif=0.0362 θrf=0.0374 τ=7.7 C=0.1
   ✅ Test: 50.77%  Train: 96.67%  Gap: 45.9%

🎯 Config 103/150 [exploit]: inp=8.7259 dt=0.029 γ=1.9951±1.90 ε=0.0050±0.718 ρ=1.06 θlif=0.0364 θrf=0.0089 τ=20.9 C=1.0
   ✅ Test: 45.64%  Train: 100.00%  Gap: 54.4%

🎯 Config 104/150 [exploit]: inp=17.2582 dt=0.184 γ=2.7503±2.56 ε=0.0325±0.553 ρ=0.93 θlif=0.1765 θrf=0.0058 τ=11.4 C=0.1
   ✅ Test: 46.67%  Train: 99.44%  Gap: 52.8%

🌐 Config 105/150 [explore]: inp=0.6370 dt=0.198 γ=9.2385±2.19 ε=0.2093±0.513 ρ=0.85 θlif=0.4686 θrf=0.0185 τ=16.9 C=0.1
   ✅ Test: 10.00%  Train: 100.00%  Gap: 90.0%

🎯 Config 106/150 [exploit]: inp=28.4035 dt=0.030 γ=6.7354±2.98 ε=0.0106±0.161 ρ=0.79 θlif=0.0672 θrf=0.0154 τ=6.9 C=0.1
   ✅ Test: 45.13%  Train: 88.33%  Gap: 43.2%

🌐 Config 107/150 [explore]: inp=9.0905 dt=0.059 γ=9.2077±0.48 ε=0.3246±0.840 ρ=0.37 θlif=0.0881 θrf=0.0028 τ=73.3 C=0.1
   ✅ Test: 41.03%  Train: 96.94%  Gap: 55.9%

🌐 Config 108/150 [explore]: inp=9.9335 dt=0.020 γ=0.7584±0.97 ε=0.0070±0.520 ρ=0.85 θlif=0.5053 θrf=0.0020 τ=1.6 C=0.1
   ✅ Test: 27.18%  Train: 99.72%  Gap: 72.5%

🎯 Config 109/150 [exploit]: inp=10.6960 dt=0.036 γ=3.7023±1.95 ε=0.0053±0.240 ρ=0.96 θlif=0.0727 θrf=0.0274 τ=19.6 C=10.0
   ✅ Test: 47.18%  Train: 100.00%  Gap: 52.8%

🌐 Config 110/150 [explore]: inp=0.5336 dt=0.010 γ=1.4078±0.10 ε=0.0056±1.252 ρ=1.27 θlif=0.4070 θrf=0.0007 τ=1.3 C=0.1
   ✅ Test: 22.82%  Train: 64.44%  Gap: 41.6%

   💾 Saved top-20 intermediate results (best so far: 53.08% [exploit])

🌐 Config 111/150 [explore]: inp=0.7968 dt=0.101 γ=3.0860±3.91 ε=0.0760±1.202 ρ=0.86 θlif=0.7097 θrf=0.0010 τ=1.1 C=1.0
   ✅ Test: 31.54%  Train: 100.00%  Gap: 68.5%

🎯 Config 112/150 [exploit]: inp=9.6845 dt=0.079 γ=2.6390±2.60 ε=0.0299±0.767 ρ=0.93 θlif=0.0124 θrf=0.0032 τ=17.3 C=0.1
   ✅ Test: 50.00%  Train: 97.22%  Gap: 47.2%

🎯 Config 113/150 [exploit]: inp=16.3574 dt=0.182 γ=6.6855±1.74 ε=0.0830±0.550 ρ=0.82 θlif=0.0172 θrf=0.0214 τ=10.2 C=0.01
   ✅ Test: 42.05%  Train: 85.28%  Gap: 43.2%

🎯 Config 114/150 [exploit]: inp=8.5102 dt=0.101 γ=1.3393±4.89 ε=0.0287±0.728 ρ=0.73 θlif=0.0270 θrf=0.0039 τ=32.1 C=0.1
   ✅ Test: 51.54%  Train: 96.67%  Gap: 45.1%

🎯 Config 115/150 [exploit]: inp=16.3546 dt=0.170 γ=3.8498±3.33 ε=0.0243±0.444 ρ=0.80 θlif=0.0362 θrf=0.0126 τ=17.9 C=0.01
   ✅ Test: 42.05%  Train: 77.78%  Gap: 35.7%

🎯 Config 116/150 [exploit]: inp=10.5207 dt=0.171 γ=1.3328±1.76 ε=0.0553±0.494 ρ=0.63 θlif=0.0812 θrf=0.0012 τ=12.4 C=10.0
   ✅ Test: 51.54%  Train: 100.00%  Gap: 48.5%

🎯 Config 117/150 [exploit]: inp=25.2478 dt=0.300 γ=1.1772±4.29 ε=0.0053±0.677 ρ=0.80 θlif=0.0153 θrf=0.0027 τ=18.9 C=1.0
   ✅ Test: 50.77%  Train: 100.00%  Gap: 49.2%

🎯 Config 118/150 [exploit]: inp=6.1872 dt=0.144 γ=2.7802±2.04 ε=0.0913±0.494 ρ=1.09 θlif=0.1662 θrf=0.0238 τ=14.5 C=0.1
   ✅ Test: 44.62%  Train: 100.00%  Gap: 55.4%

🎯 Config 119/150 [exploit]: inp=3.0178 dt=0.109 γ=6.5725±3.09 ε=0.0287±0.309 ρ=0.92 θlif=0.0212 θrf=0.0214 τ=27.3 C=0.1
   ✅ Test: 44.87%  Train: 100.00%  Gap: 55.1%

🌐 Config 120/150 [explore]: inp=1.0697 dt=0.141 γ=9.3819±4.94 ε=0.0211±1.738 ρ=1.45 θlif=0.0055 θrf=0.0077 τ=8.8 C=0.1
   ✅ Test: 28.46%  Train: 100.00%  Gap: 71.5%

   💾 Saved top-20 intermediate results (best so far: 53.08% [exploit])

🎯 Config 121/150 [exploit]: inp=19.1395 dt=0.057 γ=1.9413±4.52 ε=0.0220±0.775 ρ=0.77 θlif=0.0716 θrf=0.0152 τ=6.7 C=0.1
   ✅ Test: 45.64%  Train: 95.28%  Gap: 49.6%

🎯 Config 122/150 [exploit]: inp=12.7754 dt=0.067 γ=1.9575±3.67 ε=0.0053±0.101 ρ=1.01 θlif=0.0151 θrf=0.0017 τ=10.2 C=0.1
   ✅ Test: 50.26%  Train: 93.61%  Gap: 43.4%

🎯 Config 123/150 [exploit]: inp=13.5909 dt=0.040 γ=1.3567±3.61 ε=0.0616±0.054 ρ=0.61 θlif=0.0341 θrf=0.0039 τ=15.0 C=0.1
   ✅ Test: 45.13%  Train: 93.06%  Gap: 47.9%

🎯 Config 124/150 [exploit]: inp=22.5623 dt=0.041 γ=3.8619±3.63 ε=0.0076±0.778 ρ=0.66 θlif=0.0520 θrf=0.0093 τ=15.9 C=0.01
   ✅ Test: 34.87%  Train: 63.06%  Gap: 28.2%

🎯 Config 125/150 [exploit]: inp=20.4312 dt=0.027 γ=3.9666±4.85 ε=0.0289±0.314 ρ=0.71 θlif=0.0235 θrf=0.0030 τ=15.6 C=1.0
   ✅ Test: 44.62%  Train: 100.00%  Gap: 55.4%

🎯 Config 126/150 [exploit]: inp=17.8303 dt=0.136 γ=1.0058±2.81 ε=0.0151±0.071 ρ=0.74 θlif=0.0686 θrf=0.0266 τ=9.1 C=0.01
   ✅ Test: 42.82%  Train: 69.72%  Gap: 26.9%

🎯 Config 127/150 [exploit]: inp=3.1117 dt=0.030 γ=5.6199±2.96 ε=0.0551±0.451 ρ=0.70 θlif=0.0148 θrf=0.0356 τ=49.4 C=0.1
   ✅ Test: 47.69%  Train: 95.00%  Gap: 47.3%

🌐 Config 128/150 [explore]: inp=26.9059 dt=0.021 γ=2.2631±0.89 ε=0.0149±0.062 ρ=1.04 θlif=0.0059 θrf=0.0050 τ=3.3 C=0.1
   ✅ Test: 43.59%  Train: 90.83%  Gap: 47.2%

🎯 Config 129/150 [exploit]: inp=5.6749 dt=0.029 γ=4.3910±2.15 ε=0.0173±0.756 ρ=0.65 θlif=0.0293 θrf=0.0054 τ=31.0 C=0.001
   ✅ Test: 22.56%  Train: 31.11%  Gap: 8.5%

🌐 Config 130/150 [explore]: inp=26.6746 dt=0.007 γ=0.8705±4.91 ε=0.0018±1.011 ρ=0.94 θlif=0.0246 θrf=0.0614 τ=39.8 C=0.1
   ✅ Test: 41.03%  Train: 89.17%  Gap: 48.1%

   💾 Saved top-20 intermediate results (best so far: 53.08% [exploit])

🎯 Config 131/150 [exploit]: inp=6.9184 dt=0.130 γ=3.2960±2.58 ε=0.0378±0.238 ρ=1.06 θlif=0.0427 θrf=0.0013 τ=10.0 C=0.1
   ✅ Test: 46.67%  Train: 100.00%  Gap: 53.3%

🎯 Config 132/150 [exploit]: inp=13.3652 dt=0.041 γ=4.9627±2.27 ε=0.0440±0.453 ρ=0.94 θlif=0.0438 θrf=0.0125 τ=6.3 C=0.1
   ✅ Test: 45.13%  Train: 92.78%  Gap: 47.6%

🎯 Config 133/150 [exploit]: inp=3.3121 dt=0.041 γ=1.2248±1.53 ε=0.0086±0.546 ρ=0.84 θlif=0.0390 θrf=0.0079 τ=22.3 C=0.1
   ✅ Test: 41.79%  Train: 97.50%  Gap: 55.7%

🎯 Config 134/150 [exploit]: inp=6.6825 dt=0.077 γ=1.6384±2.77 ε=0.0244±0.596 ρ=0.73 θlif=0.0173 θrf=0.0068 τ=46.0 C=0.1
   ✅ Test: 46.67%  Train: 97.50%  Gap: 50.8%

🎯 Config 135/150 [exploit]: inp=21.0718 dt=0.045 γ=5.8805±3.54 ε=0.0783±0.408 ρ=0.84 θlif=0.0270 θrf=0.0086 τ=14.3 C=0.1
   ✅ Test: 44.10%  Train: 95.00%  Gap: 50.9%

🎯 Config 136/150 [exploit]: inp=8.7563 dt=0.164 γ=2.9785±1.19 ε=0.0962±0.588 ρ=0.60 θlif=0.1191 θrf=0.0031 τ=8.9 C=10.0
   ✅ Test: 49.23%  Train: 100.00%  Gap: 50.8%

🎯 Config 137/150 [exploit]: inp=18.0707 dt=0.137 γ=1.7345±1.82 ε=0.0231±0.663 ρ=0.76 θlif=0.0748 θrf=0.0010 τ=32.4 C=0.01
   ✅ Test: 40.00%  Train: 70.28%  Gap: 30.3%

🎯 Config 138/150 [exploit]: inp=4.2873 dt=0.081 γ=5.7722±4.07 ε=0.0350±0.065 ρ=0.81 θlif=0.0406 θrf=0.0415 τ=23.3 C=10.0
   ✅ Test: 49.74%  Train: 100.00%  Gap: 50.3%

🎯 Config 139/150 [exploit]: inp=4.8526 dt=0.031 γ=6.4633±4.23 ε=0.0050±0.271 ρ=0.87 θlif=0.0131 θrf=0.0078 τ=43.8 C=0.01
   ✅ Test: 34.36%  Train: 61.67%  Gap: 27.3%

🎯 Config 140/150 [exploit]: inp=13.0135 dt=0.221 γ=1.3770±3.60 ε=0.0198±0.203 ρ=0.81 θlif=0.0229 θrf=0.0152 τ=13.5 C=0.1
   ✅ Test: 54.10%  Train: 99.72%  Gap: 45.6%

   💾 Saved top-20 intermediate results (best so far: 54.10% [exploit])

🌐 Config 141/150 [explore]: inp=12.0234 dt=0.064 γ=6.1277±3.52 ε=0.0398±1.266 ρ=0.52 θlif=0.2579 θrf=0.0039 τ=11.0 C=0.01
   ✅ Test: 41.28%  Train: 70.56%  Gap: 29.3%

🌐 Config 142/150 [explore]: inp=2.1726 dt=0.018 γ=4.8780±3.73 ε=0.0011±0.579 ρ=0.79 θlif=0.0485 θrf=0.0250 τ=1.2 C=1.0
   ✅ Test: 32.82%  Train: 100.00%  Gap: 67.2%

🎯 Config 143/150 [exploit]: inp=15.4997 dt=0.279 γ=3.3894±1.46 ε=0.0075±0.747 ρ=0.92 θlif=0.0222 θrf=0.0019 τ=22.3 C=0.1
   ✅ Test: 51.79%  Train: 100.00%  Gap: 48.2%

🎯 Config 144/150 [exploit]: inp=9.3980 dt=0.020 γ=3.0895±2.94 ε=0.0814±0.319 ρ=1.09 θlif=0.1043 θrf=0.0328 τ=14.2 C=1.0
   ✅ Test: 39.49%  Train: 100.00%  Gap: 60.5%

🎯 Config 145/150 [exploit]: inp=4.3779 dt=0.030 γ=5.6052±4.05 ε=0.0460±0.710 ρ=0.88 θlif=0.0382 θrf=0.0463 τ=5.7 C=1.0
   ✅ Test: 44.10%  Train: 100.00%  Gap: 55.9%

🎯 Config 146/150 [exploit]: inp=3.7723 dt=0.207 γ=2.1704±3.79 ε=0.0064±0.696 ρ=0.76 θlif=0.1516 θrf=0.0130 τ=19.6 C=1.0
   ✅ Test: 53.85%  Train: 100.00%  Gap: 46.2%

🌐 Config 147/150 [explore]: inp=2.9686 dt=0.263 γ=0.5914±5.21 ε=0.0158±0.445 ρ=0.44 θlif=0.0104 θrf=0.0016 τ=27.8 C=0.1
   ✅ Test: 48.46%  Train: 100.00%  Gap: 51.5%

🎯 Config 148/150 [exploit]: inp=25.5791 dt=0.292 γ=4.5454±1.04 ε=0.0409±0.708 ρ=0.93 θlif=0.0776 θrf=0.0037 τ=5.8 C=1.0
   ✅ Test: 51.79%  Train: 100.00%  Gap: 48.2%

🎯 Config 149/150 [exploit]: inp=13.2341 dt=0.103 γ=5.8438±1.49 ε=0.0203±0.192 ρ=0.72 θlif=0.1177 θrf=0.0120 τ=43.7 C=0.01
   ✅ Test: 42.31%  Train: 73.33%  Gap: 31.0%

🌐 Config 150/150 [explore]: inp=11.8726 dt=0.105 γ=0.3162±1.73 ε=0.3425±0.249 ρ=0.78 θlif=0.0257 θrf=0.0484 τ=5.6 C=0.01
   ✅ Test: 37.95%  Train: 65.00%  Gap: 27.1%

   💾 Saved top-20 intermediate results (best so far: 54.10% [exploit])

======================================================================
✅ Completed: 149/150 configs successful
❌ Failed:    1/150 configs
🎯 Exploit best: 54.10%  (mean: 44.73%)
🌐 Explore best: 50.77%  (mean: 34.44%)
======================================================================

🏆 TOP 10 CONFIGURATIONS:
Rank  Test%      Train%     Gap     Type      inp_scl   C       dt      gamma    eps      rho    τ      θlif     θrf    
------------------------------------------------------------------------------------------------------------------------
1     54.10%     99.72%     45.6%   exploit   13.0135  0.1    0.221  1.3770  0.0198  0.81  13.5  0.0229  0.0152 
2     53.85%     100.00%     46.2%   exploit   3.7723   1.0    0.207  2.1704  0.0064  0.76  19.6  0.1516  0.0130 
3     53.08%     100.00%     46.9%   exploit   6.5696   1.0    0.272  2.6625  0.0211  0.69  14.7  0.1436  0.0023 
4     51.79%     96.94%     45.1%   exploit   24.8669  0.1    0.114  2.1964  0.0052  0.84  31.0  0.0827  0.0046 
5     51.79%     99.44%     47.6%   exploit   19.3515  0.1    0.240  1.3751  0.0242  0.80  34.4  0.0125  0.0123 
6     51.79%     98.33%     46.5%   exploit   25.8216  0.1    0.126  1.9758  0.0165  1.07  26.1  0.1043  0.0038 
7     51.79%     100.00%     48.2%   exploit   11.8192  10.0   0.249  2.8606  0.0388  0.77  6.8   0.0487  0.0011 
8     51.79%     100.00%     48.2%   exploit   15.4997  0.1    0.279  3.3894  0.0075  0.92  22.3  0.0222  0.0019 
9     51.79%     100.00%     48.2%   exploit   25.5791  1.0    0.292  4.5454  0.0409  0.93  5.8   0.0776  0.0037 
10    51.54%     96.67%     45.1%   exploit   8.5102   0.1    0.101  1.3393  0.0287  0.73  32.1  0.0270  0.0039 

📊 PARAMETER TRENDS (top 10 vs all):
      inp_scaling: top10=15.4804±7.7238  all=10.9920±7.4815
               dt: top10=0.2101±0.0678  all=0.1067±0.0888
            gamma: top10=2.3892±0.9673  all=3.1095±2.0425
          epsilon: top10=0.0209±0.0120  all=0.0379±0.0592
              rho: top10=0.8337±0.1062  all=0.8579±0.1756
       tau_filter: top10=20.6306±9.7962  all=19.1856±15.9235
        theta_lif: top10=0.0693±0.0486  all=0.0888±0.1185
         theta_rf: top10=0.0062±0.0050  all=0.0145±0.0161

📊 REGULARIZATION (C) BREAKDOWN:
  C=0.001  : n=7, test=27.47±4.01%, gap=16.4%
  C=0.01   : n=26, test=37.58±4.84%, gap=32.3%
  C=0.1    : n=59, test=44.38±7.84%, gap=52.1%
  C=1.0    : n=45, test=45.42±6.18%, gap=54.6%
  C=10.0   : n=12, test=44.51±8.70%, gap=55.5%
